[     127ms] [LOG] [Fast Refresh] rebuilding @ http://localhost:3000/_next/static/chunks/0nb~_next_dist_0sj1oe1._.js:2431
[     313ms] [LOG] [Fast Refresh] done in 286ms @ http://localhost:3000/_next/static/chunks/0nb~_next_dist_0sj1oe1._.js:2431
[     377ms] [INFO] %cDownload the React DevTools for a better development experience: https://react.dev/link/react-devtools font-weight:bold @ http://localhost:3000/_next/static/chunks/0nb~_next_dist_0sj1oe1._.js:2431
[     408ms] [LOG] [HMR] connected @ http://localhost:3000/_next/static/chunks/0nb~_next_dist_0sj1oe1._.js:2431
[  151360ms] [LOG] [Fast Refresh] rebuilding @ http://localhost:3000/_next/static/chunks/0nb~_next_dist_0sj1oe1._.js:2431
[  151898ms] [LOG] [Fast Refresh] done in 532ms @ http://localhost:3000/_next/static/chunks/0nb~_next_dist_0sj1oe1._.js:2431
[ 2500046ms] [LOG] [Fast Refresh] rebuilding @ http://localhost:3000/_next/static/chunks/0nb~_next_dist_0sj1oe1._.js:2431
[ 2500118ms] [LOG] [Fast Refresh] done in 176ms @ http://localhost:3000/_next/static/chunks/0nb~_next_dist_0sj1oe1._.js:2431
[ 2658367ms] [LOG] [Fast Refresh] rebuilding @ http://localhost:3000/_next/static/chunks/0nb~_next_dist_0sj1oe1._.js:2431
[ 2658370ms] [LOG] [Fast Refresh] done in 104ms @ http://localhost:3000/_next/static/chunks/0nb~_next_dist_0sj1oe1._.js:2431
[ 2751635ms] [LOG] [Fast Refresh] rebuilding @ http://localhost:3000/_next/static/chunks/0nb~_next_dist_0sj1oe1._.js:2431
[ 2752846ms] [LOG] [Fast Refresh] done in 1252ms @ http://localhost:3000/_next/static/chunks/0nb~_next_dist_0sj1oe1._.js:2431
[ 2752954ms] [LOG] [Fast Refresh] rebuilding @ http://localhost:3000/_next/static/chunks/0nb~_next_dist_0sj1oe1._.js:2431
[ 2753399ms] [LOG] [Fast Refresh] done in 546ms @ http://localhost:3000/_next/static/chunks/0nb~_next_dist_0sj1oe1._.js:2431
[ 2753973ms] [LOG] [Fast Refresh] rebuilding @ http://localhost:3000/_next/static/chunks/0nb~_next_dist_0sj1oe1._.js:2431
[ 2754511ms] [LOG] [Fast Refresh] done in 638ms @ http://localhost:3000/_next/static/chunks/0nb~_next_dist_0sj1oe1._.js:2431
[ 2791600ms] [LOG] [Fast Refresh] rebuilding @ http://localhost:3000/_next/static/chunks/0nb~_next_dist_0sj1oe1._.js:2431
[ 2792052ms] [LOG] [Fast Refresh] done in 553ms @ http://localhost:3000/_next/static/chunks/0nb~_next_dist_0sj1oe1._.js:2431
[ 2804115ms] [LOG] [Fast Refresh] rebuilding @ http://localhost:3000/_next/static/chunks/0nb~_next_dist_0sj1oe1._.js:2431
[ 2804188ms] [LOG] [Fast Refresh] done in 163ms @ http://localhost:3000/_next/static/chunks/0nb~_next_dist_0sj1oe1._.js:2431
[ 2966799ms] [LOG] [Fast Refresh] rebuilding @ http://localhost:3000/_next/static/chunks/0nb~_next_dist_0sj1oe1._.js:2431
[ 2966826ms] [LOG] [Fast Refresh] done in 127ms @ http://localhost:3000/_next/static/chunks/0nb~_next_dist_0sj1oe1._.js:2431
[ 3074432ms] [LOG] [Fast Refresh] rebuilding @ http://localhost:3000/_next/static/chunks/0nb~_next_dist_0sj1oe1._.js:2431
[ 3074950ms] [ERROR] ./DEV/lexi-fe/features/flashcards/components/deck-overview.tsx:125:15
Expected '</', got ':'
  123 |           >
  124 |             {newCard ? (
> 125 |             ) : (
      |               ^
  126 |               <CheckCircle2 className="size-3" aria-hidden />
  127 |             )}
  128 |             {newCard ? "Chưa học" : "Đã học"}

Parsing ecmascript source code failed

Import trace:
  Server Component:
    ./DEV/lexi-fe/features/flashcards/components/deck-overview.tsx
    ./DEV/lexi-fe/app/(app)/flashcards/page.tsx @ http://localhost:3000/_next/static/chunks/0nb~_next_dist_0sj1oe1._.js:3272
[ 3091982ms] [LOG] [Fast Refresh] rebuilding @ http://localhost:3000/_next/static/chunks/0nb~_next_dist_0sj1oe1._.js:2431
[ 3092523ms] [ERROR] ./DEV/lexi-fe/features/flashcards/components/deck-overview.tsx:125:15
Expected '</', got ':'
  123 |           >
  124 |             {newCard ? (
> 125 |             ) : (
      |               ^
  126 |               <CheckCircle2 className="size-3" aria-hidden />
  127 |             )}
  128 |             {newCard ? "Chưa học" : "Đã học"}

Parsing ecmascript source code failed

Import trace:
  Server Component:
    ./DEV/lexi-fe/features/flashcards/components/deck-overview.tsx
    ./DEV/lexi-fe/app/(app)/flashcards/page.tsx @ http://localhost:3000/_next/static/chunks/0nb~_next_dist_0sj1oe1._.js:3272
[ 3092771ms] [LOG] [Fast Refresh] rebuilding @ http://localhost:3000/_next/static/chunks/0nb~_next_dist_0sj1oe1._.js:2431
[ 3092782ms] [ERROR] ./DEV/lexi-fe/features/flashcards/components/deck-overview.tsx:125:15
Expected '</', got ':'
  123 |           >
  124 |             {newCard ? (
> 125 |             ) : (
      |               ^
  126 |               <CheckCircle2 className="size-3" aria-hidden />
  127 |             )}
  128 |             {newCard ? "Chưa học" : "Đã học"}

Parsing ecmascript source code failed

Import trace:
  Server Component:
    ./DEV/lexi-fe/features/flashcards/components/deck-overview.tsx
    ./DEV/lexi-fe/app/(app)/flashcards/page.tsx @ http://localhost:3000/_next/static/chunks/0nb~_next_dist_0sj1oe1._.js:3272
[ 3174602ms] [LOG] [Fast Refresh] rebuilding @ http://localhost:3000/_next/static/chunks/0nb~_next_dist_0sj1oe1._.js:2431
[ 3175000ms] [ERROR] ./DEV/lexi-fe/app/(app)/flashcards/page.tsx:2:1
Module not found: Can't resolve '@/features/flashcards/components/deck-overview'
  1 | ...t { fetchPracticeQueue } from "@/features/flashcards/actions/practice-actions";
> 2 | ...t { FlashcardDeckOverview } from "@/features/flashcards/components/deck-overv...
    |    ^^^^^^^^^^^^^^^^^^^^^^^^^^^^^^^^^^^^^^^^^^^^^^^^^^^^^^^^^^^^^^^^^^^^^^^^^^^^^^^^
  3 | ...t { PageHeader } from "@/components/shared/page-header";
  4 | ...t { BookOpen } from "lucide-react";
  5 | ...t { Metadata } from "next";

Import map: aliased to relative './features/flashcards/components/deck-overview' inside of [project]/DEV/lexi-fe

https://nextjs.org/docs/messages/module-not-found @ http://localhost:3000/_next/static/chunks/0nb~_next_dist_0sj1oe1._.js:3272
[ 3175035ms] [ERROR] Failed to load resource: the server responded with a status of 500 (Internal Server Error) @ http://localhost:3000/login?callbackUrl=%2Fflashcards&_rsc=iy8bi:0
[ 3175059ms] [ERROR] ./DEV/lexi-fe/app/(app)/flashcards/page.tsx:2:1
Module not found: Can't resolve '@/features/flashcards/components/deck-overview'
  1 | ...t { fetchPracticeQueue } from "@/features/flashcards/actions/practice-actions";
> 2 | ...t { FlashcardDeckOverview } from "@/features/flashcards/components/deck-overv...
    |    ^^^^^^^^^^^^^^^^^^^^^^^^^^^^^^^^^^^^^^^^^^^^^^^^^^^^^^^^^^^^^^^^^^^^^^^^^^^^^^^^
  3 | ...t { PageHeader } from "@/components/shared/page-header";
  4 | ...t { BookOpen } from "lucide-react";
  5 | ...t { Metadata } from "next";

Import map: aliased to relative './features/flashcards/components/deck-overview' inside of [project]/DEV/lexi-fe

https://nextjs.org/docs/messages/module-not-found @ http://localhost:3000/_next/static/chunks/0nb~_next_dist_0sj1oe1._.js:3272
[ 3175067ms] [ERROR] Failed to load resource: the server responded with a status of 500 (Internal Server Error) @ http://localhost:3000/login?callbackUrl=%2Fflashcards&_rsc=iy8bi:0
[ 3175104ms] [ERROR] Failed to load resource: the server responded with a status of 500 (Internal Server Error) @ http://localhost:3000/login?callbackUrl=%2Fflashcards&_rsc=iy8bi:0
[ 3175115ms] [ERROR] Failed to load resource: the server responded with a status of 500 (Internal Server Error) @ http://localhost:3000/login?callbackUrl=%2Fflashcards:0
[ 3175224ms] [INFO] %cDownload the React DevTools for a better development experience: https://react.dev/link/react-devtools font-weight:bold @ http://localhost:3000/_next/static/chunks/0o3r_react-dom_04ys_sz._.js:15305
[ 3175409ms] Error: ./DEV/lexi-fe/app/(app)/flashcards/page.tsx:2:1
Module not found: Can't resolve '@/features/flashcards/components/deck-overview'
  1 | ...t { fetchPracticeQueue } from "@/features/flashcards/actions/practice-actions";
> 2 | ...t { FlashcardDeckOverview } from "@/features/flashcards/components/deck-overv...
    |    ^^^^^^^^^^^^^^^^^^^^^^^^^^^^^^^^^^^^^^^^^^^^^^^^^^^^^^^^^^^^^^^^^^^^^^^^^^^^^^^^
  3 | ...t { PageHeader } from "@/components/shared/page-header";
  4 | ...t { BookOpen } from "lucide-react";
  5 | ...t { Metadata } from "next";

Import map: aliased to relative './features/flashcards/components/deck-overview' inside of [project]/DEV/lexi-fe


https://nextjs.org/docs/messages/module-not-found


    at <unknown> (Error: ./DEV/lexi-fe/app/(app)/flashcards/page.tsx:2:1)
    at <unknown> (https://nextjs.org/docs/messages/module-not-found)
    at Object.getCompilationErrors (file:///home/ngoctin/DEV/lexi-fe/node_modules/.pnpm/next@16.2.0_@babel+core@7.29.0_react-dom@19.2.4_react@19.2.4__react@19.2.4/node_modules/next/dist/server/dev/hot-reloader-turbopack.js:1189:59)
    at DevBundlerService.getCompilationError (file:///home/ngoctin/DEV/lexi-fe/node_modules/.pnpm/next@16.2.0_@babel+core@7.29.0_react-dom@19.2.4_react@19.2.4__react@19.2.4/node_modules/next/dist/server/lib/dev-bundler-service.js:44:55)
    at DevServer.getCompilationError (file:///home/ngoctin/DEV/lexi-fe/node_modules/.pnpm/next@16.2.0_@babel+core@7.29.0_react-dom@19.2.4_react@19.2.4__react@19.2.4/node_modules/next/dist/server/dev/next-dev-server.js:719:42)
    at DevServer.findPageComponents (file:///home/ngoctin/DEV/lexi-fe/node_modules/.pnpm/next@16.2.0_@babel+core@7.29.0_react-dom@19.2.4_react@19.2.4__react@19.2.4/node_modules/next/dist/server/dev/next-dev-server.js:689:43)
    at async DevServer.renderErrorToResponseImpl (file:///home/ngoctin/DEV/lexi-fe/node_modules/.pnpm/next@16.2.0_@babel+core@7.29.0_react-dom@19.2.4_react@19.2.4__react@19.2.4/node_modules/next/dist/server/base-server.js:1745:26)
[ 3175355ms] [LOG] [HMR] connected @ http://localhost:3000/_next/static/chunks/0nb~_next_dist_0jlynat._.js:1226
[ 3175368ms] [ERROR] ./DEV/lexi-fe/app/(app)/flashcards/page.tsx:2:1
Module not found: Can't resolve '@/features/flashcards/components/deck-overview'
  1 | ...t { fetchPracticeQueue } from "@/features/flashcards/actions/practice-actions";
> 2 | ...t { FlashcardDeckOverview } from "@/features/flashcards/components/deck-overv...
    |    ^^^^^^^^^^^^^^^^^^^^^^^^^^^^^^^^^^^^^^^^^^^^^^^^^^^^^^^^^^^^^^^^^^^^^^^^^^^^^^^^
  3 | ...t { PageHeader } from "@/components/shared/page-header";
  4 | ...t { BookOpen } from "lucide-react";
  5 | ...t { Metadata } from "next";

Import map: aliased to relative './features/flashcards/components/deck-overview' inside of [project]/DEV/lexi-fe

https://nextjs.org/docs/messages/module-not-found @ http://localhost:3000/_next/static/chunks/0nb~_next_dist_0jlynat._.js:1945
[ 3175448ms] [ERROR] ./DEV/lexi-fe/app/(app)/flashcards/page.tsx:2:1
Module not found: Can't resolve '@/features/flashcards/components/deck-overview'
  1 | ...t { fetchPracticeQueue } from "@/features/flashcards/actions/practice-actions";
> 2 | ...t { FlashcardDeckOverview } from "@/features/flashcards/components/deck-overv...
    |    ^^^^^^^^^^^^^^^^^^^^^^^^^^^^^^^^^^^^^^^^^^^^^^^^^^^^^^^^^^^^^^^^^^^^^^^^^^^^^^^^
  3 | ...t { PageHeader } from "@/components/shared/page-header";
  4 | ...t { BookOpen } from "lucide-react";
  5 | ...t { Metadata } from "next";

Import map: aliased to relative './features/flashcards/components/deck-overview' inside of [project]/DEV/lexi-fe

https://nextjs.org/docs/messages/module-not-found @ http://localhost:3000/_next/static/chunks/0nb~_next_dist_0jlynat._.js:1945
[ 3175513ms] [ERROR] ./DEV/lexi-fe/app/(app)/flashcards/page.tsx:2:1
Module not found: Can't resolve '@/features/flashcards/components/deck-overview'
  1 | ...t { fetchPracticeQueue } from "@/features/flashcards/actions/practice-actions";
> 2 | ...t { FlashcardDeckOverview } from "@/features/flashcards/components/deck-overv...
    |    ^^^^^^^^^^^^^^^^^^^^^^^^^^^^^^^^^^^^^^^^^^^^^^^^^^^^^^^^^^^^^^^^^^^^^^^^^^^^^^^^
  3 | ...t { PageHeader } from "@/components/shared/page-header";
  4 | ...t { BookOpen } from "lucide-react";
  5 | ...t { Metadata } from "next";

Import map: aliased to relative './features/flashcards/components/deck-overview' inside of [project]/DEV/lexi-fe

https://nextjs.org/docs/messages/module-not-found @ http://localhost:3000/_next/static/chunks/0nb~_next_dist_0jlynat._.js:1945
[ 3175582ms] [LOG] [Fast Refresh] rebuilding @ http://localhost:3000/_next/static/chunks/0nb~_next_dist_0jlynat._.js:1226
[ 3207931ms] [LOG] [Fast Refresh] rebuilding @ http://localhost:3000/_next/static/chunks/0nb~_next_dist_0jlynat._.js:1226
[ 3208348ms] [LOG] [Fast Refresh] done in 331ms @ http://localhost:3000/_next/static/chunks/0nb~_next_dist_0jlynat._.js:1226
[ 3208979ms] [LOG] [Fast Refresh] rebuilding @ http://localhost:3000/_next/static/chunks/0nb~_next_dist_0jlynat._.js:1226
[ 3209026ms] [LOG] [Fast Refresh] done in 147ms @ http://localhost:3000/_next/static/chunks/0nb~_next_dist_0jlynat._.js:1226
[ 3209228ms] [INFO] %cDownload the React DevTools for a better development experience: https://react.dev/link/react-devtools font-weight:bold @ http://localhost:3000/_next/static/chunks/0nb~_next_dist_0sj1oe1._.js:2431
[ 3209264ms] [LOG] [HMR] connected @ http://localhost:3000/_next/static/chunks/0nb~_next_dist_0sj1oe1._.js:2431
[ 3209396ms] [LOG] [Fast Refresh] rebuilding @ http://localhost:3000/_next/static/chunks/0nb~_next_dist_0sj1oe1._.js:2431
[ 3209427ms] [LOG] [Fast Refresh] done in 145ms @ http://localhost:3000/_next/static/chunks/0nb~_next_dist_0sj1oe1._.js:2431
[ 3407040ms] [LOG] [Fast Refresh] rebuilding @ http://localhost:3000/_next/static/chunks/0nb~_next_dist_0sj1oe1._.js:2431
[ 3407600ms] [LOG] [Fast Refresh] done in 483ms @ http://localhost:3000/_next/static/chunks/0nb~_next_dist_0sj1oe1._.js:2431
[ 3408150ms] [LOG] [Fast Refresh] rebuilding @ http://localhost:3000/_next/static/chunks/0nb~_next_dist_0sj1oe1._.js:2431
[ 3408171ms] [LOG] [Fast Refresh] done in 121ms @ http://localhost:3000/_next/static/chunks/0nb~_next_dist_0sj1oe1._.js:2431
[ 3643946ms] [LOG] [Fast Refresh] rebuilding @ http://localhost:3000/_next/static/chunks/0nb~_next_dist_0sj1oe1._.js:2431
[ 3644243ms] [LOG] [Fast Refresh] done in 365ms @ http://localhost:3000/_next/static/chunks/0nb~_next_dist_0sj1oe1._.js:2431
[ 3902805ms] [LOG] [Fast Refresh] rebuilding @ http://localhost:3000/_next/static/chunks/0nb~_next_dist_0sj1oe1._.js:2431
[ 3902856ms] [LOG] [Fast Refresh] done in 128ms @ http://localhost:3000/_next/static/chunks/0nb~_next_dist_0sj1oe1._.js:2431
[ 3922063ms] [LOG] [Fast Refresh] rebuilding @ http://localhost:3000/_next/static/chunks/0nb~_next_dist_0sj1oe1._.js:2431
[ 3922488ms] [LOG] [Fast Refresh] done in 265ms @ http://localhost:3000/_next/static/chunks/0nb~_next_dist_0sj1oe1._.js:2431
[ 3922833ms] [LOG] [Fast Refresh] rebuilding @ http://localhost:3000/_next/static/chunks/0nb~_next_dist_0sj1oe1._.js:2431
[ 3922935ms] [LOG] [Fast Refresh] done in 203ms @ http://localhost:3000/_next/static/chunks/0nb~_next_dist_0sj1oe1._.js:2431
[ 4214362ms] [LOG] [Fast Refresh] rebuilding @ http://localhost:3000/_next/static/chunks/0nb~_next_dist_0sj1oe1._.js:2431
[ 4214443ms] [LOG] [Fast Refresh] done in 169ms @ http://localhost:3000/_next/static/chunks/0nb~_next_dist_0sj1oe1._.js:2431
[ 4297760ms] [LOG] [Fast Refresh] rebuilding @ http://localhost:3000/_next/static/chunks/0nb~_next_dist_0sj1oe1._.js:2431
[ 4298391ms] [ERROR] ./DEV/lexi-fe/features/flashcards/components/deck-overview.tsx:7:7
Unexpected token `<`. Expected identifier or string
   5 |   ArrowRight,
   6 |   CheckCircle2,
>  7 |       <CardHeader className="pb-3">
     |       ^
   8 |         <CardTitle className="truncate text-2xl font-bold tracking-tight text-p...
   9 |           Tiến độ học
  10 |         </CardTitle>

Parsing ecmascript source code failed

Import trace:
  Server Component:
    ./DEV/lexi-fe/features/flashcards/components/deck-overview.tsx
    ./DEV/lexi-fe/app/(app)/flashcards/page.tsx @ http://localhost:3000/_next/static/chunks/0nb~_next_dist_0sj1oe1._.js:3272
[ 4334736ms] [LOG] [Fast Refresh] rebuilding @ http://localhost:3000/_next/static/chunks/0nb~_next_dist_0sj1oe1._.js:2431
[ 4334930ms] [ERROR] ./DEV/lexi-fe/app/(app)/flashcards/page.tsx:2:1
Module not found: Can't resolve '@/features/flashcards/components/deck-overview'
  1 | ...t { fetchPracticeQueue } from "@/features/flashcards/actions/practice-actions";
> 2 | ...t { FlashcardDeckOverview } from "@/features/flashcards/components/deck-overv...
    |    ^^^^^^^^^^^^^^^^^^^^^^^^^^^^^^^^^^^^^^^^^^^^^^^^^^^^^^^^^^^^^^^^^^^^^^^^^^^^^^^^
  3 | ...t { PageHeader } from "@/components/shared/page-header";
  4 | ...t { BookOpen } from "lucide-react";
  5 | ...t { Metadata } from "next";

Import map: aliased to relative './features/flashcards/components/deck-overview' inside of [project]/DEV/lexi-fe

https://nextjs.org/docs/messages/module-not-found @ http://localhost:3000/_next/static/chunks/0nb~_next_dist_0sj1oe1._.js:3272
[ 4334985ms] [ERROR] Failed to load resource: the server responded with a status of 500 (Internal Server Error) @ http://localhost:3000/login?callbackUrl=%2Fflashcards&_rsc=iy8bi:0
[ 4335017ms] [ERROR] Failed to load resource: the server responded with a status of 500 (Internal Server Error) @ http://localhost:3000/login?callbackUrl=%2Fflashcards&_rsc=iy8bi:0
[ 4335057ms] [ERROR] Failed to load resource: the server responded with a status of 500 (Internal Server Error) @ http://localhost:3000/login?callbackUrl=%2Fflashcards&_rsc=iy8bi:0
[ 4335067ms] [ERROR] Failed to load resource: the server responded with a status of 500 (Internal Server Error) @ http://localhost:3000/login?callbackUrl=%2Fflashcards:0
[ 4335160ms] [INFO] %cDownload the React DevTools for a better development experience: https://react.dev/link/react-devtools font-weight:bold @ http://localhost:3000/_next/static/chunks/0o3r_react-dom_04ys_sz._.js:15305
[ 4335272ms] Error: ./DEV/lexi-fe/app/(app)/flashcards/page.tsx:2:1
Module not found: Can't resolve '@/features/flashcards/components/deck-overview'
  1 | ...t { fetchPracticeQueue } from "@/features/flashcards/actions/practice-actions";
> 2 | ...t { FlashcardDeckOverview } from "@/features/flashcards/components/deck-overv...
    |    ^^^^^^^^^^^^^^^^^^^^^^^^^^^^^^^^^^^^^^^^^^^^^^^^^^^^^^^^^^^^^^^^^^^^^^^^^^^^^^^^
  3 | ...t { PageHeader } from "@/components/shared/page-header";
  4 | ...t { BookOpen } from "lucide-react";
  5 | ...t { Metadata } from "next";

Import map: aliased to relative './features/flashcards/components/deck-overview' inside of [project]/DEV/lexi-fe


https://nextjs.org/docs/messages/module-not-found


    at <unknown> (Error: ./DEV/lexi-fe/app/(app)/flashcards/page.tsx:2:1)
    at <unknown> (https://nextjs.org/docs/messages/module-not-found)
    at Object.getCompilationErrors (file:///home/ngoctin/DEV/lexi-fe/node_modules/.pnpm/next@16.2.0_@babel+core@7.29.0_react-dom@19.2.4_react@19.2.4__react@19.2.4/node_modules/next/dist/server/dev/hot-reloader-turbopack.js:1189:59)
    at DevBundlerService.getCompilationError (file:///home/ngoctin/DEV/lexi-fe/node_modules/.pnpm/next@16.2.0_@babel+core@7.29.0_react-dom@19.2.4_react@19.2.4__react@19.2.4/node_modules/next/dist/server/lib/dev-bundler-service.js:44:55)
    at DevServer.getCompilationError (file:///home/ngoctin/DEV/lexi-fe/node_modules/.pnpm/next@16.2.0_@babel+core@7.29.0_react-dom@19.2.4_react@19.2.4__react@19.2.4/node_modules/next/dist/server/dev/next-dev-server.js:719:42)
    at DevServer.findPageComponents (file:///home/ngoctin/DEV/lexi-fe/node_modules/.pnpm/next@16.2.0_@babel+core@7.29.0_react-dom@19.2.4_react@19.2.4__react@19.2.4/node_modules/next/dist/server/dev/next-dev-server.js:689:43)
    at async DevServer.renderErrorToResponseImpl (file:///home/ngoctin/DEV/lexi-fe/node_modules/.pnpm/next@16.2.0_@babel+core@7.29.0_react-dom@19.2.4_react@19.2.4__react@19.2.4/node_modules/next/dist/server/base-server.js:1745:26)
[ 4335260ms] [LOG] [HMR] connected @ http://localhost:3000/_next/static/chunks/0nb~_next_dist_0jlynat._.js:1226
[ 4335264ms] [ERROR] ./DEV/lexi-fe/app/(app)/flashcards/page.tsx:2:1
Module not found: Can't resolve '@/features/flashcards/components/deck-overview'
  1 | ...t { fetchPracticeQueue } from "@/features/flashcards/actions/practice-actions";
> 2 | ...t { FlashcardDeckOverview } from "@/features/flashcards/components/deck-overv...
    |    ^^^^^^^^^^^^^^^^^^^^^^^^^^^^^^^^^^^^^^^^^^^^^^^^^^^^^^^^^^^^^^^^^^^^^^^^^^^^^^^^
  3 | ...t { PageHeader } from "@/components/shared/page-header";
  4 | ...t { BookOpen } from "lucide-react";
  5 | ...t { Metadata } from "next";

Import map: aliased to relative './features/flashcards/components/deck-overview' inside of [project]/DEV/lexi-fe

https://nextjs.org/docs/messages/module-not-found @ http://localhost:3000/_next/static/chunks/0nb~_next_dist_0jlynat._.js:1945
[ 4335325ms] [ERROR] ./DEV/lexi-fe/app/(app)/flashcards/page.tsx:2:1
Module not found: Can't resolve '@/features/flashcards/components/deck-overview'
  1 | ...t { fetchPracticeQueue } from "@/features/flashcards/actions/practice-actions";
> 2 | ...t { FlashcardDeckOverview } from "@/features/flashcards/components/deck-overv...
    |    ^^^^^^^^^^^^^^^^^^^^^^^^^^^^^^^^^^^^^^^^^^^^^^^^^^^^^^^^^^^^^^^^^^^^^^^^^^^^^^^^
  3 | ...t { PageHeader } from "@/components/shared/page-header";
  4 | ...t { BookOpen } from "lucide-react";
  5 | ...t { Metadata } from "next";

Import map: aliased to relative './features/flashcards/components/deck-overview' inside of [project]/DEV/lexi-fe

https://nextjs.org/docs/messages/module-not-found @ http://localhost:3000/_next/static/chunks/0nb~_next_dist_0jlynat._.js:1945
[ 4335372ms] [LOG] [Fast Refresh] rebuilding @ http://localhost:3000/_next/static/chunks/0nb~_next_dist_0jlynat._.js:1226
[ 4335605ms] [LOG] [Fast Refresh] rebuilding @ http://localhost:3000/_next/static/chunks/0nb~_next_dist_0jlynat._.js:1226
[ 4335624ms] [ERROR] ./DEV/lexi-fe/app/(app)/flashcards/page.tsx:2:1
Module not found: Can't resolve '@/features/flashcards/components/deck-overview'
  1 | ...t { fetchPracticeQueue } from "@/features/flashcards/actions/practice-actions";
> 2 | ...t { FlashcardDeckOverview } from "@/features/flashcards/components/deck-overv...
    |    ^^^^^^^^^^^^^^^^^^^^^^^^^^^^^^^^^^^^^^^^^^^^^^^^^^^^^^^^^^^^^^^^^^^^^^^^^^^^^^^^
  3 | ...t { PageHeader } from "@/components/shared/page-header";
  4 | ...t { BookOpen } from "lucide-react";
  5 | ...t { Metadata } from "next";

Import map: aliased to relative './features/flashcards/components/deck-overview' inside of [project]/DEV/lexi-fe

https://nextjs.org/docs/messages/module-not-found @ http://localhost:3000/_next/static/chunks/0nb~_next_dist_0jlynat._.js:1945
[ 4335878ms] [ERROR] ./DEV/lexi-fe/app/(app)/flashcards/page.tsx:2:1
Module not found: Can't resolve '@/features/flashcards/components/deck-overview'
  1 | ...t { fetchPracticeQueue } from "@/features/flashcards/actions/practice-actions";
> 2 | ...t { FlashcardDeckOverview } from "@/features/flashcards/components/deck-overv...
    |    ^^^^^^^^^^^^^^^^^^^^^^^^^^^^^^^^^^^^^^^^^^^^^^^^^^^^^^^^^^^^^^^^^^^^^^^^^^^^^^^^
  3 | ...t { PageHeader } from "@/components/shared/page-header";
  4 | ...t { BookOpen } from "lucide-react";
  5 | ...t { Metadata } from "next";

Import map: aliased to relative './features/flashcards/components/deck-overview' inside of [project]/DEV/lexi-fe

https://nextjs.org/docs/messages/module-not-found @ http://localhost:3000/_next/static/chunks/0nb~_next_dist_0jlynat._.js:1945
[ 4335930ms] [LOG] [Fast Refresh] rebuilding @ http://localhost:3000/_next/static/chunks/0nb~_next_dist_0jlynat._.js:1226
[ 4359485ms] [LOG] [Fast Refresh] rebuilding @ http://localhost:3000/_next/static/chunks/0nb~_next_dist_0jlynat._.js:1226
[ 4360245ms] [LOG] [Fast Refresh] done in 588ms @ http://localhost:3000/_next/static/chunks/0nb~_next_dist_0jlynat._.js:1226
[ 4361362ms] [INFO] %cDownload the React DevTools for a better development experience: https://react.dev/link/react-devtools font-weight:bold @ http://localhost:3000/_next/static/chunks/0nb~_next_dist_0sj1oe1._.js:2431
[ 4361399ms] [LOG] [HMR] connected @ http://localhost:3000/_next/static/chunks/0nb~_next_dist_0sj1oe1._.js:2431
[ 4539080ms] [LOG] [Fast Refresh] rebuilding @ http://localhost:3000/_next/static/chunks/0nb~_next_dist_0sj1oe1._.js:2431
[ 4539897ms] [LOG] [Fast Refresh] done in 889ms @ http://localhost:3000/_next/static/chunks/0nb~_next_dist_0sj1oe1._.js:2431
[ 4864006ms] [LOG] [Fast Refresh] rebuilding @ http://localhost:3000/_next/static/chunks/0nb~_next_dist_0sj1oe1._.js:2431
[ 4864248ms] [LOG] [Fast Refresh] done in 342ms @ http://localhost:3000/_next/static/chunks/0nb~_next_dist_0sj1oe1._.js:2431
[ 4864349ms] [LOG] [Fast Refresh] rebuilding @ http://localhost:3000/_next/static/chunks/0nb~_next_dist_0sj1oe1._.js:2431
[ 4864399ms] [LOG] [Fast Refresh] done in 150ms @ http://localhost:3000/_next/static/chunks/0nb~_next_dist_0sj1oe1._.js:2431
[ 5168078ms] [LOG] [Fast Refresh] rebuilding @ http://localhost:3000/_next/static/chunks/0nb~_next_dist_0sj1oe1._.js:2431
[ 5170451ms] [LOG] [Fast Refresh] done in 2316ms @ http://localhost:3000/_next/static/chunks/0nb~_next_dist_0sj1oe1._.js:2431
[ 5170572ms] [LOG] [Fast Refresh] rebuilding @ http://localhost:3000/_next/static/chunks/0nb~_next_dist_0sj1oe1._.js:2431
[ 5171211ms] [LOG] [Fast Refresh] done in 739ms @ http://localhost:3000/_next/static/chunks/0nb~_next_dist_0sj1oe1._.js:2431
[ 5172627ms] [LOG] [Fast Refresh] rebuilding @ http://localhost:3000/_next/static/chunks/0nb~_next_dist_0sj1oe1._.js:2431
[ 5172847ms] [LOG] [Fast Refresh] done in 320ms @ http://localhost:3000/_next/static/chunks/0nb~_next_dist_0sj1oe1._.js:2431
