[     488ms] [INFO] %cDownload the React DevTools for a better development experience: https://react.dev/link/react-devtools font-weight:bold @ http://localhost:3000/_next/static/chunks/0nb~_next_dist_0sj1oe1._.js:2431
[     540ms] [LOG] [HMR] connected @ http://localhost:3000/_next/static/chunks/0nb~_next_dist_0sj1oe1._.js:2431
[  243009ms] [LOG] [Fast Refresh] rebuilding @ http://localhost:3000/_next/static/chunks/0nb~_next_dist_0sj1oe1._.js:2431
[  243015ms] [LOG] [Fast Refresh] done in 106ms @ http://localhost:3000/_next/static/chunks/0nb~_next_dist_0sj1oe1._.js:2431
[  255858ms] [LOG] [Fast Refresh] rebuilding @ http://localhost:3000/_next/static/chunks/0nb~_next_dist_0sj1oe1._.js:2431
[  256397ms] [ERROR] ./DEV/lexi-fe/app/flashcards/page.tsx:2:1
Module not found: Can't resolve '@/features/flashcards/components/deck-list'
  1 | ...mport { fetchPracticeQueue } from "@/features/flashcards/actions/practice-act...
> 2 | ...mport { FlashcardDeckList } from "@/features/flashcards/components/deck-list";
    |    ^^^^^^^^^^^^^^^^^^^^^^^^^^^^^^^^^^^^^^^^^^^^^^^^^^^^^^^^^^^^^^^^^^^^^^^^^^^^^^^
  3 | ...mport { Button } from "@/components/ui/button";
  4 | ...mport { ChevronLeft } from "lucide-react";
  5 | ...mport Link from "next/link";

Import map: aliased to relative './features/flashcards/components/deck-list' inside of [project]/DEV/lexi-fe

https://nextjs.org/docs/messages/module-not-found @ http://localhost:3000/_next/static/chunks/0nb~_next_dist_0sj1oe1._.js:3272
[  256581ms] [LOG] [Fast Refresh] rebuilding @ http://localhost:3000/_next/static/chunks/0nb~_next_dist_0sj1oe1._.js:2431
[  256796ms] [ERROR] ./DEV/lexi-fe/app/flashcards/page.tsx:2:1
Module not found: Can't resolve '@/features/flashcards/components/deck-list'
  1 | ...mport { fetchPracticeQueue } from "@/features/flashcards/actions/practice-act...
> 2 | ...mport { FlashcardDeckList } from "@/features/flashcards/components/deck-list";
    |    ^^^^^^^^^^^^^^^^^^^^^^^^^^^^^^^^^^^^^^^^^^^^^^^^^^^^^^^^^^^^^^^^^^^^^^^^^^^^^^^
  3 | ...mport { Button } from "@/components/ui/button";
  4 | ...mport { ChevronLeft } from "lucide-react";
  5 | ...mport Link from "next/link";

Import map: aliased to relative './features/flashcards/components/deck-list' inside of [project]/DEV/lexi-fe

https://nextjs.org/docs/messages/module-not-found @ http://localhost:3000/_next/static/chunks/0nb~_next_dist_0sj1oe1._.js:3272
[  256799ms] [ERROR] Failed to load resource: the server responded with a status of 500 (Internal Server Error) @ http://localhost:3000/login?callbackUrl=%2Fflashcards&_rsc=iy8bi:0
[  256841ms] [ERROR] Failed to load resource: the server responded with a status of 500 (Internal Server Error) @ http://localhost:3000/login?callbackUrl=%2Fflashcards&_rsc=iy8bi:0
[  256874ms] [ERROR] Failed to load resource: the server responded with a status of 500 (Internal Server Error) @ http://localhost:3000/login?callbackUrl=%2Fflashcards:0
[  257060ms] [INFO] %cDownload the React DevTools for a better development experience: https://react.dev/link/react-devtools font-weight:bold @ http://localhost:3000/_next/static/chunks/0o3r_react-dom_04ys_sz._.js:15305
[  257228ms] Error: ./DEV/lexi-fe/app/flashcards/page.tsx:2:1
Module not found: Can't resolve '@/features/flashcards/components/deck-list'
  1 | ...mport { fetchPracticeQueue } from "@/features/flashcards/actions/practice-act...
> 2 | ...mport { FlashcardDeckList } from "@/features/flashcards/components/deck-list";
    |    ^^^^^^^^^^^^^^^^^^^^^^^^^^^^^^^^^^^^^^^^^^^^^^^^^^^^^^^^^^^^^^^^^^^^^^^^^^^^^^^
  3 | ...mport { Button } from "@/components/ui/button";
  4 | ...mport { ChevronLeft } from "lucide-react";
  5 | ...mport Link from "next/link";

Import map: aliased to relative './features/flashcards/components/deck-list' inside of [project]/DEV/lexi-fe


https://nextjs.org/docs/messages/module-not-found


    at <unknown> (Error: ./DEV/lexi-fe/app/flashcards/page.tsx:2:1)
    at <unknown> (https://nextjs.org/docs/messages/module-not-found)
    at Object.getCompilationErrors (file:///home/ngoctin/DEV/lexi-fe/node_modules/.pnpm/next@16.2.0_@babel+core@7.29.0_react-dom@19.2.4_react@19.2.4__react@19.2.4/node_modules/next/dist/server/dev/hot-reloader-turbopack.js:1189:59)
    at DevBundlerService.getCompilationError (file:///home/ngoctin/DEV/lexi-fe/node_modules/.pnpm/next@16.2.0_@babel+core@7.29.0_react-dom@19.2.4_react@19.2.4__react@19.2.4/node_modules/next/dist/server/lib/dev-bundler-service.js:44:55)
    at DevServer.getCompilationError (file:///home/ngoctin/DEV/lexi-fe/node_modules/.pnpm/next@16.2.0_@babel+core@7.29.0_react-dom@19.2.4_react@19.2.4__react@19.2.4/node_modules/next/dist/server/dev/next-dev-server.js:719:42)
    at DevServer.findPageComponents (file:///home/ngoctin/DEV/lexi-fe/node_modules/.pnpm/next@16.2.0_@babel+core@7.29.0_react-dom@19.2.4_react@19.2.4__react@19.2.4/node_modules/next/dist/server/dev/next-dev-server.js:689:43)
    at async DevServer.renderErrorToResponseImpl (file:///home/ngoctin/DEV/lexi-fe/node_modules/.pnpm/next@16.2.0_@babel+core@7.29.0_react-dom@19.2.4_react@19.2.4__react@19.2.4/node_modules/next/dist/server/base-server.js:1745:26)
[  257194ms] [LOG] [HMR] connected @ http://localhost:3000/_next/static/chunks/0nb~_next_dist_0jlynat._.js:1226
[  257205ms] [ERROR] ./DEV/lexi-fe/app/flashcards/page.tsx:2:1
Module not found: Can't resolve '@/features/flashcards/components/deck-list'
  1 | ...mport { fetchPracticeQueue } from "@/features/flashcards/actions/practice-act...
> 2 | ...mport { FlashcardDeckList } from "@/features/flashcards/components/deck-list";
    |    ^^^^^^^^^^^^^^^^^^^^^^^^^^^^^^^^^^^^^^^^^^^^^^^^^^^^^^^^^^^^^^^^^^^^^^^^^^^^^^^
  3 | ...mport { Button } from "@/components/ui/button";
  4 | ...mport { ChevronLeft } from "lucide-react";
  5 | ...mport Link from "next/link";

Import map: aliased to relative './features/flashcards/components/deck-list' inside of [project]/DEV/lexi-fe

https://nextjs.org/docs/messages/module-not-found @ http://localhost:3000/_next/static/chunks/0nb~_next_dist_0jlynat._.js:1945
[  257335ms] [ERROR] ./DEV/lexi-fe/app/flashcards/page.tsx:2:1
Module not found: Can't resolve '@/features/flashcards/components/deck-list'
  1 | ...mport { fetchPracticeQueue } from "@/features/flashcards/actions/practice-act...
> 2 | ...mport { FlashcardDeckList } from "@/features/flashcards/components/deck-list";
    |    ^^^^^^^^^^^^^^^^^^^^^^^^^^^^^^^^^^^^^^^^^^^^^^^^^^^^^^^^^^^^^^^^^^^^^^^^^^^^^^^
  3 | ...mport { Button } from "@/components/ui/button";
  4 | ...mport { ChevronLeft } from "lucide-react";
  5 | ...mport Link from "next/link";

Import map: aliased to relative './features/flashcards/components/deck-list' inside of [project]/DEV/lexi-fe

https://nextjs.org/docs/messages/module-not-found @ http://localhost:3000/_next/static/chunks/0nb~_next_dist_0jlynat._.js:1945
[  257410ms] [ERROR] ./DEV/lexi-fe/app/flashcards/page.tsx:2:1
Module not found: Can't resolve '@/features/flashcards/components/deck-list'
  1 | ...mport { fetchPracticeQueue } from "@/features/flashcards/actions/practice-act...
> 2 | ...mport { FlashcardDeckList } from "@/features/flashcards/components/deck-list";
    |    ^^^^^^^^^^^^^^^^^^^^^^^^^^^^^^^^^^^^^^^^^^^^^^^^^^^^^^^^^^^^^^^^^^^^^^^^^^^^^^^
  3 | ...mport { Button } from "@/components/ui/button";
  4 | ...mport { ChevronLeft } from "lucide-react";
  5 | ...mport Link from "next/link";

Import map: aliased to relative './features/flashcards/components/deck-list' inside of [project]/DEV/lexi-fe

https://nextjs.org/docs/messages/module-not-found @ http://localhost:3000/_next/static/chunks/0nb~_next_dist_0jlynat._.js:1945
[  257436ms] [LOG] [Fast Refresh] rebuilding @ http://localhost:3000/_next/static/chunks/0nb~_next_dist_0jlynat._.js:1226
[  257478ms] [ERROR] ./DEV/lexi-fe/app/flashcards/page.tsx:2:1
Module not found: Can't resolve '@/features/flashcards/components/deck-list'
  1 | ...mport { fetchPracticeQueue } from "@/features/flashcards/actions/practice-act...
> 2 | ...mport { FlashcardDeckList } from "@/features/flashcards/components/deck-list";
    |    ^^^^^^^^^^^^^^^^^^^^^^^^^^^^^^^^^^^^^^^^^^^^^^^^^^^^^^^^^^^^^^^^^^^^^^^^^^^^^^^
  3 | ...mport { Button } from "@/components/ui/button";
  4 | ...mport { ChevronLeft } from "lucide-react";
  5 | ...mport Link from "next/link";

Import map: aliased to relative './features/flashcards/components/deck-list' inside of [project]/DEV/lexi-fe

https://nextjs.org/docs/messages/module-not-found @ http://localhost:3000/_next/static/chunks/0nb~_next_dist_0jlynat._.js:1945
[  257544ms] [LOG] [Fast Refresh] rebuilding @ http://localhost:3000/_next/static/chunks/0nb~_next_dist_0jlynat._.js:1226
[  260765ms] [ERROR] ./DEV/lexi-fe/app/flashcards/page.tsx:2:1
Module not found: Can't resolve '@/features/flashcards/components/deck-list'
  1 | ...mport { fetchPracticeQueue } from "@/features/flashcards/actions/practice-act...
> 2 | ...mport { FlashcardDeckList } from "@/features/flashcards/components/deck-list";
    |    ^^^^^^^^^^^^^^^^^^^^^^^^^^^^^^^^^^^^^^^^^^^^^^^^^^^^^^^^^^^^^^^^^^^^^^^^^^^^^^^
  3 | ...mport { Button } from "@/components/ui/button";
  4 | ...mport { ChevronLeft } from "lucide-react";
  5 | ...mport Link from "next/link";

Import map: aliased to relative './features/flashcards/components/deck-list' inside of [project]/DEV/lexi-fe

https://nextjs.org/docs/messages/module-not-found @ http://localhost:3000/_next/static/chunks/0nb~_next_dist_0jlynat._.js:1945
[  260830ms] [LOG] [Fast Refresh] rebuilding @ http://localhost:3000/_next/static/chunks/0nb~_next_dist_0jlynat._.js:1226
[  261559ms] [ERROR] ./DEV/lexi-fe/app/flashcards/page.tsx:2:1
Module not found: Can't resolve '@/features/flashcards/components/deck-list'
  1 | ...mport { fetchPracticeQueue } from "@/features/flashcards/actions/practice-act...
> 2 | ...mport { FlashcardDeckList } from "@/features/flashcards/components/deck-list";
    |    ^^^^^^^^^^^^^^^^^^^^^^^^^^^^^^^^^^^^^^^^^^^^^^^^^^^^^^^^^^^^^^^^^^^^^^^^^^^^^^^
  3 | ...mport { Button } from "@/components/ui/button";
  4 | ...mport { ChevronLeft } from "lucide-react";
  5 | ...mport Link from "next/link";

Import map: aliased to relative './features/flashcards/components/deck-list' inside of [project]/DEV/lexi-fe

https://nextjs.org/docs/messages/module-not-found @ http://localhost:3000/_next/static/chunks/0nb~_next_dist_0jlynat._.js:1945
[  261624ms] [LOG] [Fast Refresh] rebuilding @ http://localhost:3000/_next/static/chunks/0nb~_next_dist_0jlynat._.js:1226
[  261698ms] [ERROR] ./DEV/lexi-fe/app/flashcards/page.tsx:2:1
Module not found: Can't resolve '@/features/flashcards/components/deck-list'
  1 | ...mport { fetchPracticeQueue } from "@/features/flashcards/actions/practice-act...
> 2 | ...mport { FlashcardDeckList } from "@/features/flashcards/components/deck-list";
    |    ^^^^^^^^^^^^^^^^^^^^^^^^^^^^^^^^^^^^^^^^^^^^^^^^^^^^^^^^^^^^^^^^^^^^^^^^^^^^^^^
  3 | ...mport { Button } from "@/components/ui/button";
  4 | ...mport { ChevronLeft } from "lucide-react";
  5 | ...mport Link from "next/link";

Import map: aliased to relative './features/flashcards/components/deck-list' inside of [project]/DEV/lexi-fe

https://nextjs.org/docs/messages/module-not-found @ http://localhost:3000/_next/static/chunks/0nb~_next_dist_0jlynat._.js:1945
[  261766ms] [LOG] [Fast Refresh] rebuilding @ http://localhost:3000/_next/static/chunks/0nb~_next_dist_0jlynat._.js:1226
[  263493ms] [ERROR] ./DEV/lexi-fe/app/flashcards/page.tsx:2:1
Module not found: Can't resolve '@/features/flashcards/components/deck-list'
  1 | ...mport { fetchPracticeQueue } from "@/features/flashcards/actions/practice-act...
> 2 | ...mport { FlashcardDeckList } from "@/features/flashcards/components/deck-list";
    |    ^^^^^^^^^^^^^^^^^^^^^^^^^^^^^^^^^^^^^^^^^^^^^^^^^^^^^^^^^^^^^^^^^^^^^^^^^^^^^^^
  3 | ...mport { Button } from "@/components/ui/button";
  4 | ...mport { ChevronLeft } from "lucide-react";
  5 | ...mport Link from "next/link";

Import map: aliased to relative './features/flashcards/components/deck-list' inside of [project]/DEV/lexi-fe

https://nextjs.org/docs/messages/module-not-found @ http://localhost:3000/_next/static/chunks/0nb~_next_dist_0jlynat._.js:1945
[  263558ms] [LOG] [Fast Refresh] rebuilding @ http://localhost:3000/_next/static/chunks/0nb~_next_dist_0jlynat._.js:1226
[  263614ms] [ERROR] ./DEV/lexi-fe/app/flashcards/page.tsx:2:1
Module not found: Can't resolve '@/features/flashcards/components/deck-list'
  1 | ...mport { fetchPracticeQueue } from "@/features/flashcards/actions/practice-act...
> 2 | ...mport { FlashcardDeckList } from "@/features/flashcards/components/deck-list";
    |    ^^^^^^^^^^^^^^^^^^^^^^^^^^^^^^^^^^^^^^^^^^^^^^^^^^^^^^^^^^^^^^^^^^^^^^^^^^^^^^^
  3 | ...mport { Button } from "@/components/ui/button";
  4 | ...mport { ChevronLeft } from "lucide-react";
  5 | ...mport Link from "next/link";

Import map: aliased to relative './features/flashcards/components/deck-list' inside of [project]/DEV/lexi-fe

https://nextjs.org/docs/messages/module-not-found @ http://localhost:3000/_next/static/chunks/0nb~_next_dist_0jlynat._.js:1945
[  263680ms] [LOG] [Fast Refresh] rebuilding @ http://localhost:3000/_next/static/chunks/0nb~_next_dist_0jlynat._.js:1226
[  264659ms] [ERROR] ./DEV/lexi-fe/app/flashcards/page.tsx:2:1
Module not found: Can't resolve '@/features/flashcards/components/deck-list'
  1 | ...mport { fetchPracticeQueue } from "@/features/flashcards/actions/practice-act...
> 2 | ...mport { FlashcardDeckList } from "@/features/flashcards/components/deck-list";
    |    ^^^^^^^^^^^^^^^^^^^^^^^^^^^^^^^^^^^^^^^^^^^^^^^^^^^^^^^^^^^^^^^^^^^^^^^^^^^^^^^
  3 | ...mport { Button } from "@/components/ui/button";
  4 | ...mport { ChevronLeft } from "lucide-react";
  5 | ...mport Link from "next/link";

Import map: aliased to relative './features/flashcards/components/deck-list' inside of [project]/DEV/lexi-fe

https://nextjs.org/docs/messages/module-not-found @ http://localhost:3000/_next/static/chunks/0nb~_next_dist_0jlynat._.js:1945
[  264727ms] [LOG] [Fast Refresh] rebuilding @ http://localhost:3000/_next/static/chunks/0nb~_next_dist_0jlynat._.js:1226
[  265432ms] [ERROR] ./DEV/lexi-fe/app/flashcards/page.tsx:2:1
Module not found: Can't resolve '@/features/flashcards/components/deck-list'
  1 | ...mport { fetchPracticeQueue } from "@/features/flashcards/actions/practice-act...
> 2 | ...mport { FlashcardDeckList } from "@/features/flashcards/components/deck-list";
    |    ^^^^^^^^^^^^^^^^^^^^^^^^^^^^^^^^^^^^^^^^^^^^^^^^^^^^^^^^^^^^^^^^^^^^^^^^^^^^^^^
  3 | ...mport { Button } from "@/components/ui/button";
  4 | ...mport { ChevronLeft } from "lucide-react";
  5 | ...mport Link from "next/link";

Import map: aliased to relative './features/flashcards/components/deck-list' inside of [project]/DEV/lexi-fe

https://nextjs.org/docs/messages/module-not-found @ http://localhost:3000/_next/static/chunks/0nb~_next_dist_0jlynat._.js:1945
[  265520ms] [ERROR] ./DEV/lexi-fe/app/flashcards/page.tsx:2:1
Module not found: Can't resolve '@/features/flashcards/components/deck-list'
  1 | ...mport { fetchPracticeQueue } from "@/features/flashcards/actions/practice-act...
> 2 | ...mport { FlashcardDeckList } from "@/features/flashcards/components/deck-list";
    |    ^^^^^^^^^^^^^^^^^^^^^^^^^^^^^^^^^^^^^^^^^^^^^^^^^^^^^^^^^^^^^^^^^^^^^^^^^^^^^^^
  3 | ...mport { Button } from "@/components/ui/button";
  4 | ...mport { ChevronLeft } from "lucide-react";
  5 | ...mport Link from "next/link";

Import map: aliased to relative './features/flashcards/components/deck-list' inside of [project]/DEV/lexi-fe

https://nextjs.org/docs/messages/module-not-found @ http://localhost:3000/_next/static/chunks/0nb~_next_dist_0jlynat._.js:1945
[  265588ms] [LOG] [Fast Refresh] rebuilding @ http://localhost:3000/_next/static/chunks/0nb~_next_dist_0jlynat._.js:1226
[  266159ms] [ERROR] ./DEV/lexi-fe/app/flashcards/page.tsx:2:1
Module not found: Can't resolve '@/features/flashcards/components/deck-list'
  1 | ...mport { fetchPracticeQueue } from "@/features/flashcards/actions/practice-act...
> 2 | ...mport { FlashcardDeckList } from "@/features/flashcards/components/deck-list";
    |    ^^^^^^^^^^^^^^^^^^^^^^^^^^^^^^^^^^^^^^^^^^^^^^^^^^^^^^^^^^^^^^^^^^^^^^^^^^^^^^^
  3 | ...mport { Button } from "@/components/ui/button";
  4 | ...mport { ChevronLeft } from "lucide-react";
  5 | ...mport Link from "next/link";

Import map: aliased to relative './features/flashcards/components/deck-list' inside of [project]/DEV/lexi-fe

https://nextjs.org/docs/messages/module-not-found @ http://localhost:3000/_next/static/chunks/0nb~_next_dist_0jlynat._.js:1945
[  266178ms] [LOG] [Fast Refresh] rebuilding @ http://localhost:3000/_next/static/chunks/0nb~_next_dist_0jlynat._.js:1226
[  266244ms] [ERROR] ./DEV/lexi-fe/app/flashcards/page.tsx:2:1
Module not found: Can't resolve '@/features/flashcards/components/deck-list'
  1 | ...mport { fetchPracticeQueue } from "@/features/flashcards/actions/practice-act...
> 2 | ...mport { FlashcardDeckList } from "@/features/flashcards/components/deck-list";
    |    ^^^^^^^^^^^^^^^^^^^^^^^^^^^^^^^^^^^^^^^^^^^^^^^^^^^^^^^^^^^^^^^^^^^^^^^^^^^^^^^
  3 | ...mport { Button } from "@/components/ui/button";
  4 | ...mport { ChevronLeft } from "lucide-react";
  5 | ...mport Link from "next/link";

Import map: aliased to relative './features/flashcards/components/deck-list' inside of [project]/DEV/lexi-fe

https://nextjs.org/docs/messages/module-not-found @ http://localhost:3000/_next/static/chunks/0nb~_next_dist_0jlynat._.js:1945
[  266312ms] [LOG] [Fast Refresh] rebuilding @ http://localhost:3000/_next/static/chunks/0nb~_next_dist_0jlynat._.js:1226
[  266929ms] [ERROR] ./DEV/lexi-fe/app/flashcards/page.tsx:2:1
Module not found: Can't resolve '@/features/flashcards/components/deck-list'
  1 | ...mport { fetchPracticeQueue } from "@/features/flashcards/actions/practice-act...
> 2 | ...mport { FlashcardDeckList } from "@/features/flashcards/components/deck-list";
    |    ^^^^^^^^^^^^^^^^^^^^^^^^^^^^^^^^^^^^^^^^^^^^^^^^^^^^^^^^^^^^^^^^^^^^^^^^^^^^^^^
  3 | ...mport { Button } from "@/components/ui/button";
  4 | ...mport { ChevronLeft } from "lucide-react";
  5 | ...mport Link from "next/link";

Import map: aliased to relative './features/flashcards/components/deck-list' inside of [project]/DEV/lexi-fe

https://nextjs.org/docs/messages/module-not-found @ http://localhost:3000/_next/static/chunks/0nb~_next_dist_0jlynat._.js:1945
[  267017ms] [ERROR] ./DEV/lexi-fe/app/flashcards/page.tsx:2:1
Module not found: Can't resolve '@/features/flashcards/components/deck-list'
  1 | ...mport { fetchPracticeQueue } from "@/features/flashcards/actions/practice-act...
> 2 | ...mport { FlashcardDeckList } from "@/features/flashcards/components/deck-list";
    |    ^^^^^^^^^^^^^^^^^^^^^^^^^^^^^^^^^^^^^^^^^^^^^^^^^^^^^^^^^^^^^^^^^^^^^^^^^^^^^^^
  3 | ...mport { Button } from "@/components/ui/button";
  4 | ...mport { ChevronLeft } from "lucide-react";
  5 | ...mport Link from "next/link";

Import map: aliased to relative './features/flashcards/components/deck-list' inside of [project]/DEV/lexi-fe

https://nextjs.org/docs/messages/module-not-found @ http://localhost:3000/_next/static/chunks/0nb~_next_dist_0jlynat._.js:1945
[  267086ms] [LOG] [Fast Refresh] rebuilding @ http://localhost:3000/_next/static/chunks/0nb~_next_dist_0jlynat._.js:1226
[  267868ms] [ERROR] ./DEV/lexi-fe/app/flashcards/page.tsx:2:1
Module not found: Can't resolve '@/features/flashcards/components/deck-list'
  1 | ...mport { fetchPracticeQueue } from "@/features/flashcards/actions/practice-act...
> 2 | ...mport { FlashcardDeckList } from "@/features/flashcards/components/deck-list";
    |    ^^^^^^^^^^^^^^^^^^^^^^^^^^^^^^^^^^^^^^^^^^^^^^^^^^^^^^^^^^^^^^^^^^^^^^^^^^^^^^^
  3 | ...mport { Button } from "@/components/ui/button";
  4 | ...mport { ChevronLeft } from "lucide-react";
  5 | ...mport Link from "next/link";

Import map: aliased to relative './features/flashcards/components/deck-list' inside of [project]/DEV/lexi-fe

https://nextjs.org/docs/messages/module-not-found @ http://localhost:3000/_next/static/chunks/0nb~_next_dist_0jlynat._.js:1945
[  267937ms] [LOG] [Fast Refresh] rebuilding @ http://localhost:3000/_next/static/chunks/0nb~_next_dist_0jlynat._.js:1226
[  268089ms] [ERROR] ./DEV/lexi-fe/app/flashcards/page.tsx:2:1
Module not found: Can't resolve '@/features/flashcards/components/deck-list'
  1 | ...mport { fetchPracticeQueue } from "@/features/flashcards/actions/practice-act...
> 2 | ...mport { FlashcardDeckList } from "@/features/flashcards/components/deck-list";
    |    ^^^^^^^^^^^^^^^^^^^^^^^^^^^^^^^^^^^^^^^^^^^^^^^^^^^^^^^^^^^^^^^^^^^^^^^^^^^^^^^
  3 | ...mport { Button } from "@/components/ui/button";
  4 | ...mport { ChevronLeft } from "lucide-react";
  5 | ...mport Link from "next/link";

Import map: aliased to relative './features/flashcards/components/deck-list' inside of [project]/DEV/lexi-fe

https://nextjs.org/docs/messages/module-not-found @ http://localhost:3000/_next/static/chunks/0nb~_next_dist_0jlynat._.js:1945
[  268155ms] [LOG] [Fast Refresh] rebuilding @ http://localhost:3000/_next/static/chunks/0nb~_next_dist_0jlynat._.js:1226
[  268609ms] [ERROR] ./DEV/lexi-fe/app/flashcards/page.tsx:2:1
Module not found: Can't resolve '@/features/flashcards/components/deck-list'
  1 | ...mport { fetchPracticeQueue } from "@/features/flashcards/actions/practice-act...
> 2 | ...mport { FlashcardDeckList } from "@/features/flashcards/components/deck-list";
    |    ^^^^^^^^^^^^^^^^^^^^^^^^^^^^^^^^^^^^^^^^^^^^^^^^^^^^^^^^^^^^^^^^^^^^^^^^^^^^^^^
  3 | ...mport { Button } from "@/components/ui/button";
  4 | ...mport { ChevronLeft } from "lucide-react";
  5 | ...mport Link from "next/link";

Import map: aliased to relative './features/flashcards/components/deck-list' inside of [project]/DEV/lexi-fe

https://nextjs.org/docs/messages/module-not-found @ http://localhost:3000/_next/static/chunks/0nb~_next_dist_0jlynat._.js:1945
[  268670ms] [LOG] [Fast Refresh] rebuilding @ http://localhost:3000/_next/static/chunks/0nb~_next_dist_0jlynat._.js:1226
[  268739ms] [ERROR] ./DEV/lexi-fe/app/flashcards/page.tsx:2:1
Module not found: Can't resolve '@/features/flashcards/components/deck-list'
  1 | ...mport { fetchPracticeQueue } from "@/features/flashcards/actions/practice-act...
> 2 | ...mport { FlashcardDeckList } from "@/features/flashcards/components/deck-list";
    |    ^^^^^^^^^^^^^^^^^^^^^^^^^^^^^^^^^^^^^^^^^^^^^^^^^^^^^^^^^^^^^^^^^^^^^^^^^^^^^^^
  3 | ...mport { Button } from "@/components/ui/button";
  4 | ...mport { ChevronLeft } from "lucide-react";
  5 | ...mport Link from "next/link";

Import map: aliased to relative './features/flashcards/components/deck-list' inside of [project]/DEV/lexi-fe

https://nextjs.org/docs/messages/module-not-found @ http://localhost:3000/_next/static/chunks/0nb~_next_dist_0jlynat._.js:1945
[  268805ms] [LOG] [Fast Refresh] rebuilding @ http://localhost:3000/_next/static/chunks/0nb~_next_dist_0jlynat._.js:1226
[  273820ms] [LOG] [Fast Refresh] rebuilding @ http://localhost:3000/_next/static/chunks/0nb~_next_dist_0jlynat._.js:1226
[  274983ms] [ERROR] ./DEV/lexi-fe/app/flashcards/page.tsx:2:1
Export FlashcardDeckList doesn't exist in target module
  1 | ...mport { fetchPracticeQueue } from "@/features/flashcards/actions/practice-act...
> 2 | ...mport { FlashcardDeckList } from "@/features/flashcards/components/deck-list";
    |    ^^^^^^^^^^^^^^^^^^^^^^^^^^^^^^^^^^^^^^^^^^^^^^^^^^^^^^^^^^^^^^^^^^^^^^^^^^^^^^^
  3 | ...mport { Button } from "@/components/ui/button";
  4 | ...mport { ChevronLeft } from "lucide-react";
  5 | ...mport Link from "next/link";

The export FlashcardDeckList was not found in module [project]/DEV/lexi-fe/features/flashcards/components/deck-list.tsx [app-rsc] (ecmascript).
The module has no exports at all.
All exports of the module are statically known (It doesn't have dynamic exports). So it's known statically that the requested export doesn't exist. @ http://localhost:3000/_next/static/chunks/0nb~_next_dist_0jlynat._.js:1945
[  275087ms] [LOG] [Fast Refresh] rebuilding @ http://localhost:3000/_next/static/chunks/0nb~_next_dist_0jlynat._.js:1226
[  275706ms] [WARNING] [Fast Refresh] performing full reload

Fast Refresh will perform a full reload when you edit a file that's imported by modules outside of the React rendering tree.
You might have a file which exports a React component but also exports a value that is imported by a non-React component file.
Consider migrating the non-React component export to a separate file and importing it into both files.

It is also possible the parent component of the component you edited is a class component, which disables Fast Refresh.
Fast Refresh requires at least one parent function component in your React tree. @ http://localhost:3000/_next/static/chunks/0nb~_next_dist_0jlynat._.js:1226
[  275801ms] [WARNING] [Fast Refresh] performing full reload because your application had an unrecoverable error @ http://localhost:3000/_next/static/chunks/0nb~_next_dist_0jlynat._.js:1226
[  277009ms] [LOG] [Fast Refresh] done in 816ms @ http://localhost:3000/_next/static/chunks/0nb~_next_dist_0jlynat._.js:1226
[  282546ms] [INFO] %cDownload the React DevTools for a better development experience: https://react.dev/link/react-devtools font-weight:bold @ http://localhost:3000/_next/static/chunks/0nb~_next_dist_0sj1oe1._.js:2431
[  282724ms] [LOG] [HMR] connected @ http://localhost:3000/_next/static/chunks/0nb~_next_dist_0sj1oe1._.js:2431
[  283117ms] [LOG] [Fast Refresh] rebuilding @ http://localhost:3000/_next/static/chunks/0nb~_next_dist_0sj1oe1._.js:2431
[  283685ms] [LOG] [Fast Refresh] done in 706ms @ http://localhost:3000/_next/static/chunks/0nb~_next_dist_0sj1oe1._.js:2431
[  286939ms] [LOG] [Fast Refresh] rebuilding @ http://localhost:3000/_next/static/chunks/0nb~_next_dist_0sj1oe1._.js:2431
[  287098ms] [LOG] [Fast Refresh] done in 263ms @ http://localhost:3000/_next/static/chunks/0nb~_next_dist_0sj1oe1._.js:2431
[  287382ms] [LOG] [Fast Refresh] rebuilding @ http://localhost:3000/_next/static/chunks/0nb~_next_dist_0sj1oe1._.js:2431
[  287612ms] [LOG] [Fast Refresh] done in 330ms @ http://localhost:3000/_next/static/chunks/0nb~_next_dist_0sj1oe1._.js:2431
[  287847ms] [LOG] [Fast Refresh] rebuilding @ http://localhost:3000/_next/static/chunks/0nb~_next_dist_0sj1oe1._.js:2431
[  287927ms] [LOG] [Fast Refresh] done in 179ms @ http://localhost:3000/_next/static/chunks/0nb~_next_dist_0sj1oe1._.js:2431
[  299281ms] [LOG] [Fast Refresh] rebuilding @ http://localhost:3000/_next/static/chunks/0nb~_next_dist_0sj1oe1._.js:2431
[  303095ms] [ERROR] ./DEV/lexi-fe/features/flashcards/components/flashcard-session.tsx:166:6
Expected ',', got ';'
  164 |         handleRate(difficulty, displayKey);
  165 |       }
> 166 |     };
      |      ^
  167 |
  168 |     window.addEventListener("keydown", handleKeyEvent, true);
  169 |

Parsing ecmascript source code failed

Import trace:
  Server Component:
    ./DEV/lexi-fe/features/flashcards/components/flashcard-session.tsx
    ./DEV/lexi-fe/app/(app)/flashcards/review/page.tsx @ http://localhost:3000/_next/static/chunks/0nb~_next_dist_0sj1oe1._.js:3272
[  303232ms] [LOG] [Fast Refresh] rebuilding @ http://localhost:3000/_next/static/chunks/0nb~_next_dist_0sj1oe1._.js:2431
[  303520ms] [ERROR] ./DEV/lexi-fe/features/flashcards/components/flashcard-session.tsx:166:6
Expected ',', got ';'
  164 |         handleRate(difficulty, displayKey);
  165 |       }
> 166 |     };
      |      ^
  167 |
  168 |     window.addEventListener("keydown", handleKeyEvent, true);
  169 |

Parsing ecmascript source code failed

Import trace:
  Server Component:
    ./DEV/lexi-fe/features/flashcards/components/flashcard-session.tsx
    ./DEV/lexi-fe/app/(app)/flashcards/review/page.tsx @ http://localhost:3000/_next/static/chunks/0nb~_next_dist_0sj1oe1._.js:3272
[  305728ms] [ERROR] ./DEV/lexi-fe/features/flashcards/components/flashcard-session.tsx:166:6
Expected ',', got ';'
  164 |         handleRate(difficulty, displayKey);
  165 |       }
> 166 |     };
      |      ^
  167 |
  168 |     window.addEventListener("keydown", handleKeyEvent, true);
  169 |

Parsing ecmascript source code failed

Import trace:
  Server Component:
    ./DEV/lexi-fe/features/flashcards/components/flashcard-session.tsx
    ./DEV/lexi-fe/app/(app)/flashcards/review/page.tsx @ http://localhost:3000/_next/static/chunks/0nb~_next_dist_0sj1oe1._.js:3272
[  305794ms] [LOG] [Fast Refresh] rebuilding @ http://localhost:3000/_next/static/chunks/0nb~_next_dist_0sj1oe1._.js:2431
[  306030ms] [ERROR] ./DEV/lexi-fe/features/flashcards/components/flashcard-session.tsx:166:6
Expected ',', got ';'
  164 |         handleRate(difficulty, displayKey);
  165 |       }
> 166 |     };
      |      ^
  167 |
  168 |     window.addEventListener("keydown", handleKeyEvent, true);
  169 |

Parsing ecmascript source code failed

Import trace:
  Server Component:
    ./DEV/lexi-fe/features/flashcards/components/flashcard-session.tsx
    ./DEV/lexi-fe/app/(app)/flashcards/review/page.tsx @ http://localhost:3000/_next/static/chunks/0nb~_next_dist_0sj1oe1._.js:3272
[  306099ms] [LOG] [Fast Refresh] rebuilding @ http://localhost:3000/_next/static/chunks/0nb~_next_dist_0sj1oe1._.js:2431
[  307431ms] [ERROR] ./DEV/lexi-fe/features/flashcards/components/flashcard-session.tsx:166:6
Expected ',', got ';'
  164 |         handleRate(difficulty, displayKey);
  165 |       }
> 166 |     };
      |      ^
  167 |
  168 |     window.addEventListener("keydown", handleKeyEvent, true);
  169 |

Parsing ecmascript source code failed

Import trace:
  Server Component:
    ./DEV/lexi-fe/features/flashcards/components/flashcard-session.tsx
    ./DEV/lexi-fe/app/(app)/flashcards/review/page.tsx @ http://localhost:3000/_next/static/chunks/0nb~_next_dist_0sj1oe1._.js:3272
[  307467ms] [LOG] [Fast Refresh] rebuilding @ http://localhost:3000/_next/static/chunks/0nb~_next_dist_0sj1oe1._.js:2431
[  308150ms] [ERROR] ./DEV/lexi-fe/features/flashcards/components/flashcard-session.tsx:166:6
Expected ',', got ';'
  164 |         handleRate(difficulty, displayKey);
  165 |       }
> 166 |     };
      |      ^
  167 |
  168 |     window.addEventListener("keydown", handleKeyEvent, true);
  169 |

Parsing ecmascript source code failed

Import trace:
  Server Component:
    ./DEV/lexi-fe/features/flashcards/components/flashcard-session.tsx
    ./DEV/lexi-fe/app/(app)/flashcards/review/page.tsx @ http://localhost:3000/_next/static/chunks/0nb~_next_dist_0sj1oe1._.js:3272
[  308214ms] [LOG] [Fast Refresh] rebuilding @ http://localhost:3000/_next/static/chunks/0nb~_next_dist_0sj1oe1._.js:2431
[  308260ms] [ERROR] ./DEV/lexi-fe/features/flashcards/components/flashcard-session.tsx:166:6
Expected ',', got ';'
  164 |         handleRate(difficulty, displayKey);
  165 |       }
> 166 |     };
      |      ^
  167 |
  168 |     window.addEventListener("keydown", handleKeyEvent, true);
  169 |

Parsing ecmascript source code failed

Import trace:
  Server Component:
    ./DEV/lexi-fe/features/flashcards/components/flashcard-session.tsx
    ./DEV/lexi-fe/app/(app)/flashcards/review/page.tsx @ http://localhost:3000/_next/static/chunks/0nb~_next_dist_0sj1oe1._.js:3272
[  308323ms] [LOG] [Fast Refresh] rebuilding @ http://localhost:3000/_next/static/chunks/0nb~_next_dist_0sj1oe1._.js:2431
[  309057ms] [ERROR] ./DEV/lexi-fe/features/flashcards/components/flashcard-session.tsx:166:6
Expected ',', got ';'
  164 |         handleRate(difficulty, displayKey);
  165 |       }
> 166 |     };
      |      ^
  167 |
  168 |     window.addEventListener("keydown", handleKeyEvent, true);
  169 |

Parsing ecmascript source code failed

Import trace:
  Server Component:
    ./DEV/lexi-fe/features/flashcards/components/flashcard-session.tsx
    ./DEV/lexi-fe/app/(app)/flashcards/review/page.tsx @ http://localhost:3000/_next/static/chunks/0nb~_next_dist_0sj1oe1._.js:3272
[  309144ms] [ERROR] ./DEV/lexi-fe/features/flashcards/components/flashcard-session.tsx:166:6
Expected ',', got ';'
  164 |         handleRate(difficulty, displayKey);
  165 |       }
> 166 |     };
      |      ^
  167 |
  168 |     window.addEventListener("keydown", handleKeyEvent, true);
  169 |

Parsing ecmascript source code failed

Import trace:
  Server Component:
    ./DEV/lexi-fe/features/flashcards/components/flashcard-session.tsx
    ./DEV/lexi-fe/app/(app)/flashcards/review/page.tsx @ http://localhost:3000/_next/static/chunks/0nb~_next_dist_0sj1oe1._.js:3272
[  309214ms] [LOG] [Fast Refresh] rebuilding @ http://localhost:3000/_next/static/chunks/0nb~_next_dist_0sj1oe1._.js:2431
[  309895ms] [ERROR] ./DEV/lexi-fe/features/flashcards/components/flashcard-session.tsx:166:6
Expected ',', got ';'
  164 |         handleRate(difficulty, displayKey);
  165 |       }
> 166 |     };
      |      ^
  167 |
  168 |     window.addEventListener("keydown", handleKeyEvent, true);
  169 |

Parsing ecmascript source code failed

Import trace:
  Server Component:
    ./DEV/lexi-fe/features/flashcards/components/flashcard-session.tsx
    ./DEV/lexi-fe/app/(app)/flashcards/review/page.tsx @ http://localhost:3000/_next/static/chunks/0nb~_next_dist_0sj1oe1._.js:3272
[  309988ms] [ERROR] ./DEV/lexi-fe/features/flashcards/components/flashcard-session.tsx:166:6
Expected ',', got ';'
  164 |         handleRate(difficulty, displayKey);
  165 |       }
> 166 |     };
      |      ^
  167 |
  168 |     window.addEventListener("keydown", handleKeyEvent, true);
  169 |

Parsing ecmascript source code failed

Import trace:
  Server Component:
    ./DEV/lexi-fe/features/flashcards/components/flashcard-session.tsx
    ./DEV/lexi-fe/app/(app)/flashcards/review/page.tsx @ http://localhost:3000/_next/static/chunks/0nb~_next_dist_0sj1oe1._.js:3272
[  310056ms] [LOG] [Fast Refresh] rebuilding @ http://localhost:3000/_next/static/chunks/0nb~_next_dist_0sj1oe1._.js:2431
[  310694ms] [ERROR] ./DEV/lexi-fe/features/flashcards/components/flashcard-session.tsx:166:6
Expected ',', got ';'
  164 |         handleRate(difficulty, displayKey);
  165 |       }
> 166 |     };
      |      ^
  167 |
  168 |     window.addEventListener("keydown", handleKeyEvent, true);
  169 |

Parsing ecmascript source code failed

Import trace:
  Server Component:
    ./DEV/lexi-fe/features/flashcards/components/flashcard-session.tsx
    ./DEV/lexi-fe/app/(app)/flashcards/review/page.tsx @ http://localhost:3000/_next/static/chunks/0nb~_next_dist_0sj1oe1._.js:3272
[  310787ms] [ERROR] ./DEV/lexi-fe/features/flashcards/components/flashcard-session.tsx:166:6
Expected ',', got ';'
  164 |         handleRate(difficulty, displayKey);
  165 |       }
> 166 |     };
      |      ^
  167 |
  168 |     window.addEventListener("keydown", handleKeyEvent, true);
  169 |

Parsing ecmascript source code failed

Import trace:
  Server Component:
    ./DEV/lexi-fe/features/flashcards/components/flashcard-session.tsx
    ./DEV/lexi-fe/app/(app)/flashcards/review/page.tsx @ http://localhost:3000/_next/static/chunks/0nb~_next_dist_0sj1oe1._.js:3272
[  310855ms] [LOG] [Fast Refresh] rebuilding @ http://localhost:3000/_next/static/chunks/0nb~_next_dist_0sj1oe1._.js:2431
[  311512ms] [ERROR] ./DEV/lexi-fe/features/flashcards/components/flashcard-session.tsx:166:6
Expected ',', got ';'
  164 |         handleRate(difficulty, displayKey);
  165 |       }
> 166 |     };
      |      ^
  167 |
  168 |     window.addEventListener("keydown", handleKeyEvent, true);
  169 |

Parsing ecmascript source code failed

Import trace:
  Server Component:
    ./DEV/lexi-fe/features/flashcards/components/flashcard-session.tsx
    ./DEV/lexi-fe/app/(app)/flashcards/review/page.tsx @ http://localhost:3000/_next/static/chunks/0nb~_next_dist_0sj1oe1._.js:3272
[  311602ms] [ERROR] ./DEV/lexi-fe/features/flashcards/components/flashcard-session.tsx:166:6
Expected ',', got ';'
  164 |         handleRate(difficulty, displayKey);
  165 |       }
> 166 |     };
      |      ^
  167 |
  168 |     window.addEventListener("keydown", handleKeyEvent, true);
  169 |

Parsing ecmascript source code failed

Import trace:
  Server Component:
    ./DEV/lexi-fe/features/flashcards/components/flashcard-session.tsx
    ./DEV/lexi-fe/app/(app)/flashcards/review/page.tsx @ http://localhost:3000/_next/static/chunks/0nb~_next_dist_0sj1oe1._.js:3272
[  311670ms] [LOG] [Fast Refresh] rebuilding @ http://localhost:3000/_next/static/chunks/0nb~_next_dist_0sj1oe1._.js:2431
[  331485ms] [LOG] [Fast Refresh] rebuilding @ http://localhost:3000/_next/static/chunks/0nb~_next_dist_0sj1oe1._.js:2431
[  332104ms] [LOG] [Fast Refresh] done in 647ms @ http://localhost:3000/_next/static/chunks/0nb~_next_dist_0sj1oe1._.js:2431
[  332246ms] [LOG] [Fast Refresh] rebuilding @ http://localhost:3000/_next/static/chunks/0nb~_next_dist_0sj1oe1._.js:2431
[  332685ms] [LOG] [Fast Refresh] done in 538ms @ http://localhost:3000/_next/static/chunks/0nb~_next_dist_0sj1oe1._.js:2431
[  332997ms] [LOG] [Fast Refresh] rebuilding @ http://localhost:3000/_next/static/chunks/0nb~_next_dist_0sj1oe1._.js:2431
[  333195ms] [LOG] [Fast Refresh] done in 297ms @ http://localhost:3000/_next/static/chunks/0nb~_next_dist_0sj1oe1._.js:2431
[  390520ms] [LOG] [Fast Refresh] rebuilding @ http://localhost:3000/_next/static/chunks/0nb~_next_dist_0sj1oe1._.js:2431
[  390534ms] [LOG] [Fast Refresh] done in 114ms @ http://localhost:3000/_next/static/chunks/0nb~_next_dist_0sj1oe1._.js:2431
[  391449ms] [LOG] [Fast Refresh] rebuilding @ http://localhost:3000/_next/static/chunks/0nb~_next_dist_0sj1oe1._.js:2431
[  391495ms] [LOG] [Fast Refresh] done in 146ms @ http://localhost:3000/_next/static/chunks/0nb~_next_dist_0sj1oe1._.js:2431
[  686095ms] [LOG] [Fast Refresh] rebuilding @ http://localhost:3000/_next/static/chunks/0nb~_next_dist_0sj1oe1._.js:2431
[  686138ms] [LOG] [Fast Refresh] done in 145ms @ http://localhost:3000/_next/static/chunks/0nb~_next_dist_0sj1oe1._.js:2431
[  686226ms] [LOG] [Fast Refresh] rebuilding @ http://localhost:3000/_next/static/chunks/0nb~_next_dist_0sj1oe1._.js:2431
[  686295ms] [LOG] [Fast Refresh] done in 75ms @ http://localhost:3000/_next/static/chunks/0nb~_next_dist_0sj1oe1._.js:2431
[  825655ms] [LOG] [Fast Refresh] rebuilding @ http://localhost:3000/_next/static/chunks/0nb~_next_dist_0sj1oe1._.js:2431
[  826009ms] [LOG] [Fast Refresh] done in 454ms @ http://localhost:3000/_next/static/chunks/0nb~_next_dist_0sj1oe1._.js:2431
[  826110ms] [LOG] [Fast Refresh] rebuilding @ http://localhost:3000/_next/static/chunks/0nb~_next_dist_0sj1oe1._.js:2431
[  826185ms] [LOG] [Fast Refresh] done in 175ms @ http://localhost:3000/_next/static/chunks/0nb~_next_dist_0sj1oe1._.js:2431
[  912773ms] [LOG] [Fast Refresh] rebuilding @ http://localhost:3000/_next/static/chunks/0nb~_next_dist_0sj1oe1._.js:2431
[  913845ms] [LOG] [Fast Refresh] done in 1133ms @ http://localhost:3000/_next/static/chunks/0nb~_next_dist_0sj1oe1._.js:2431
[  914774ms] [LOG] [Fast Refresh] rebuilding @ http://localhost:3000/_next/static/chunks/0nb~_next_dist_0sj1oe1._.js:2431
[  915124ms] [LOG] [Fast Refresh] done in 451ms @ http://localhost:3000/_next/static/chunks/0nb~_next_dist_0sj1oe1._.js:2431
[  915263ms] [LOG] [Fast Refresh] rebuilding @ http://localhost:3000/_next/static/chunks/0nb~_next_dist_0sj1oe1._.js:2431
[  915485ms] [LOG] [Fast Refresh] done in 357ms @ http://localhost:3000/_next/static/chunks/0nb~_next_dist_0sj1oe1._.js:2431
[  917398ms] [LOG] [Fast Refresh] rebuilding @ http://localhost:3000/_next/static/chunks/0nb~_next_dist_0sj1oe1._.js:2431
[  917495ms] [LOG] [Fast Refresh] done in 196ms @ http://localhost:3000/_next/static/chunks/0nb~_next_dist_0sj1oe1._.js:2431
[ 1399996ms] [LOG] [Fast Refresh] rebuilding @ http://localhost:3000/_next/static/chunks/0nb~_next_dist_0sj1oe1._.js:2431
[ 1400078ms] [LOG] [Fast Refresh] done in 182ms @ http://localhost:3000/_next/static/chunks/0nb~_next_dist_0sj1oe1._.js:2431
[ 1458968ms] [LOG] [Fast Refresh] rebuilding @ http://localhost:3000/_next/static/chunks/0nb~_next_dist_0sj1oe1._.js:2431
[ 1458972ms] [LOG] [Fast Refresh] done in 104ms @ http://localhost:3000/_next/static/chunks/0nb~_next_dist_0sj1oe1._.js:2431
[ 1474461ms] [LOG] [Fast Refresh] rebuilding @ http://localhost:3000/_next/static/chunks/0nb~_next_dist_0sj1oe1._.js:2431
[ 1474462ms] [LOG] [Fast Refresh] done in 102ms @ http://localhost:3000/_next/static/chunks/0nb~_next_dist_0sj1oe1._.js:2431
[ 1644999ms] [LOG] [Fast Refresh] rebuilding @ http://localhost:3000/_next/static/chunks/0nb~_next_dist_0sj1oe1._.js:2431
[ 1664666ms] [LOG] [Fast Refresh] done in 19051ms @ http://localhost:3000/_next/static/chunks/0nb~_next_dist_0sj1oe1._.js:2431
[ 1664981ms] [LOG] [Fast Refresh] rebuilding @ http://localhost:3000/_next/static/chunks/0nb~_next_dist_0sj1oe1._.js:2431
[ 1665286ms] [LOG] [Fast Refresh] done in 405ms @ http://localhost:3000/_next/static/chunks/0nb~_next_dist_0sj1oe1._.js:2431
[ 1667391ms] [LOG] [Fast Refresh] rebuilding @ http://localhost:3000/_next/static/chunks/0nb~_next_dist_0sj1oe1._.js:2431
[ 1667445ms] [LOG] [Fast Refresh] done in 155ms @ http://localhost:3000/_next/static/chunks/0nb~_next_dist_0sj1oe1._.js:2431
[ 1670522ms] [LOG] [Fast Refresh] rebuilding @ http://localhost:3000/_next/static/chunks/0nb~_next_dist_0sj1oe1._.js:2431
[ 1670549ms] [LOG] [Fast Refresh] done in 128ms @ http://localhost:3000/_next/static/chunks/0nb~_next_dist_0sj1oe1._.js:2431
[ 1671953ms] [LOG] [Fast Refresh] rebuilding @ http://localhost:3000/_next/static/chunks/0nb~_next_dist_0sj1oe1._.js:2431
[ 1671980ms] [LOG] [Fast Refresh] done in 127ms @ http://localhost:3000/_next/static/chunks/0nb~_next_dist_0sj1oe1._.js:2431
[ 1672364ms] [LOG] [Fast Refresh] rebuilding @ http://localhost:3000/_next/static/chunks/0nb~_next_dist_0sj1oe1._.js:2431
[ 1672370ms] [LOG] [Fast Refresh] done in 107ms @ http://localhost:3000/_next/static/chunks/0nb~_next_dist_0sj1oe1._.js:2431
[ 1672495ms] [LOG] [Fast Refresh] rebuilding @ http://localhost:3000/_next/static/chunks/0nb~_next_dist_0sj1oe1._.js:2431
[ 1672523ms] [LOG] [Fast Refresh] done in 128ms @ http://localhost:3000/_next/static/chunks/0nb~_next_dist_0sj1oe1._.js:2431
[ 1673696ms] [LOG] [Fast Refresh] rebuilding @ http://localhost:3000/_next/static/chunks/0nb~_next_dist_0sj1oe1._.js:2431
[ 1673778ms] [LOG] [Fast Refresh] done in 182ms @ http://localhost:3000/_next/static/chunks/0nb~_next_dist_0sj1oe1._.js:2431
[ 1674165ms] [LOG] [Fast Refresh] rebuilding @ http://localhost:3000/_next/static/chunks/0nb~_next_dist_0sj1oe1._.js:2431
[ 1674169ms] [LOG] [Fast Refresh] done in 105ms @ http://localhost:3000/_next/static/chunks/0nb~_next_dist_0sj1oe1._.js:2431
[ 1674803ms] [LOG] [Fast Refresh] rebuilding @ http://localhost:3000/_next/static/chunks/0nb~_next_dist_0sj1oe1._.js:2431
[ 1674929ms] [LOG] [Fast Refresh] done in 227ms @ http://localhost:3000/_next/static/chunks/0nb~_next_dist_0sj1oe1._.js:2431
[ 1675279ms] [LOG] [Fast Refresh] rebuilding @ http://localhost:3000/_next/static/chunks/0nb~_next_dist_0sj1oe1._.js:2431
[ 1675296ms] [LOG] [Fast Refresh] done in 118ms @ http://localhost:3000/_next/static/chunks/0nb~_next_dist_0sj1oe1._.js:2431
[ 1677023ms] [LOG] [Fast Refresh] rebuilding @ http://localhost:3000/_next/static/chunks/0nb~_next_dist_0sj1oe1._.js:2431
[ 1677031ms] [LOG] [Fast Refresh] done in 108ms @ http://localhost:3000/_next/static/chunks/0nb~_next_dist_0sj1oe1._.js:2431
[ 1678287ms] [LOG] [Fast Refresh] rebuilding @ http://localhost:3000/_next/static/chunks/0nb~_next_dist_0sj1oe1._.js:2431
[ 1678329ms] [LOG] [Fast Refresh] done in 143ms @ http://localhost:3000/_next/static/chunks/0nb~_next_dist_0sj1oe1._.js:2431
[ 1688355ms] [LOG] [Fast Refresh] rebuilding @ http://localhost:3000/_next/static/chunks/0nb~_next_dist_0sj1oe1._.js:2431
[ 1688608ms] [LOG] [Fast Refresh] done in 353ms @ http://localhost:3000/_next/static/chunks/0nb~_next_dist_0sj1oe1._.js:2431
[ 1689556ms] [LOG] [Fast Refresh] rebuilding @ http://localhost:3000/_next/static/chunks/0nb~_next_dist_0sj1oe1._.js:2431
[ 1690046ms] [LOG] [Fast Refresh] done in 590ms @ http://localhost:3000/_next/static/chunks/0nb~_next_dist_0sj1oe1._.js:2431
[ 1714887ms] [LOG] [Fast Refresh] rebuilding @ http://localhost:3000/_next/static/chunks/0nb~_next_dist_0sj1oe1._.js:2431
[ 1715096ms] [LOG] [Fast Refresh] done in 238ms @ http://localhost:3000/_next/static/chunks/0nb~_next_dist_0sj1oe1._.js:2431
[ 1775698ms] [LOG] [Fast Refresh] rebuilding @ http://localhost:3000/_next/static/chunks/0nb~_next_dist_0sj1oe1._.js:2431
[ 1775754ms] [LOG] [Fast Refresh] done in 69ms @ http://localhost:3000/_next/static/chunks/0nb~_next_dist_0sj1oe1._.js:2431
[ 1775864ms] [LOG] [Fast Refresh] rebuilding @ http://localhost:3000/_next/static/chunks/0nb~_next_dist_0sj1oe1._.js:2431
[ 1775881ms] [LOG] [Fast Refresh] done in 117ms @ http://localhost:3000/_next/static/chunks/0nb~_next_dist_0sj1oe1._.js:2431
[ 2010429ms] [LOG] [Fast Refresh] rebuilding @ http://localhost:3000/_next/static/chunks/0nb~_next_dist_0sj1oe1._.js:2431
[ 2010670ms] [LOG] [Fast Refresh] done in 331ms @ http://localhost:3000/_next/static/chunks/0nb~_next_dist_0sj1oe1._.js:2431
[ 2010771ms] [LOG] [Fast Refresh] rebuilding @ http://localhost:3000/_next/static/chunks/0nb~_next_dist_0sj1oe1._.js:2431
[ 2011126ms] [LOG] [Fast Refresh] done in 456ms @ http://localhost:3000/_next/static/chunks/0nb~_next_dist_0sj1oe1._.js:2431
[ 2011278ms] [LOG] [Fast Refresh] rebuilding @ http://localhost:3000/_next/static/chunks/0nb~_next_dist_0sj1oe1._.js:2431
[ 2011717ms] [LOG] [Fast Refresh] done in 540ms @ http://localhost:3000/_next/static/chunks/0nb~_next_dist_0sj1oe1._.js:2431
[ 2014833ms] [LOG] [Fast Refresh] rebuilding @ http://localhost:3000/_next/static/chunks/0nb~_next_dist_0sj1oe1._.js:2431
[ 2014849ms] [LOG] [Fast Refresh] done in 117ms @ http://localhost:3000/_next/static/chunks/0nb~_next_dist_0sj1oe1._.js:2431
[ 2035452ms] [LOG] [Fast Refresh] rebuilding @ http://localhost:3000/_next/static/chunks/0nb~_next_dist_0sj1oe1._.js:2431
[ 2035599ms] [LOG] [Fast Refresh] done in 155ms @ http://localhost:3000/_next/static/chunks/0nb~_next_dist_0sj1oe1._.js:2431
[ 2084995ms] [LOG] [Fast Refresh] rebuilding @ http://localhost:3000/_next/static/chunks/0nb~_next_dist_0sj1oe1._.js:2431
[ 2085048ms] [LOG] [Fast Refresh] done in 91ms @ http://localhost:3000/_next/static/chunks/0nb~_next_dist_0sj1oe1._.js:2431
[ 2141077ms] [LOG] [Fast Refresh] rebuilding @ http://localhost:3000/_next/static/chunks/0nb~_next_dist_0sj1oe1._.js:2431
[ 2141989ms] [LOG] [Fast Refresh] done in 805ms @ http://localhost:3000/_next/static/chunks/0nb~_next_dist_0sj1oe1._.js:2431
[ 2142149ms] [LOG] [Fast Refresh] rebuilding @ http://localhost:3000/_next/static/chunks/0nb~_next_dist_0sj1oe1._.js:2431
[ 2142180ms] [LOG] [Fast Refresh] done in 132ms @ http://localhost:3000/_next/static/chunks/0nb~_next_dist_0sj1oe1._.js:2431
[ 2142524ms] [LOG] [Fast Refresh] rebuilding @ http://localhost:3000/_next/static/chunks/0nb~_next_dist_0sj1oe1._.js:2431
[ 2142607ms] [LOG] [Fast Refresh] done in 183ms @ http://localhost:3000/_next/static/chunks/0nb~_next_dist_0sj1oe1._.js:2431
[ 2371993ms] [LOG] [Fast Refresh] rebuilding @ http://localhost:3000/_next/static/chunks/0nb~_next_dist_0sj1oe1._.js:2431
[ 2372863ms] [LOG] [Fast Refresh] done in 926ms @ http://localhost:3000/_next/static/chunks/0nb~_next_dist_0sj1oe1._.js:2431
[ 2372964ms] [LOG] [Fast Refresh] rebuilding @ http://localhost:3000/_next/static/chunks/0nb~_next_dist_0sj1oe1._.js:2431
[ 2373274ms] [LOG] [Fast Refresh] done in 410ms @ http://localhost:3000/_next/static/chunks/0nb~_next_dist_0sj1oe1._.js:2431
[ 2373418ms] [LOG] [Fast Refresh] rebuilding @ http://localhost:3000/_next/static/chunks/0nb~_next_dist_0sj1oe1._.js:2431
[ 2373453ms] [LOG] [Fast Refresh] done in 135ms @ http://localhost:3000/_next/static/chunks/0nb~_next_dist_0sj1oe1._.js:2431
[ 2373990ms] [LOG] [Fast Refresh] rebuilding @ http://localhost:3000/_next/static/chunks/0nb~_next_dist_0sj1oe1._.js:2431
[ 2374017ms] [LOG] [Fast Refresh] done in 127ms @ http://localhost:3000/_next/static/chunks/0nb~_next_dist_0sj1oe1._.js:2431
[ 2451392ms] [LOG] [Fast Refresh] rebuilding @ http://localhost:3000/_next/static/chunks/0nb~_next_dist_0sj1oe1._.js:2431
[ 2451447ms] [LOG] [Fast Refresh] done in 68ms @ http://localhost:3000/_next/static/chunks/0nb~_next_dist_0sj1oe1._.js:2431
[ 2750844ms] [LOG] [Fast Refresh] rebuilding @ http://localhost:3000/_next/static/chunks/0nb~_next_dist_0sj1oe1._.js:2431
[ 2750920ms] [LOG] [Fast Refresh] done in 176ms @ http://localhost:3000/_next/static/chunks/0nb~_next_dist_0sj1oe1._.js:2431
[ 2794615ms] [LOG] [Fast Refresh] rebuilding @ http://localhost:3000/_next/static/chunks/0nb~_next_dist_0sj1oe1._.js:2431
[ 2794723ms] [LOG] [Fast Refresh] done in 123ms @ http://localhost:3000/_next/static/chunks/0nb~_next_dist_0sj1oe1._.js:2431
[ 2805419ms] [LOG] [Fast Refresh] rebuilding @ http://localhost:3000/_next/static/chunks/0nb~_next_dist_0sj1oe1._.js:2431
[ 2805510ms] [LOG] [Fast Refresh] done in 114ms @ http://localhost:3000/_next/static/chunks/0nb~_next_dist_0sj1oe1._.js:2431
[ 2816468ms] [LOG] [Fast Refresh] rebuilding @ http://localhost:3000/_next/static/chunks/0nb~_next_dist_0sj1oe1._.js:2431
[ 2816533ms] [LOG] [Fast Refresh] done in 110ms @ http://localhost:3000/_next/static/chunks/0nb~_next_dist_0sj1oe1._.js:2431
[ 2830609ms] [LOG] [Fast Refresh] rebuilding @ http://localhost:3000/_next/static/chunks/0nb~_next_dist_0sj1oe1._.js:2431
[ 2830749ms] [LOG] [Fast Refresh] done in 109ms @ http://localhost:3000/_next/static/chunks/0nb~_next_dist_0sj1oe1._.js:2431
[ 2887508ms] [LOG] [Fast Refresh] rebuilding @ http://localhost:3000/_next/static/chunks/0nb~_next_dist_0sj1oe1._.js:2431
[ 2887570ms] [LOG] [Fast Refresh] done in 109ms @ http://localhost:3000/_next/static/chunks/0nb~_next_dist_0sj1oe1._.js:2431
[ 2898416ms] [LOG] [Fast Refresh] rebuilding @ http://localhost:3000/_next/static/chunks/0nb~_next_dist_0sj1oe1._.js:2431
[ 2898512ms] [LOG] [Fast Refresh] done in 112ms @ http://localhost:3000/_next/static/chunks/0nb~_next_dist_0sj1oe1._.js:2431
[ 3157021ms] [LOG] [Fast Refresh] rebuilding @ http://localhost:3000/_next/static/chunks/0nb~_next_dist_0sj1oe1._.js:2431
[ 3157093ms] [LOG] [Fast Refresh] done in 118ms @ http://localhost:3000/_next/static/chunks/0nb~_next_dist_0sj1oe1._.js:2431
[ 3165063ms] [LOG] [Fast Refresh] rebuilding @ http://localhost:3000/_next/static/chunks/0nb~_next_dist_0sj1oe1._.js:2431
[ 3165095ms] [LOG] [Fast Refresh] done in 133ms @ http://localhost:3000/_next/static/chunks/0nb~_next_dist_0sj1oe1._.js:2431
[ 3483581ms] [LOG] [Fast Refresh] rebuilding @ http://localhost:3000/_next/static/chunks/0nb~_next_dist_0sj1oe1._.js:2431
[ 3485032ms] [LOG] [Fast Refresh] done in 1031ms @ http://localhost:3000/_next/static/chunks/0nb~_next_dist_0sj1oe1._.js:2431
[ 3485754ms] [LOG] [Fast Refresh] rebuilding @ http://localhost:3000/_next/static/chunks/0nb~_next_dist_0sj1oe1._.js:2431
[ 3486015ms] [LOG] [Fast Refresh] done in 361ms @ http://localhost:3000/_next/static/chunks/0nb~_next_dist_0sj1oe1._.js:2431
[ 3487158ms] [LOG] [Fast Refresh] rebuilding @ http://localhost:3000/_next/static/chunks/0nb~_next_dist_0sj1oe1._.js:2431
[ 3487345ms] [LOG] [Fast Refresh] done in 288ms @ http://localhost:3000/_next/static/chunks/0nb~_next_dist_0sj1oe1._.js:2431
[ 3492168ms] [LOG] [Fast Refresh] rebuilding @ http://localhost:3000/_next/static/chunks/0nb~_next_dist_0sj1oe1._.js:2431
[ 3492349ms] [LOG] [Fast Refresh] done in 181ms @ http://localhost:3000/_next/static/chunks/0nb~_next_dist_0sj1oe1._.js:2431
[ 3502570ms] [LOG] [Fast Refresh] rebuilding @ http://localhost:3000/_next/static/chunks/0nb~_next_dist_0sj1oe1._.js:2431
[ 3503398ms] [LOG] [Fast Refresh] done in 325ms @ http://localhost:3000/_next/static/chunks/0nb~_next_dist_0sj1oe1._.js:2431
[ 3503575ms] [LOG] [Fast Refresh] rebuilding @ http://localhost:3000/_next/static/chunks/0nb~_next_dist_0sj1oe1._.js:2431
[ 3503831ms] [LOG] [Fast Refresh] done in 356ms @ http://localhost:3000/_next/static/chunks/0nb~_next_dist_0sj1oe1._.js:2431
[ 3504839ms] [LOG] [Fast Refresh] rebuilding @ http://localhost:3000/_next/static/chunks/0nb~_next_dist_0sj1oe1._.js:2431
[ 3505028ms] [LOG] [Fast Refresh] done in 289ms @ http://localhost:3000/_next/static/chunks/0nb~_next_dist_0sj1oe1._.js:2431
[ 3507173ms] [LOG] [Fast Refresh] rebuilding @ http://localhost:3000/_next/static/chunks/0nb~_next_dist_0sj1oe1._.js:2431
[ 3507226ms] [LOG] [Fast Refresh] done in 153ms @ http://localhost:3000/_next/static/chunks/0nb~_next_dist_0sj1oe1._.js:2431
[ 3507467ms] [LOG] [Fast Refresh] rebuilding @ http://localhost:3000/_next/static/chunks/0nb~_next_dist_0sj1oe1._.js:2431
[ 3509097ms] [LOG] [Fast Refresh] done in 1730ms @ http://localhost:3000/_next/static/chunks/0nb~_next_dist_0sj1oe1._.js:2431
[ 3522939ms] [LOG] [Fast Refresh] rebuilding @ http://localhost:3000/_next/static/chunks/0nb~_next_dist_0sj1oe1._.js:2431
[ 3523017ms] [LOG] [Fast Refresh] done in 110ms @ http://localhost:3000/_next/static/chunks/0nb~_next_dist_0sj1oe1._.js:2431
[ 3789153ms] [LOG] [Fast Refresh] rebuilding @ http://localhost:3000/_next/static/chunks/0nb~_next_dist_0sj1oe1._.js:2431
[ 3789581ms] [LOG] [Fast Refresh] done in 527ms @ http://localhost:3000/_next/static/chunks/0nb~_next_dist_0sj1oe1._.js:2431
[ 3789682ms] [LOG] [Fast Refresh] rebuilding @ http://localhost:3000/_next/static/chunks/0nb~_next_dist_0sj1oe1._.js:2431
[ 3790167ms] [LOG] [Fast Refresh] done in 586ms @ http://localhost:3000/_next/static/chunks/0nb~_next_dist_0sj1oe1._.js:2431
[ 3791026ms] [LOG] [Fast Refresh] rebuilding @ http://localhost:3000/_next/static/chunks/0nb~_next_dist_0sj1oe1._.js:2431
[ 3791330ms] [LOG] [Fast Refresh] done in 404ms @ http://localhost:3000/_next/static/chunks/0nb~_next_dist_0sj1oe1._.js:2431
[ 3823182ms] [LOG] [Fast Refresh] rebuilding @ http://localhost:3000/_next/static/chunks/0nb~_next_dist_0sj1oe1._.js:2431
[ 3823236ms] [LOG] [Fast Refresh] done in 154ms @ http://localhost:3000/_next/static/chunks/0nb~_next_dist_0sj1oe1._.js:2431
[ 3919362ms] [LOG] [Fast Refresh] rebuilding @ http://localhost:3000/_next/static/chunks/0nb~_next_dist_0sj1oe1._.js:2431
[ 3919443ms] [LOG] [Fast Refresh] done in 75ms @ http://localhost:3000/_next/static/chunks/0nb~_next_dist_0sj1oe1._.js:2431
[ 3942255ms] [LOG] [Fast Refresh] rebuilding @ http://localhost:3000/_next/static/chunks/0nb~_next_dist_0sj1oe1._.js:2431
[ 3943167ms] [LOG] [Fast Refresh] done in 776ms @ http://localhost:3000/_next/static/chunks/0nb~_next_dist_0sj1oe1._.js:2431
[ 3943501ms] [LOG] [Fast Refresh] rebuilding @ http://localhost:3000/_next/static/chunks/0nb~_next_dist_0sj1oe1._.js:2431
[ 3943560ms] [LOG] [Fast Refresh] done in 159ms @ http://localhost:3000/_next/static/chunks/0nb~_next_dist_0sj1oe1._.js:2431
[ 4324576ms] [LOG] [Fast Refresh] rebuilding @ http://localhost:3000/_next/static/chunks/0nb~_next_dist_0sj1oe1._.js:2431
[ 4324686ms] [LOG] [Fast Refresh] done in 173ms @ http://localhost:3000/_next/static/chunks/0nb~_next_dist_0sj1oe1._.js:2431
[ 4412731ms] [LOG] [Fast Refresh] rebuilding @ http://localhost:3000/_next/static/chunks/0nb~_next_dist_0sj1oe1._.js:2431
[ 4412740ms] [LOG] [Fast Refresh] done in 109ms @ http://localhost:3000/_next/static/chunks/0nb~_next_dist_0sj1oe1._.js:2431
[ 4416958ms] [LOG] [Fast Refresh] rebuilding @ http://localhost:3000/_next/static/chunks/0nb~_next_dist_0sj1oe1._.js:2431
[ 4417429ms] [LOG] [Fast Refresh] done in 570ms @ http://localhost:3000/_next/static/chunks/0nb~_next_dist_0sj1oe1._.js:2431
[ 4417530ms] [LOG] [Fast Refresh] rebuilding @ http://localhost:3000/_next/static/chunks/0nb~_next_dist_0sj1oe1._.js:2431
[ 4417672ms] [LOG] [Fast Refresh] done in 242ms @ http://localhost:3000/_next/static/chunks/0nb~_next_dist_0sj1oe1._.js:2431
[ 4497768ms] [LOG] [Fast Refresh] rebuilding @ http://localhost:3000/_next/static/chunks/0nb~_next_dist_0sj1oe1._.js:2431
[ 4498555ms] [ERROR] ./DEV/lexi-fe/app/(app)/flashcards/page.tsx:2:1
Module not found: Can't resolve '@/features/flashcards/components/deck-overview'
  1 | ...t { fetchPracticeQueue } from "@/features/flashcards/actions/practice-actions";
> 2 | ...t { FlashcardDeckOverview } from "@/features/flashcards/components/deck-overv...
    |    ^^^^^^^^^^^^^^^^^^^^^^^^^^^^^^^^^^^^^^^^^^^^^^^^^^^^^^^^^^^^^^^^^^^^^^^^^^^^^^^^
  3 | ...t { PageHeader } from "@/components/shared/page-header";
  4 | ...t { Button } from "@/components/ui/button";
  5 | ...t { ArrowRight, BookOpen } from "lucide-react";

Import map: aliased to relative './features/flashcards/components/deck-overview' inside of [project]/DEV/lexi-fe

https://nextjs.org/docs/messages/module-not-found @ http://localhost:3000/_next/static/chunks/0nb~_next_dist_0sj1oe1._.js:3272
[ 4498670ms] [ERROR] Failed to load resource: the server responded with a status of 500 (Internal Server Error) @ http://localhost:3000/login?callbackUrl=%2Fflashcards&_rsc=iy8bi:0
[ 4498688ms] [ERROR] ./DEV/lexi-fe/app/(app)/flashcards/page.tsx:2:1
Module not found: Can't resolve '@/features/flashcards/components/deck-overview'
  1 | ...t { fetchPracticeQueue } from "@/features/flashcards/actions/practice-actions";
> 2 | ...t { FlashcardDeckOverview } from "@/features/flashcards/components/deck-overv...
    |    ^^^^^^^^^^^^^^^^^^^^^^^^^^^^^^^^^^^^^^^^^^^^^^^^^^^^^^^^^^^^^^^^^^^^^^^^^^^^^^^^
  3 | ...t { PageHeader } from "@/components/shared/page-header";
  4 | ...t { Button } from "@/components/ui/button";
  5 | ...t { ArrowRight, BookOpen } from "lucide-react";

Import map: aliased to relative './features/flashcards/components/deck-overview' inside of [project]/DEV/lexi-fe

https://nextjs.org/docs/messages/module-not-found @ http://localhost:3000/_next/static/chunks/0nb~_next_dist_0sj1oe1._.js:3272
[ 4498722ms] [ERROR] Failed to load resource: the server responded with a status of 500 (Internal Server Error) @ http://localhost:3000/login?callbackUrl=%2Fflashcards&_rsc=iy8bi:0
[ 4498729ms] [ERROR] ./DEV/lexi-fe/app/(app)/flashcards/page.tsx:2:1
Module not found: Can't resolve '@/features/flashcards/components/deck-overview'
  1 | ...t { fetchPracticeQueue } from "@/features/flashcards/actions/practice-actions";
> 2 | ...t { FlashcardDeckOverview } from "@/features/flashcards/components/deck-overv...
    |    ^^^^^^^^^^^^^^^^^^^^^^^^^^^^^^^^^^^^^^^^^^^^^^^^^^^^^^^^^^^^^^^^^^^^^^^^^^^^^^^^
  3 | ...t { PageHeader } from "@/components/shared/page-header";
  4 | ...t { Button } from "@/components/ui/button";
  5 | ...t { ArrowRight, BookOpen } from "lucide-react";

Import map: aliased to relative './features/flashcards/components/deck-overview' inside of [project]/DEV/lexi-fe

https://nextjs.org/docs/messages/module-not-found @ http://localhost:3000/_next/static/chunks/0nb~_next_dist_0sj1oe1._.js:3272
[ 4498794ms] [ERROR] Failed to load resource: the server responded with a status of 500 (Internal Server Error) @ http://localhost:3000/login?callbackUrl=%2Fflashcards&_rsc=iy8bi:0
[ 4498829ms] [ERROR] ./DEV/lexi-fe/app/(app)/flashcards/page.tsx:2:1
Module not found: Can't resolve '@/features/flashcards/components/deck-overview'
  1 | ...t { fetchPracticeQueue } from "@/features/flashcards/actions/practice-actions";
> 2 | ...t { FlashcardDeckOverview } from "@/features/flashcards/components/deck-overv...
    |    ^^^^^^^^^^^^^^^^^^^^^^^^^^^^^^^^^^^^^^^^^^^^^^^^^^^^^^^^^^^^^^^^^^^^^^^^^^^^^^^^
  3 | ...t { PageHeader } from "@/components/shared/page-header";
  4 | ...t { Button } from "@/components/ui/button";
  5 | ...t { ArrowRight, BookOpen } from "lucide-react";

Import map: aliased to relative './features/flashcards/components/deck-overview' inside of [project]/DEV/lexi-fe

https://nextjs.org/docs/messages/module-not-found @ http://localhost:3000/_next/static/chunks/0nb~_next_dist_0sj1oe1._.js:3272
[ 4498874ms] [ERROR] Failed to load resource: the server responded with a status of 500 (Internal Server Error) @ http://localhost:3000/login?callbackUrl=%2Fflashcards:0
[ 4499099ms] [INFO] %cDownload the React DevTools for a better development experience: https://react.dev/link/react-devtools font-weight:bold @ http://localhost:3000/_next/static/chunks/0o3r_react-dom_04ys_sz._.js:15305
[ 4499313ms] Error: ./DEV/lexi-fe/app/(app)/flashcards/page.tsx:2:1
Module not found: Can't resolve '@/features/flashcards/components/deck-overview'
  1 | ...t { fetchPracticeQueue } from "@/features/flashcards/actions/practice-actions";
> 2 | ...t { FlashcardDeckOverview } from "@/features/flashcards/components/deck-overv...
    |    ^^^^^^^^^^^^^^^^^^^^^^^^^^^^^^^^^^^^^^^^^^^^^^^^^^^^^^^^^^^^^^^^^^^^^^^^^^^^^^^^
  3 | ...t { PageHeader } from "@/components/shared/page-header";
  4 | ...t { Button } from "@/components/ui/button";
  5 | ...t { ArrowRight, BookOpen } from "lucide-react";

Import map: aliased to relative './features/flashcards/components/deck-overview' inside of [project]/DEV/lexi-fe


https://nextjs.org/docs/messages/module-not-found


    at <unknown> (Error: ./DEV/lexi-fe/app/(app)/flashcards/page.tsx:2:1)
    at <unknown> (https://nextjs.org/docs/messages/module-not-found)
    at Object.getCompilationErrors (file:///home/ngoctin/DEV/lexi-fe/node_modules/.pnpm/next@16.2.0_@babel+core@7.29.0_react-dom@19.2.4_react@19.2.4__react@19.2.4/node_modules/next/dist/server/dev/hot-reloader-turbopack.js:1189:59)
    at DevBundlerService.getCompilationError (file:///home/ngoctin/DEV/lexi-fe/node_modules/.pnpm/next@16.2.0_@babel+core@7.29.0_react-dom@19.2.4_react@19.2.4__react@19.2.4/node_modules/next/dist/server/lib/dev-bundler-service.js:44:55)
    at DevServer.getCompilationError (file:///home/ngoctin/DEV/lexi-fe/node_modules/.pnpm/next@16.2.0_@babel+core@7.29.0_react-dom@19.2.4_react@19.2.4__react@19.2.4/node_modules/next/dist/server/dev/next-dev-server.js:719:42)
    at DevServer.findPageComponents (file:///home/ngoctin/DEV/lexi-fe/node_modules/.pnpm/next@16.2.0_@babel+core@7.29.0_react-dom@19.2.4_react@19.2.4__react@19.2.4/node_modules/next/dist/server/dev/next-dev-server.js:689:43)
    at async DevServer.renderErrorToResponseImpl (file:///home/ngoctin/DEV/lexi-fe/node_modules/.pnpm/next@16.2.0_@babel+core@7.29.0_react-dom@19.2.4_react@19.2.4__react@19.2.4/node_modules/next/dist/server/base-server.js:1745:26)
[ 4499292ms] [LOG] [HMR] connected @ http://localhost:3000/_next/static/chunks/0nb~_next_dist_0jlynat._.js:1226
[ 4499301ms] [ERROR] ./DEV/lexi-fe/app/(app)/flashcards/page.tsx:2:1
Module not found: Can't resolve '@/features/flashcards/components/deck-overview'
  1 | ...t { fetchPracticeQueue } from "@/features/flashcards/actions/practice-actions";
> 2 | ...t { FlashcardDeckOverview } from "@/features/flashcards/components/deck-overv...
    |    ^^^^^^^^^^^^^^^^^^^^^^^^^^^^^^^^^^^^^^^^^^^^^^^^^^^^^^^^^^^^^^^^^^^^^^^^^^^^^^^^
  3 | ...t { PageHeader } from "@/components/shared/page-header";
  4 | ...t { Button } from "@/components/ui/button";
  5 | ...t { ArrowRight, BookOpen } from "lucide-react";

Import map: aliased to relative './features/flashcards/components/deck-overview' inside of [project]/DEV/lexi-fe

https://nextjs.org/docs/messages/module-not-found @ http://localhost:3000/_next/static/chunks/0nb~_next_dist_0jlynat._.js:1945
[ 4499415ms] [ERROR] ./DEV/lexi-fe/app/(app)/flashcards/page.tsx:2:1
Module not found: Can't resolve '@/features/flashcards/components/deck-overview'
  1 | ...t { fetchPracticeQueue } from "@/features/flashcards/actions/practice-actions";
> 2 | ...t { FlashcardDeckOverview } from "@/features/flashcards/components/deck-overv...
    |    ^^^^^^^^^^^^^^^^^^^^^^^^^^^^^^^^^^^^^^^^^^^^^^^^^^^^^^^^^^^^^^^^^^^^^^^^^^^^^^^^
  3 | ...t { PageHeader } from "@/components/shared/page-header";
  4 | ...t { Button } from "@/components/ui/button";
  5 | ...t { ArrowRight, BookOpen } from "lucide-react";

Import map: aliased to relative './features/flashcards/components/deck-overview' inside of [project]/DEV/lexi-fe

https://nextjs.org/docs/messages/module-not-found @ http://localhost:3000/_next/static/chunks/0nb~_next_dist_0jlynat._.js:1945
[ 4499485ms] [ERROR] ./DEV/lexi-fe/app/(app)/flashcards/page.tsx:2:1
Module not found: Can't resolve '@/features/flashcards/components/deck-overview'
  1 | ...t { fetchPracticeQueue } from "@/features/flashcards/actions/practice-actions";
> 2 | ...t { FlashcardDeckOverview } from "@/features/flashcards/components/deck-overv...
    |    ^^^^^^^^^^^^^^^^^^^^^^^^^^^^^^^^^^^^^^^^^^^^^^^^^^^^^^^^^^^^^^^^^^^^^^^^^^^^^^^^
  3 | ...t { PageHeader } from "@/components/shared/page-header";
  4 | ...t { Button } from "@/components/ui/button";
  5 | ...t { ArrowRight, BookOpen } from "lucide-react";

Import map: aliased to relative './features/flashcards/components/deck-overview' inside of [project]/DEV/lexi-fe

https://nextjs.org/docs/messages/module-not-found @ http://localhost:3000/_next/static/chunks/0nb~_next_dist_0jlynat._.js:1945
[ 4499566ms] [ERROR] ./DEV/lexi-fe/app/(app)/flashcards/page.tsx:2:1
Module not found: Can't resolve '@/features/flashcards/components/deck-overview'
  1 | ...t { fetchPracticeQueue } from "@/features/flashcards/actions/practice-actions";
> 2 | ...t { FlashcardDeckOverview } from "@/features/flashcards/components/deck-overv...
    |    ^^^^^^^^^^^^^^^^^^^^^^^^^^^^^^^^^^^^^^^^^^^^^^^^^^^^^^^^^^^^^^^^^^^^^^^^^^^^^^^^
  3 | ...t { PageHeader } from "@/components/shared/page-header";
  4 | ...t { Button } from "@/components/ui/button";
  5 | ...t { ArrowRight, BookOpen } from "lucide-react";

Import map: aliased to relative './features/flashcards/components/deck-overview' inside of [project]/DEV/lexi-fe

https://nextjs.org/docs/messages/module-not-found @ http://localhost:3000/_next/static/chunks/0nb~_next_dist_0jlynat._.js:1945
[ 4499585ms] [LOG] [Fast Refresh] rebuilding @ http://localhost:3000/_next/static/chunks/0nb~_next_dist_0jlynat._.js:1226
[ 4499894ms] [ERROR] ./DEV/lexi-fe/app/(app)/flashcards/page.tsx:2:1
Module not found: Can't resolve '@/features/flashcards/components/deck-overview'
  1 | ...t { fetchPracticeQueue } from "@/features/flashcards/actions/practice-actions";
> 2 | ...t { FlashcardDeckOverview } from "@/features/flashcards/components/deck-overv...
    |    ^^^^^^^^^^^^^^^^^^^^^^^^^^^^^^^^^^^^^^^^^^^^^^^^^^^^^^^^^^^^^^^^^^^^^^^^^^^^^^^^
  3 | ...t { PageHeader } from "@/components/shared/page-header";
  4 | ...t { Button } from "@/components/ui/button";
  5 | ...t { ArrowRight, BookOpen } from "lucide-react";

Import map: aliased to relative './features/flashcards/components/deck-overview' inside of [project]/DEV/lexi-fe

https://nextjs.org/docs/messages/module-not-found @ http://localhost:3000/_next/static/chunks/0nb~_next_dist_0jlynat._.js:1945
[ 4499962ms] [LOG] [Fast Refresh] rebuilding @ http://localhost:3000/_next/static/chunks/0nb~_next_dist_0jlynat._.js:1226
[ 4512855ms] [ERROR] ./DEV/lexi-fe/app/(app)/flashcards/page.tsx:2:1
Module not found: Can't resolve '@/features/flashcards/components/deck-overview'
  1 | ...t { fetchPracticeQueue } from "@/features/flashcards/actions/practice-actions";
> 2 | ...t { FlashcardDeckOverview } from "@/features/flashcards/components/deck-overv...
    |    ^^^^^^^^^^^^^^^^^^^^^^^^^^^^^^^^^^^^^^^^^^^^^^^^^^^^^^^^^^^^^^^^^^^^^^^^^^^^^^^^
  3 | ...t { PageHeader } from "@/components/shared/page-header";
  4 | ...t { Button } from "@/components/ui/button";
  5 | ...t { ArrowRight, BookOpen } from "lucide-react";

Import map: aliased to relative './features/flashcards/components/deck-overview' inside of [project]/DEV/lexi-fe

https://nextjs.org/docs/messages/module-not-found @ http://localhost:3000/_next/static/chunks/0nb~_next_dist_0jlynat._.js:1945
[ 4512908ms] [LOG] [Fast Refresh] rebuilding @ http://localhost:3000/_next/static/chunks/0nb~_next_dist_0jlynat._.js:1226
[ 4513027ms] [LOG] [Fast Refresh] rebuilding @ http://localhost:3000/_next/static/chunks/0nb~_next_dist_0jlynat._.js:1226
[ 4513056ms] [ERROR] ./DEV/lexi-fe/app/(app)/flashcards/page.tsx:2:1
Module not found: Can't resolve '@/features/flashcards/components/deck-overview'
  1 | ...t { fetchPracticeQueue } from "@/features/flashcards/actions/practice-actions";
> 2 | ...t { FlashcardDeckOverview } from "@/features/flashcards/components/deck-overv...
    |    ^^^^^^^^^^^^^^^^^^^^^^^^^^^^^^^^^^^^^^^^^^^^^^^^^^^^^^^^^^^^^^^^^^^^^^^^^^^^^^^^
  3 | ...t { PageHeader } from "@/components/shared/page-header";
  4 | ...t { Button } from "@/components/ui/button";
  5 | ...t { ArrowRight, BookOpen } from "lucide-react";

Import map: aliased to relative './features/flashcards/components/deck-overview' inside of [project]/DEV/lexi-fe

https://nextjs.org/docs/messages/module-not-found @ http://localhost:3000/_next/static/chunks/0nb~_next_dist_0jlynat._.js:1945
[ 4513669ms] [ERROR] ./DEV/lexi-fe/app/(app)/flashcards/page.tsx:2:1
Module not found: Can't resolve '@/features/flashcards/components/deck-overview'
  1 | ...t { fetchPracticeQueue } from "@/features/flashcards/actions/practice-actions";
> 2 | ...t { FlashcardDeckOverview } from "@/features/flashcards/components/deck-overv...
    |    ^^^^^^^^^^^^^^^^^^^^^^^^^^^^^^^^^^^^^^^^^^^^^^^^^^^^^^^^^^^^^^^^^^^^^^^^^^^^^^^^
  3 | ...t { PageHeader } from "@/components/shared/page-header";
  4 | ...t { Button } from "@/components/ui/button";
  5 | ...t { ArrowRight, BookOpen } from "lucide-react";

Import map: aliased to relative './features/flashcards/components/deck-overview' inside of [project]/DEV/lexi-fe

https://nextjs.org/docs/messages/module-not-found @ http://localhost:3000/_next/static/chunks/0nb~_next_dist_0jlynat._.js:1945
[ 4513758ms] [ERROR] ./DEV/lexi-fe/app/(app)/flashcards/page.tsx:2:1
Module not found: Can't resolve '@/features/flashcards/components/deck-overview'
  1 | ...t { fetchPracticeQueue } from "@/features/flashcards/actions/practice-actions";
> 2 | ...t { FlashcardDeckOverview } from "@/features/flashcards/components/deck-overv...
    |    ^^^^^^^^^^^^^^^^^^^^^^^^^^^^^^^^^^^^^^^^^^^^^^^^^^^^^^^^^^^^^^^^^^^^^^^^^^^^^^^^
  3 | ...t { PageHeader } from "@/components/shared/page-header";
  4 | ...t { Button } from "@/components/ui/button";
  5 | ...t { ArrowRight, BookOpen } from "lucide-react";

Import map: aliased to relative './features/flashcards/components/deck-overview' inside of [project]/DEV/lexi-fe

https://nextjs.org/docs/messages/module-not-found @ http://localhost:3000/_next/static/chunks/0nb~_next_dist_0jlynat._.js:1945
[ 4513826ms] [LOG] [Fast Refresh] rebuilding @ http://localhost:3000/_next/static/chunks/0nb~_next_dist_0jlynat._.js:1226
[ 4514321ms] [ERROR] ./DEV/lexi-fe/app/(app)/flashcards/page.tsx:2:1
Module not found: Can't resolve '@/features/flashcards/components/deck-overview'
  1 | ...t { fetchPracticeQueue } from "@/features/flashcards/actions/practice-actions";
> 2 | ...t { FlashcardDeckOverview } from "@/features/flashcards/components/deck-overv...
    |    ^^^^^^^^^^^^^^^^^^^^^^^^^^^^^^^^^^^^^^^^^^^^^^^^^^^^^^^^^^^^^^^^^^^^^^^^^^^^^^^^
  3 | ...t { PageHeader } from "@/components/shared/page-header";
  4 | ...t { Button } from "@/components/ui/button";
  5 | ...t { ArrowRight, BookOpen } from "lucide-react";

Import map: aliased to relative './features/flashcards/components/deck-overview' inside of [project]/DEV/lexi-fe

https://nextjs.org/docs/messages/module-not-found @ http://localhost:3000/_next/static/chunks/0nb~_next_dist_0jlynat._.js:1945
[ 4514376ms] [LOG] [Fast Refresh] rebuilding @ http://localhost:3000/_next/static/chunks/0nb~_next_dist_0jlynat._.js:1226
[ 4514408ms] [ERROR] ./DEV/lexi-fe/app/(app)/flashcards/page.tsx:2:1
Module not found: Can't resolve '@/features/flashcards/components/deck-overview'
  1 | ...t { fetchPracticeQueue } from "@/features/flashcards/actions/practice-actions";
> 2 | ...t { FlashcardDeckOverview } from "@/features/flashcards/components/deck-overv...
    |    ^^^^^^^^^^^^^^^^^^^^^^^^^^^^^^^^^^^^^^^^^^^^^^^^^^^^^^^^^^^^^^^^^^^^^^^^^^^^^^^^
  3 | ...t { PageHeader } from "@/components/shared/page-header";
  4 | ...t { Button } from "@/components/ui/button";
  5 | ...t { ArrowRight, BookOpen } from "lucide-react";

Import map: aliased to relative './features/flashcards/components/deck-overview' inside of [project]/DEV/lexi-fe

https://nextjs.org/docs/messages/module-not-found @ http://localhost:3000/_next/static/chunks/0nb~_next_dist_0jlynat._.js:1945
[ 4514477ms] [LOG] [Fast Refresh] rebuilding @ http://localhost:3000/_next/static/chunks/0nb~_next_dist_0jlynat._.js:1226
[ 4515008ms] [ERROR] ./DEV/lexi-fe/app/(app)/flashcards/page.tsx:2:1
Module not found: Can't resolve '@/features/flashcards/components/deck-overview'
  1 | ...t { fetchPracticeQueue } from "@/features/flashcards/actions/practice-actions";
> 2 | ...t { FlashcardDeckOverview } from "@/features/flashcards/components/deck-overv...
    |    ^^^^^^^^^^^^^^^^^^^^^^^^^^^^^^^^^^^^^^^^^^^^^^^^^^^^^^^^^^^^^^^^^^^^^^^^^^^^^^^^
  3 | ...t { PageHeader } from "@/components/shared/page-header";
  4 | ...t { Button } from "@/components/ui/button";
  5 | ...t { ArrowRight, BookOpen } from "lucide-react";

Import map: aliased to relative './features/flashcards/components/deck-overview' inside of [project]/DEV/lexi-fe

https://nextjs.org/docs/messages/module-not-found @ http://localhost:3000/_next/static/chunks/0nb~_next_dist_0jlynat._.js:1945
[ 4515102ms] [ERROR] ./DEV/lexi-fe/app/(app)/flashcards/page.tsx:2:1
Module not found: Can't resolve '@/features/flashcards/components/deck-overview'
  1 | ...t { fetchPracticeQueue } from "@/features/flashcards/actions/practice-actions";
> 2 | ...t { FlashcardDeckOverview } from "@/features/flashcards/components/deck-overv...
    |    ^^^^^^^^^^^^^^^^^^^^^^^^^^^^^^^^^^^^^^^^^^^^^^^^^^^^^^^^^^^^^^^^^^^^^^^^^^^^^^^^
  3 | ...t { PageHeader } from "@/components/shared/page-header";
  4 | ...t { Button } from "@/components/ui/button";
  5 | ...t { ArrowRight, BookOpen } from "lucide-react";

Import map: aliased to relative './features/flashcards/components/deck-overview' inside of [project]/DEV/lexi-fe

https://nextjs.org/docs/messages/module-not-found @ http://localhost:3000/_next/static/chunks/0nb~_next_dist_0jlynat._.js:1945
[ 4515171ms] [LOG] [Fast Refresh] rebuilding @ http://localhost:3000/_next/static/chunks/0nb~_next_dist_0jlynat._.js:1226
[ 4516400ms] [ERROR] ./DEV/lexi-fe/app/(app)/flashcards/page.tsx:2:1
Module not found: Can't resolve '@/features/flashcards/components/deck-overview'
  1 | ...t { fetchPracticeQueue } from "@/features/flashcards/actions/practice-actions";
> 2 | ...t { FlashcardDeckOverview } from "@/features/flashcards/components/deck-overv...
    |    ^^^^^^^^^^^^^^^^^^^^^^^^^^^^^^^^^^^^^^^^^^^^^^^^^^^^^^^^^^^^^^^^^^^^^^^^^^^^^^^^
  3 | ...t { PageHeader } from "@/components/shared/page-header";
  4 | ...t { Button } from "@/components/ui/button";
  5 | ...t { ArrowRight, BookOpen } from "lucide-react";

Import map: aliased to relative './features/flashcards/components/deck-overview' inside of [project]/DEV/lexi-fe

https://nextjs.org/docs/messages/module-not-found @ http://localhost:3000/_next/static/chunks/0nb~_next_dist_0jlynat._.js:1945
[ 4516466ms] [LOG] [Fast Refresh] rebuilding @ http://localhost:3000/_next/static/chunks/0nb~_next_dist_0jlynat._.js:1226
[ 4516499ms] [ERROR] ./DEV/lexi-fe/app/(app)/flashcards/page.tsx:2:1
Module not found: Can't resolve '@/features/flashcards/components/deck-overview'
  1 | ...t { fetchPracticeQueue } from "@/features/flashcards/actions/practice-actions";
> 2 | ...t { FlashcardDeckOverview } from "@/features/flashcards/components/deck-overv...
    |    ^^^^^^^^^^^^^^^^^^^^^^^^^^^^^^^^^^^^^^^^^^^^^^^^^^^^^^^^^^^^^^^^^^^^^^^^^^^^^^^^
  3 | ...t { PageHeader } from "@/components/shared/page-header";
  4 | ...t { Button } from "@/components/ui/button";
  5 | ...t { ArrowRight, BookOpen } from "lucide-react";

Import map: aliased to relative './features/flashcards/components/deck-overview' inside of [project]/DEV/lexi-fe

https://nextjs.org/docs/messages/module-not-found @ http://localhost:3000/_next/static/chunks/0nb~_next_dist_0jlynat._.js:1945
[ 4516568ms] [LOG] [Fast Refresh] rebuilding @ http://localhost:3000/_next/static/chunks/0nb~_next_dist_0jlynat._.js:1226
[ 4518787ms] [LOG] [Fast Refresh] rebuilding @ http://localhost:3000/_next/static/chunks/0nb~_next_dist_0jlynat._.js:1226
[ 4520153ms] [LOG] [Fast Refresh] done in 1161ms @ http://localhost:3000/_next/static/chunks/0nb~_next_dist_0jlynat._.js:1226
[ 4522509ms] [INFO] %cDownload the React DevTools for a better development experience: https://react.dev/link/react-devtools font-weight:bold @ http://localhost:3000/_next/static/chunks/0nb~_next_dist_0sj1oe1._.js:2431
[ 4522600ms] [LOG] [HMR] connected @ http://localhost:3000/_next/static/chunks/0nb~_next_dist_0sj1oe1._.js:2431
[ 4532646ms] [LOG] [Fast Refresh] rebuilding @ http://localhost:3000/_next/static/chunks/0nb~_next_dist_0sj1oe1._.js:2431
[ 4533410ms] [LOG] [Fast Refresh] done in 863ms @ http://localhost:3000/_next/static/chunks/0nb~_next_dist_0sj1oe1._.js:2431
[ 4533522ms] [LOG] [Fast Refresh] rebuilding @ http://localhost:3000/_next/static/chunks/0nb~_next_dist_0sj1oe1._.js:2431
[ 4534275ms] [LOG] [Fast Refresh] done in 466ms @ http://localhost:3000/_next/static/chunks/0nb~_next_dist_0sj1oe1._.js:2431
[ 4566887ms] [LOG] [Fast Refresh] rebuilding @ http://localhost:3000/_next/static/chunks/0nb~_next_dist_0sj1oe1._.js:2431
[ 4567140ms] [LOG] [Fast Refresh] done in 322ms @ http://localhost:3000/_next/static/chunks/0nb~_next_dist_0sj1oe1._.js:2431
[ 4573988ms] [LOG] [Fast Refresh] rebuilding @ http://localhost:3000/_next/static/chunks/0nb~_next_dist_0sj1oe1._.js:2431
[ 4574056ms] [LOG] [Fast Refresh] done in 138ms @ http://localhost:3000/_next/static/chunks/0nb~_next_dist_0sj1oe1._.js:2431
