[     579ms] [LOG] [Fast Refresh] rebuilding @ http://localhost:3000/_next/static/chunks/0nb~_next_dist_0sj1oe1._.js:2431
[     614ms] [LOG] [Fast Refresh] done in 134ms @ http://localhost:3000/_next/static/chunks/0nb~_next_dist_0sj1oe1._.js:2431
[    1010ms] [INFO] %cDownload the React DevTools for a better development experience: https://react.dev/link/react-devtools font-weight:bold @ http://localhost:3000/_next/static/chunks/0nb~_next_dist_0sj1oe1._.js:2431
[    1090ms] [LOG] [HMR] connected @ http://localhost:3000/_next/static/chunks/0nb~_next_dist_0sj1oe1._.js:2431
[    1116ms] [ERROR] %c%s%c Fetch profile failed: background: #e6e6e6;background: light-dark(rgba(0,0,0,0.1), rgba(255,255,255,0.25));color: #000000;color: light-dark(#000000, #ffffff);border-radius: 2px  Server   Error: Unauthorized
    at apiRequest (about://React/Server/file:///home/ngoctin/DEV/lexi-fe/.next/dev/server/chunks/ssr/%5Broot-of-the-server%5D__0fjxplf._.js?3:479:15)
    at getProfile (about://React/Server/file:///home/ngoctin/DEV/lexi-fe/.next/dev/server/chunks/ssr/%5Broot-of-the-server%5D__0fjxplf._.js?4:503:25)
    at AppLayout (about://React/Server/file:///home/ngoctin/DEV/lexi-fe/.next/dev/server/chunks/ssr/%5Broot-of-the-server%5D__0fjxplf._.js?5:567:21)
    at resolveErrorDev (http://localhost:3000/_next/static/chunks/0nb~_next_dist_compiled_react-server-dom-turbopack_0u-1ozg._.js:1919:105)
    at getOutlinedModel (http://localhost:3000/_next/static/chunks/0nb~_next_dist_compiled_react-server-dom-turbopack_0u-1ozg._.js:1469:28)
    at parseModelString (http://localhost:3000/_next/static/chunks/0nb~_next_dist_compiled_react-server-dom-turbopack_0u-1ozg._.js:1584:50)
    at reviveModel (http://localhost:3000/_next/static/chunks/0nb~_next_dist_compiled_react-server-dom-turbopack_0u-1ozg._.js:2522:66)
    at parseModel (http://localhost:3000/_next/static/chunks/0nb~_next_dist_compiled_react-server-dom-turbopack_0u-1ozg._.js:2517:16)
    at initializeModelChunk (http://localhost:3000/_next/static/chunks/0nb~_next_dist_compiled_react-server-dom-turbopack_0u-1ozg._.js:1084:25)
    at getOutlinedModel (http://localhost:3000/_next/static/chunks/0nb~_next_dist_compiled_react-server-dom-turbopack_0u-1ozg._.js:1407:17)
    at parseModelString (http://localhost:3000/_next/static/chunks/0nb~_next_dist_compiled_react-server-dom-turbopack_0u-1ozg._.js:1639:50)
    at reviveModel (http://localhost:3000/_next/static/chunks/0nb~_next_dist_compiled_react-server-dom-turbopack_0u-1ozg._.js:2522:66)
    at reviveModel (http://localhost:3000/_next/static/chunks/0nb~_next_dist_compiled_react-server-dom-turbopack_0u-1ozg._.js:2525:61)
    at parseModel (http://localhost:3000/_next/static/chunks/0nb~_next_dist_compiled_react-server-dom-turbopack_0u-1ozg._.js:2517:16)
    at initializeModelChunk (http://localhost:3000/_next/static/chunks/0nb~_next_dist_compiled_react-server-dom-turbopack_0u-1ozg._.js:1084:25)
    at resolveConsoleEntry (http://localhost:3000/_next/static/chunks/0nb~_next_dist_compiled_react-server-dom-turbopack_0u-1ozg._.js:2047:96)
    at processFullStringRow (http://localhost:3000/_next/static/chunks/0nb~_next_dist_compiled_react-server-dom-turbopack_0u-1ozg._.js:2453:17)
    at processFullBinaryRow (http://localhost:3000/_next/static/chunks/0nb~_next_dist_compiled_react-server-dom-turbopack_0u-1ozg._.js:2393:9)
    at processBinaryChunk (http://localhost:3000/_next/static/chunks/0nb~_next_dist_compiled_react-server-dom-turbopack_0u-1ozg._.js:2502:221)
    at progress (http://localhost:3000/_next/static/chunks/0nb~_next_dist_compiled_react-server-dom-turbopack_0u-1ozg._.js:2676:20) @ http://localhost:3000/_next/static/chunks/0nb~_next_dist_0sj1oe1._.js:3272
[    1287ms] [LOG] [Fast Refresh] rebuilding @ http://localhost:3000/_next/static/chunks/0nb~_next_dist_0sj1oe1._.js:2431
[    1353ms] [LOG] [Fast Refresh] done in 197ms @ http://localhost:3000/_next/static/chunks/0nb~_next_dist_0sj1oe1._.js:2431
[    1961ms] [ERROR] Failed to load resource: the server responded with a status of 404 (Not Found) @ http://localhost:3000/avatars/user.jpg:0
[    2064ms] [LOG] [Fast Refresh] rebuilding @ http://localhost:3000/_next/static/chunks/0nb~_next_dist_0sj1oe1._.js:2431
[    2071ms] [LOG] [Fast Refresh] done in 113ms @ http://localhost:3000/_next/static/chunks/0nb~_next_dist_0sj1oe1._.js:2431
[    2173ms] [LOG] [Fast Refresh] rebuilding @ http://localhost:3000/_next/static/chunks/0nb~_next_dist_0sj1oe1._.js:2431
[    2371ms] [LOG] [Fast Refresh] done in 298ms @ http://localhost:3000/_next/static/chunks/0nb~_next_dist_0sj1oe1._.js:2431
[   40388ms] [LOG] [Fast Refresh] rebuilding @ http://localhost:3000/_next/static/chunks/0nb~_next_dist_0sj1oe1._.js:2431
[   40653ms] [LOG] [Fast Refresh] done in 364ms @ http://localhost:3000/_next/static/chunks/0nb~_next_dist_0sj1oe1._.js:2431
[   40754ms] [LOG] [Fast Refresh] rebuilding @ http://localhost:3000/_next/static/chunks/0nb~_next_dist_0sj1oe1._.js:2431
[   40911ms] [LOG] [Fast Refresh] done in 258ms @ http://localhost:3000/_next/static/chunks/0nb~_next_dist_0sj1oe1._.js:2431
[  345122ms] [LOG] [Fast Refresh] rebuilding @ http://localhost:3000/_next/static/chunks/0nb~_next_dist_0sj1oe1._.js:2431
[  346149ms] [WARNING] [Fast Refresh] performing full reload

Fast Refresh will perform a full reload when you edit a file that's imported by modules outside of the React rendering tree.
You might have a file which exports a React component but also exports a value that is imported by a non-React component file.
Consider migrating the non-React component export to a separate file and importing it into both files.

It is also possible the parent component of the component you edited is a class component, which disables Fast Refresh.
Fast Refresh requires at least one parent function component in your React tree. @ http://localhost:3000/_next/static/chunks/0nb~_next_dist_0sj1oe1._.js:2431
[  346156ms] [LOG] [Fast Refresh] done in 1122ms @ http://localhost:3000/_next/static/chunks/0nb~_next_dist_0sj1oe1._.js:2431
[  346642ms] [ERROR] %c%s%c Fetch profile failed: background: #e6e6e6;background: light-dark(rgba(0,0,0,0.1), rgba(255,255,255,0.25));color: #000000;color: light-dark(#000000, #ffffff);border-radius: 2px  Server   Error: Unauthorized
    at apiRequest (about://React/Server/file:///home/ngoctin/DEV/lexi-fe/.next/dev/server/chunks/ssr/%5Broot-of-the-server%5D__0fjxplf._.js?3:479:15)
    at getProfile (about://React/Server/file:///home/ngoctin/DEV/lexi-fe/.next/dev/server/chunks/ssr/%5Broot-of-the-server%5D__0fjxplf._.js?4:503:25)
    at AppLayout (about://React/Server/file:///home/ngoctin/DEV/lexi-fe/.next/dev/server/chunks/ssr/%5Broot-of-the-server%5D__0fjxplf._.js?5:567:21)
    at resolveErrorDev (http://localhost:3000/_next/static/chunks/0nb~_next_dist_compiled_react-server-dom-turbopack_0u-1ozg._.js:1919:105)
    at getOutlinedModel (http://localhost:3000/_next/static/chunks/0nb~_next_dist_compiled_react-server-dom-turbopack_0u-1ozg._.js:1469:28)
    at parseModelString (http://localhost:3000/_next/static/chunks/0nb~_next_dist_compiled_react-server-dom-turbopack_0u-1ozg._.js:1584:50)
    at reviveModel (http://localhost:3000/_next/static/chunks/0nb~_next_dist_compiled_react-server-dom-turbopack_0u-1ozg._.js:2522:66)
    at parseModel (http://localhost:3000/_next/static/chunks/0nb~_next_dist_compiled_react-server-dom-turbopack_0u-1ozg._.js:2517:16)
    at initializeModelChunk (http://localhost:3000/_next/static/chunks/0nb~_next_dist_compiled_react-server-dom-turbopack_0u-1ozg._.js:1084:25)
    at getOutlinedModel (http://localhost:3000/_next/static/chunks/0nb~_next_dist_compiled_react-server-dom-turbopack_0u-1ozg._.js:1407:17)
    at parseModelString (http://localhost:3000/_next/static/chunks/0nb~_next_dist_compiled_react-server-dom-turbopack_0u-1ozg._.js:1639:50)
    at reviveModel (http://localhost:3000/_next/static/chunks/0nb~_next_dist_compiled_react-server-dom-turbopack_0u-1ozg._.js:2522:66)
    at reviveModel (http://localhost:3000/_next/static/chunks/0nb~_next_dist_compiled_react-server-dom-turbopack_0u-1ozg._.js:2525:61)
    at parseModel (http://localhost:3000/_next/static/chunks/0nb~_next_dist_compiled_react-server-dom-turbopack_0u-1ozg._.js:2517:16)
    at initializeModelChunk (http://localhost:3000/_next/static/chunks/0nb~_next_dist_compiled_react-server-dom-turbopack_0u-1ozg._.js:1084:25)
    at resolveConsoleEntry (http://localhost:3000/_next/static/chunks/0nb~_next_dist_compiled_react-server-dom-turbopack_0u-1ozg._.js:2047:96)
    at processFullStringRow (http://localhost:3000/_next/static/chunks/0nb~_next_dist_compiled_react-server-dom-turbopack_0u-1ozg._.js:2453:17)
    at processFullBinaryRow (http://localhost:3000/_next/static/chunks/0nb~_next_dist_compiled_react-server-dom-turbopack_0u-1ozg._.js:2393:9)
    at processBinaryChunk (http://localhost:3000/_next/static/chunks/0nb~_next_dist_compiled_react-server-dom-turbopack_0u-1ozg._.js:2502:221)
    at progress (http://localhost:3000/_next/static/chunks/0nb~_next_dist_compiled_react-server-dom-turbopack_0u-1ozg._.js:2676:20) @ http://localhost:3000/_next/static/chunks/0nb~_next_dist_0sj1oe1._.js:3272
[  346977ms] [ERROR] %c%s%c Fetch profile failed: background: #e6e6e6;background: light-dark(rgba(0,0,0,0.1), rgba(255,255,255,0.25));color: #000000;color: light-dark(#000000, #ffffff);border-radius: 2px  Server   Error: Unauthorized
    at apiRequest (about://React/Server/file:///home/ngoctin/DEV/lexi-fe/.next/dev/server/chunks/ssr/%5Broot-of-the-server%5D__0fjxplf._.js?3:479:15)
    at getProfile (about://React/Server/file:///home/ngoctin/DEV/lexi-fe/.next/dev/server/chunks/ssr/%5Broot-of-the-server%5D__0fjxplf._.js?4:503:25)
    at AppLayout (about://React/Server/file:///home/ngoctin/DEV/lexi-fe/.next/dev/server/chunks/ssr/%5Broot-of-the-server%5D__0fjxplf._.js?5:567:21)
    at resolveErrorDev (http://localhost:3000/_next/static/chunks/0nb~_next_dist_compiled_react-server-dom-turbopack_0u-1ozg._.js:1919:105)
    at getOutlinedModel (http://localhost:3000/_next/static/chunks/0nb~_next_dist_compiled_react-server-dom-turbopack_0u-1ozg._.js:1469:28)
    at parseModelString (http://localhost:3000/_next/static/chunks/0nb~_next_dist_compiled_react-server-dom-turbopack_0u-1ozg._.js:1584:50)
    at reviveModel (http://localhost:3000/_next/static/chunks/0nb~_next_dist_compiled_react-server-dom-turbopack_0u-1ozg._.js:2522:66)
    at parseModel (http://localhost:3000/_next/static/chunks/0nb~_next_dist_compiled_react-server-dom-turbopack_0u-1ozg._.js:2517:16)
    at initializeModelChunk (http://localhost:3000/_next/static/chunks/0nb~_next_dist_compiled_react-server-dom-turbopack_0u-1ozg._.js:1084:25)
    at getOutlinedModel (http://localhost:3000/_next/static/chunks/0nb~_next_dist_compiled_react-server-dom-turbopack_0u-1ozg._.js:1407:17)
    at parseModelString (http://localhost:3000/_next/static/chunks/0nb~_next_dist_compiled_react-server-dom-turbopack_0u-1ozg._.js:1639:50)
    at reviveModel (http://localhost:3000/_next/static/chunks/0nb~_next_dist_compiled_react-server-dom-turbopack_0u-1ozg._.js:2522:66)
    at reviveModel (http://localhost:3000/_next/static/chunks/0nb~_next_dist_compiled_react-server-dom-turbopack_0u-1ozg._.js:2525:61)
    at parseModel (http://localhost:3000/_next/static/chunks/0nb~_next_dist_compiled_react-server-dom-turbopack_0u-1ozg._.js:2517:16)
    at initializeModelChunk (http://localhost:3000/_next/static/chunks/0nb~_next_dist_compiled_react-server-dom-turbopack_0u-1ozg._.js:1084:25)
    at resolveConsoleEntry (http://localhost:3000/_next/static/chunks/0nb~_next_dist_compiled_react-server-dom-turbopack_0u-1ozg._.js:2047:96)
    at processFullStringRow (http://localhost:3000/_next/static/chunks/0nb~_next_dist_compiled_react-server-dom-turbopack_0u-1ozg._.js:2453:17)
    at processFullBinaryRow (http://localhost:3000/_next/static/chunks/0nb~_next_dist_compiled_react-server-dom-turbopack_0u-1ozg._.js:2393:9)
    at processBinaryChunk (http://localhost:3000/_next/static/chunks/0nb~_next_dist_compiled_react-server-dom-turbopack_0u-1ozg._.js:2502:221)
    at progress (http://localhost:3000/_next/static/chunks/0nb~_next_dist_compiled_react-server-dom-turbopack_0u-1ozg._.js:2676:20) @ http://localhost:3000/_next/static/chunks/0nb~_next_dist_0sj1oe1._.js:3272
[  347207ms] [ERROR] %c%s%c Fetch profile failed: background: #e6e6e6;background: light-dark(rgba(0,0,0,0.1), rgba(255,255,255,0.25));color: #000000;color: light-dark(#000000, #ffffff);border-radius: 2px  Server   Error: Unauthorized
    at apiRequest (about://React/Server/file:///home/ngoctin/DEV/lexi-fe/.next/dev/server/chunks/ssr/%5Broot-of-the-server%5D__0fjxplf._.js?3:479:15)
    at getProfile (about://React/Server/file:///home/ngoctin/DEV/lexi-fe/.next/dev/server/chunks/ssr/%5Broot-of-the-server%5D__0fjxplf._.js?4:503:25)
    at AppLayout (about://React/Server/file:///home/ngoctin/DEV/lexi-fe/.next/dev/server/chunks/ssr/%5Broot-of-the-server%5D__0fjxplf._.js?5:567:21)
    at resolveErrorDev (http://localhost:3000/_next/static/chunks/0nb~_next_dist_compiled_react-server-dom-turbopack_0u-1ozg._.js:1919:105)
    at getOutlinedModel (http://localhost:3000/_next/static/chunks/0nb~_next_dist_compiled_react-server-dom-turbopack_0u-1ozg._.js:1469:28)
    at parseModelString (http://localhost:3000/_next/static/chunks/0nb~_next_dist_compiled_react-server-dom-turbopack_0u-1ozg._.js:1584:50)
    at reviveModel (http://localhost:3000/_next/static/chunks/0nb~_next_dist_compiled_react-server-dom-turbopack_0u-1ozg._.js:2522:66)
    at parseModel (http://localhost:3000/_next/static/chunks/0nb~_next_dist_compiled_react-server-dom-turbopack_0u-1ozg._.js:2517:16)
    at initializeModelChunk (http://localhost:3000/_next/static/chunks/0nb~_next_dist_compiled_react-server-dom-turbopack_0u-1ozg._.js:1084:25)
    at getOutlinedModel (http://localhost:3000/_next/static/chunks/0nb~_next_dist_compiled_react-server-dom-turbopack_0u-1ozg._.js:1407:17)
    at parseModelString (http://localhost:3000/_next/static/chunks/0nb~_next_dist_compiled_react-server-dom-turbopack_0u-1ozg._.js:1639:50)
    at reviveModel (http://localhost:3000/_next/static/chunks/0nb~_next_dist_compiled_react-server-dom-turbopack_0u-1ozg._.js:2522:66)
    at reviveModel (http://localhost:3000/_next/static/chunks/0nb~_next_dist_compiled_react-server-dom-turbopack_0u-1ozg._.js:2525:61)
    at parseModel (http://localhost:3000/_next/static/chunks/0nb~_next_dist_compiled_react-server-dom-turbopack_0u-1ozg._.js:2517:16)
    at initializeModelChunk (http://localhost:3000/_next/static/chunks/0nb~_next_dist_compiled_react-server-dom-turbopack_0u-1ozg._.js:1084:25)
    at resolveConsoleEntry (http://localhost:3000/_next/static/chunks/0nb~_next_dist_compiled_react-server-dom-turbopack_0u-1ozg._.js:2047:96)
    at processFullStringRow (http://localhost:3000/_next/static/chunks/0nb~_next_dist_compiled_react-server-dom-turbopack_0u-1ozg._.js:2453:17)
    at processFullBinaryRow (http://localhost:3000/_next/static/chunks/0nb~_next_dist_compiled_react-server-dom-turbopack_0u-1ozg._.js:2393:9)
    at processBinaryChunk (http://localhost:3000/_next/static/chunks/0nb~_next_dist_compiled_react-server-dom-turbopack_0u-1ozg._.js:2502:221)
    at progress (http://localhost:3000/_next/static/chunks/0nb~_next_dist_compiled_react-server-dom-turbopack_0u-1ozg._.js:2676:20) @ http://localhost:3000/_next/static/chunks/0nb~_next_dist_0sj1oe1._.js:3272
[  348238ms] [INFO] %cDownload the React DevTools for a better development experience: https://react.dev/link/react-devtools font-weight:bold @ http://localhost:3000/_next/static/chunks/0nb~_next_dist_0sj1oe1._.js:2431
[  348342ms] [LOG] [HMR] connected @ http://localhost:3000/_next/static/chunks/0nb~_next_dist_0sj1oe1._.js:2431
[  348432ms] [ERROR] %c%s%c Fetch profile failed: background: #e6e6e6;background: light-dark(rgba(0,0,0,0.1), rgba(255,255,255,0.25));color: #000000;color: light-dark(#000000, #ffffff);border-radius: 2px  Server   Error: Unauthorized
    at apiRequest (about://React/Server/file:///home/ngoctin/DEV/lexi-fe/.next/dev/server/chunks/ssr/%5Broot-of-the-server%5D__0fjxplf._.js?3:479:15)
    at getProfile (about://React/Server/file:///home/ngoctin/DEV/lexi-fe/.next/dev/server/chunks/ssr/%5Broot-of-the-server%5D__0fjxplf._.js?4:503:25)
    at AppLayout (about://React/Server/file:///home/ngoctin/DEV/lexi-fe/.next/dev/server/chunks/ssr/%5Broot-of-the-server%5D__0fjxplf._.js?5:567:21)
    at resolveErrorDev (http://localhost:3000/_next/static/chunks/0nb~_next_dist_compiled_react-server-dom-turbopack_0u-1ozg._.js:1919:105)
    at getOutlinedModel (http://localhost:3000/_next/static/chunks/0nb~_next_dist_compiled_react-server-dom-turbopack_0u-1ozg._.js:1469:28)
    at parseModelString (http://localhost:3000/_next/static/chunks/0nb~_next_dist_compiled_react-server-dom-turbopack_0u-1ozg._.js:1584:50)
    at reviveModel (http://localhost:3000/_next/static/chunks/0nb~_next_dist_compiled_react-server-dom-turbopack_0u-1ozg._.js:2522:66)
    at parseModel (http://localhost:3000/_next/static/chunks/0nb~_next_dist_compiled_react-server-dom-turbopack_0u-1ozg._.js:2517:16)
    at initializeModelChunk (http://localhost:3000/_next/static/chunks/0nb~_next_dist_compiled_react-server-dom-turbopack_0u-1ozg._.js:1084:25)
    at getOutlinedModel (http://localhost:3000/_next/static/chunks/0nb~_next_dist_compiled_react-server-dom-turbopack_0u-1ozg._.js:1407:17)
    at parseModelString (http://localhost:3000/_next/static/chunks/0nb~_next_dist_compiled_react-server-dom-turbopack_0u-1ozg._.js:1639:50)
    at reviveModel (http://localhost:3000/_next/static/chunks/0nb~_next_dist_compiled_react-server-dom-turbopack_0u-1ozg._.js:2522:66)
    at reviveModel (http://localhost:3000/_next/static/chunks/0nb~_next_dist_compiled_react-server-dom-turbopack_0u-1ozg._.js:2525:61)
    at parseModel (http://localhost:3000/_next/static/chunks/0nb~_next_dist_compiled_react-server-dom-turbopack_0u-1ozg._.js:2517:16)
    at initializeModelChunk (http://localhost:3000/_next/static/chunks/0nb~_next_dist_compiled_react-server-dom-turbopack_0u-1ozg._.js:1084:25)
    at resolveConsoleEntry (http://localhost:3000/_next/static/chunks/0nb~_next_dist_compiled_react-server-dom-turbopack_0u-1ozg._.js:2047:96)
    at processFullStringRow (http://localhost:3000/_next/static/chunks/0nb~_next_dist_compiled_react-server-dom-turbopack_0u-1ozg._.js:2453:17)
    at processFullBinaryRow (http://localhost:3000/_next/static/chunks/0nb~_next_dist_compiled_react-server-dom-turbopack_0u-1ozg._.js:2393:9)
    at processBinaryChunk (http://localhost:3000/_next/static/chunks/0nb~_next_dist_compiled_react-server-dom-turbopack_0u-1ozg._.js:2502:221)
    at progress (http://localhost:3000/_next/static/chunks/0nb~_next_dist_compiled_react-server-dom-turbopack_0u-1ozg._.js:2676:20) @ http://localhost:3000/_next/static/chunks/0nb~_next_dist_0sj1oe1._.js:3272
[  349995ms] [ERROR] Failed to load resource: the server responded with a status of 404 (Not Found) @ http://localhost:3000/avatars/user.jpg:0
[  350003ms] [LOG] [Fast Refresh] rebuilding @ http://localhost:3000/_next/static/chunks/0nb~_next_dist_0sj1oe1._.js:2431
[  350061ms] [LOG] [Fast Refresh] done in 176ms @ http://localhost:3000/_next/static/chunks/0nb~_next_dist_0sj1oe1._.js:2431
[  617826ms] [LOG] [Fast Refresh] rebuilding @ http://localhost:3000/_next/static/chunks/0nb~_next_dist_0sj1oe1._.js:2431
[  617883ms] [WARNING] [Fast Refresh] performing full reload

Fast Refresh will perform a full reload when you edit a file that's imported by modules outside of the React rendering tree.
You might have a file which exports a React component but also exports a value that is imported by a non-React component file.
Consider migrating the non-React component export to a separate file and importing it into both files.

It is also possible the parent component of the component you edited is a class component, which disables Fast Refresh.
Fast Refresh requires at least one parent function component in your React tree. @ http://localhost:3000/_next/static/chunks/0nb~_next_dist_0sj1oe1._.js:2431
[  617905ms] [WARNING] [Fast Refresh] performing full reload

Fast Refresh will perform a full reload when you edit a file that's imported by modules outside of the React rendering tree.
You might have a file which exports a React component but also exports a value that is imported by a non-React component file.
Consider migrating the non-React component export to a separate file and importing it into both files.

It is also possible the parent component of the component you edited is a class component, which disables Fast Refresh.
Fast Refresh requires at least one parent function component in your React tree. @ http://localhost:3000/_next/static/chunks/0nb~_next_dist_0sj1oe1._.js:2431
[  617988ms] [LOG] [Fast Refresh] done in 179ms @ http://localhost:3000/_next/static/chunks/0nb~_next_dist_0sj1oe1._.js:2431
[  618507ms] [ERROR] %c%s%c Fetch profile failed: background: #e6e6e6;background: light-dark(rgba(0,0,0,0.1), rgba(255,255,255,0.25));color: #000000;color: light-dark(#000000, #ffffff);border-radius: 2px  Server   Error: Unauthorized
    at apiRequest (about://React/Server/file:///home/ngoctin/DEV/lexi-fe/.next/dev/server/chunks/ssr/%5Broot-of-the-server%5D__0fjxplf._.js?3:479:15)
    at getProfile (about://React/Server/file:///home/ngoctin/DEV/lexi-fe/.next/dev/server/chunks/ssr/%5Broot-of-the-server%5D__0fjxplf._.js?4:503:25)
    at AppLayout (about://React/Server/file:///home/ngoctin/DEV/lexi-fe/.next/dev/server/chunks/ssr/%5Broot-of-the-server%5D__0fjxplf._.js?5:567:21)
    at resolveErrorDev (http://localhost:3000/_next/static/chunks/0nb~_next_dist_compiled_react-server-dom-turbopack_0u-1ozg._.js:1919:105)
    at getOutlinedModel (http://localhost:3000/_next/static/chunks/0nb~_next_dist_compiled_react-server-dom-turbopack_0u-1ozg._.js:1469:28)
    at parseModelString (http://localhost:3000/_next/static/chunks/0nb~_next_dist_compiled_react-server-dom-turbopack_0u-1ozg._.js:1584:50)
    at reviveModel (http://localhost:3000/_next/static/chunks/0nb~_next_dist_compiled_react-server-dom-turbopack_0u-1ozg._.js:2522:66)
    at parseModel (http://localhost:3000/_next/static/chunks/0nb~_next_dist_compiled_react-server-dom-turbopack_0u-1ozg._.js:2517:16)
    at initializeModelChunk (http://localhost:3000/_next/static/chunks/0nb~_next_dist_compiled_react-server-dom-turbopack_0u-1ozg._.js:1084:25)
    at getOutlinedModel (http://localhost:3000/_next/static/chunks/0nb~_next_dist_compiled_react-server-dom-turbopack_0u-1ozg._.js:1407:17)
    at parseModelString (http://localhost:3000/_next/static/chunks/0nb~_next_dist_compiled_react-server-dom-turbopack_0u-1ozg._.js:1639:50)
    at reviveModel (http://localhost:3000/_next/static/chunks/0nb~_next_dist_compiled_react-server-dom-turbopack_0u-1ozg._.js:2522:66)
    at reviveModel (http://localhost:3000/_next/static/chunks/0nb~_next_dist_compiled_react-server-dom-turbopack_0u-1ozg._.js:2525:61)
    at parseModel (http://localhost:3000/_next/static/chunks/0nb~_next_dist_compiled_react-server-dom-turbopack_0u-1ozg._.js:2517:16)
    at initializeModelChunk (http://localhost:3000/_next/static/chunks/0nb~_next_dist_compiled_react-server-dom-turbopack_0u-1ozg._.js:1084:25)
    at resolveConsoleEntry (http://localhost:3000/_next/static/chunks/0nb~_next_dist_compiled_react-server-dom-turbopack_0u-1ozg._.js:2047:96)
    at processFullStringRow (http://localhost:3000/_next/static/chunks/0nb~_next_dist_compiled_react-server-dom-turbopack_0u-1ozg._.js:2453:17)
    at processFullBinaryRow (http://localhost:3000/_next/static/chunks/0nb~_next_dist_compiled_react-server-dom-turbopack_0u-1ozg._.js:2393:9)
    at processBinaryChunk (http://localhost:3000/_next/static/chunks/0nb~_next_dist_compiled_react-server-dom-turbopack_0u-1ozg._.js:2502:221)
    at progress (http://localhost:3000/_next/static/chunks/0nb~_next_dist_compiled_react-server-dom-turbopack_0u-1ozg._.js:2676:20) @ http://localhost:3000/_next/static/chunks/0nb~_next_dist_0sj1oe1._.js:3272
[  618644ms] [LOG] [Fast Refresh] rebuilding @ http://localhost:3000/_next/static/chunks/0nb~_next_dist_0sj1oe1._.js:2431
[  618692ms] [LOG] [Fast Refresh] done in 148ms @ http://localhost:3000/_next/static/chunks/0nb~_next_dist_0sj1oe1._.js:2431
[  618810ms] [ERROR] %c%s%c Fetch profile failed: background: #e6e6e6;background: light-dark(rgba(0,0,0,0.1), rgba(255,255,255,0.25));color: #000000;color: light-dark(#000000, #ffffff);border-radius: 2px  Server   Error: Unauthorized
    at apiRequest (about://React/Server/file:///home/ngoctin/DEV/lexi-fe/.next/dev/server/chunks/ssr/%5Broot-of-the-server%5D__0fjxplf._.js?3:479:15)
    at getProfile (about://React/Server/file:///home/ngoctin/DEV/lexi-fe/.next/dev/server/chunks/ssr/%5Broot-of-the-server%5D__0fjxplf._.js?4:503:25)
    at AppLayout (about://React/Server/file:///home/ngoctin/DEV/lexi-fe/.next/dev/server/chunks/ssr/%5Broot-of-the-server%5D__0fjxplf._.js?5:567:21)
    at resolveErrorDev (http://localhost:3000/_next/static/chunks/0nb~_next_dist_compiled_react-server-dom-turbopack_0u-1ozg._.js:1919:105)
    at getOutlinedModel (http://localhost:3000/_next/static/chunks/0nb~_next_dist_compiled_react-server-dom-turbopack_0u-1ozg._.js:1469:28)
    at parseModelString (http://localhost:3000/_next/static/chunks/0nb~_next_dist_compiled_react-server-dom-turbopack_0u-1ozg._.js:1584:50)
    at reviveModel (http://localhost:3000/_next/static/chunks/0nb~_next_dist_compiled_react-server-dom-turbopack_0u-1ozg._.js:2522:66)
    at parseModel (http://localhost:3000/_next/static/chunks/0nb~_next_dist_compiled_react-server-dom-turbopack_0u-1ozg._.js:2517:16)
    at initializeModelChunk (http://localhost:3000/_next/static/chunks/0nb~_next_dist_compiled_react-server-dom-turbopack_0u-1ozg._.js:1084:25)
    at getOutlinedModel (http://localhost:3000/_next/static/chunks/0nb~_next_dist_compiled_react-server-dom-turbopack_0u-1ozg._.js:1407:17)
    at parseModelString (http://localhost:3000/_next/static/chunks/0nb~_next_dist_compiled_react-server-dom-turbopack_0u-1ozg._.js:1639:50)
    at reviveModel (http://localhost:3000/_next/static/chunks/0nb~_next_dist_compiled_react-server-dom-turbopack_0u-1ozg._.js:2522:66)
    at reviveModel (http://localhost:3000/_next/static/chunks/0nb~_next_dist_compiled_react-server-dom-turbopack_0u-1ozg._.js:2525:61)
    at parseModel (http://localhost:3000/_next/static/chunks/0nb~_next_dist_compiled_react-server-dom-turbopack_0u-1ozg._.js:2517:16)
    at initializeModelChunk (http://localhost:3000/_next/static/chunks/0nb~_next_dist_compiled_react-server-dom-turbopack_0u-1ozg._.js:1084:25)
    at resolveConsoleEntry (http://localhost:3000/_next/static/chunks/0nb~_next_dist_compiled_react-server-dom-turbopack_0u-1ozg._.js:2047:96)
    at processFullStringRow (http://localhost:3000/_next/static/chunks/0nb~_next_dist_compiled_react-server-dom-turbopack_0u-1ozg._.js:2453:17)
    at processFullBinaryRow (http://localhost:3000/_next/static/chunks/0nb~_next_dist_compiled_react-server-dom-turbopack_0u-1ozg._.js:2393:9)
    at processBinaryChunk (http://localhost:3000/_next/static/chunks/0nb~_next_dist_compiled_react-server-dom-turbopack_0u-1ozg._.js:2502:221)
    at progress (http://localhost:3000/_next/static/chunks/0nb~_next_dist_compiled_react-server-dom-turbopack_0u-1ozg._.js:2676:20) @ http://localhost:3000/_next/static/chunks/0nb~_next_dist_0sj1oe1._.js:3272
[  619090ms] [ERROR] %c%s%c Fetch profile failed: background: #e6e6e6;background: light-dark(rgba(0,0,0,0.1), rgba(255,255,255,0.25));color: #000000;color: light-dark(#000000, #ffffff);border-radius: 2px  Server   Error: Unauthorized
    at apiRequest (about://React/Server/file:///home/ngoctin/DEV/lexi-fe/.next/dev/server/chunks/ssr/%5Broot-of-the-server%5D__0fjxplf._.js?3:479:15)
    at getProfile (about://React/Server/file:///home/ngoctin/DEV/lexi-fe/.next/dev/server/chunks/ssr/%5Broot-of-the-server%5D__0fjxplf._.js?4:503:25)
    at AppLayout (about://React/Server/file:///home/ngoctin/DEV/lexi-fe/.next/dev/server/chunks/ssr/%5Broot-of-the-server%5D__0fjxplf._.js?5:567:21)
    at resolveErrorDev (http://localhost:3000/_next/static/chunks/0nb~_next_dist_compiled_react-server-dom-turbopack_0u-1ozg._.js:1919:105)
    at getOutlinedModel (http://localhost:3000/_next/static/chunks/0nb~_next_dist_compiled_react-server-dom-turbopack_0u-1ozg._.js:1469:28)
    at parseModelString (http://localhost:3000/_next/static/chunks/0nb~_next_dist_compiled_react-server-dom-turbopack_0u-1ozg._.js:1584:50)
    at reviveModel (http://localhost:3000/_next/static/chunks/0nb~_next_dist_compiled_react-server-dom-turbopack_0u-1ozg._.js:2522:66)
    at parseModel (http://localhost:3000/_next/static/chunks/0nb~_next_dist_compiled_react-server-dom-turbopack_0u-1ozg._.js:2517:16)
    at initializeModelChunk (http://localhost:3000/_next/static/chunks/0nb~_next_dist_compiled_react-server-dom-turbopack_0u-1ozg._.js:1084:25)
    at getOutlinedModel (http://localhost:3000/_next/static/chunks/0nb~_next_dist_compiled_react-server-dom-turbopack_0u-1ozg._.js:1407:17)
    at parseModelString (http://localhost:3000/_next/static/chunks/0nb~_next_dist_compiled_react-server-dom-turbopack_0u-1ozg._.js:1639:50)
    at reviveModel (http://localhost:3000/_next/static/chunks/0nb~_next_dist_compiled_react-server-dom-turbopack_0u-1ozg._.js:2522:66)
    at reviveModel (http://localhost:3000/_next/static/chunks/0nb~_next_dist_compiled_react-server-dom-turbopack_0u-1ozg._.js:2525:61)
    at parseModel (http://localhost:3000/_next/static/chunks/0nb~_next_dist_compiled_react-server-dom-turbopack_0u-1ozg._.js:2517:16)
    at initializeModelChunk (http://localhost:3000/_next/static/chunks/0nb~_next_dist_compiled_react-server-dom-turbopack_0u-1ozg._.js:1084:25)
    at resolveConsoleEntry (http://localhost:3000/_next/static/chunks/0nb~_next_dist_compiled_react-server-dom-turbopack_0u-1ozg._.js:2047:96)
    at processFullStringRow (http://localhost:3000/_next/static/chunks/0nb~_next_dist_compiled_react-server-dom-turbopack_0u-1ozg._.js:2453:17)
    at processFullBinaryRow (http://localhost:3000/_next/static/chunks/0nb~_next_dist_compiled_react-server-dom-turbopack_0u-1ozg._.js:2393:9)
    at processBinaryChunk (http://localhost:3000/_next/static/chunks/0nb~_next_dist_compiled_react-server-dom-turbopack_0u-1ozg._.js:2502:221)
    at progress (http://localhost:3000/_next/static/chunks/0nb~_next_dist_compiled_react-server-dom-turbopack_0u-1ozg._.js:2676:20) @ http://localhost:3000/_next/static/chunks/0nb~_next_dist_0sj1oe1._.js:3272
[  619769ms] [INFO] %cDownload the React DevTools for a better development experience: https://react.dev/link/react-devtools font-weight:bold @ http://localhost:3000/_next/static/chunks/0nb~_next_dist_0sj1oe1._.js:2431
[  619828ms] [LOG] [HMR] connected @ http://localhost:3000/_next/static/chunks/0nb~_next_dist_0sj1oe1._.js:2431
[  619851ms] [ERROR] %c%s%c Fetch profile failed: background: #e6e6e6;background: light-dark(rgba(0,0,0,0.1), rgba(255,255,255,0.25));color: #000000;color: light-dark(#000000, #ffffff);border-radius: 2px  Server   Error: Unauthorized
    at apiRequest (about://React/Server/file:///home/ngoctin/DEV/lexi-fe/.next/dev/server/chunks/ssr/%5Broot-of-the-server%5D__0fjxplf._.js?3:479:15)
    at getProfile (about://React/Server/file:///home/ngoctin/DEV/lexi-fe/.next/dev/server/chunks/ssr/%5Broot-of-the-server%5D__0fjxplf._.js?4:503:25)
    at AppLayout (about://React/Server/file:///home/ngoctin/DEV/lexi-fe/.next/dev/server/chunks/ssr/%5Broot-of-the-server%5D__0fjxplf._.js?5:567:21)
    at resolveErrorDev (http://localhost:3000/_next/static/chunks/0nb~_next_dist_compiled_react-server-dom-turbopack_0u-1ozg._.js:1919:105)
    at getOutlinedModel (http://localhost:3000/_next/static/chunks/0nb~_next_dist_compiled_react-server-dom-turbopack_0u-1ozg._.js:1469:28)
    at parseModelString (http://localhost:3000/_next/static/chunks/0nb~_next_dist_compiled_react-server-dom-turbopack_0u-1ozg._.js:1584:50)
    at reviveModel (http://localhost:3000/_next/static/chunks/0nb~_next_dist_compiled_react-server-dom-turbopack_0u-1ozg._.js:2522:66)
    at parseModel (http://localhost:3000/_next/static/chunks/0nb~_next_dist_compiled_react-server-dom-turbopack_0u-1ozg._.js:2517:16)
    at initializeModelChunk (http://localhost:3000/_next/static/chunks/0nb~_next_dist_compiled_react-server-dom-turbopack_0u-1ozg._.js:1084:25)
    at getOutlinedModel (http://localhost:3000/_next/static/chunks/0nb~_next_dist_compiled_react-server-dom-turbopack_0u-1ozg._.js:1407:17)
    at parseModelString (http://localhost:3000/_next/static/chunks/0nb~_next_dist_compiled_react-server-dom-turbopack_0u-1ozg._.js:1639:50)
    at reviveModel (http://localhost:3000/_next/static/chunks/0nb~_next_dist_compiled_react-server-dom-turbopack_0u-1ozg._.js:2522:66)
    at reviveModel (http://localhost:3000/_next/static/chunks/0nb~_next_dist_compiled_react-server-dom-turbopack_0u-1ozg._.js:2525:61)
    at parseModel (http://localhost:3000/_next/static/chunks/0nb~_next_dist_compiled_react-server-dom-turbopack_0u-1ozg._.js:2517:16)
    at initializeModelChunk (http://localhost:3000/_next/static/chunks/0nb~_next_dist_compiled_react-server-dom-turbopack_0u-1ozg._.js:1084:25)
    at resolveConsoleEntry (http://localhost:3000/_next/static/chunks/0nb~_next_dist_compiled_react-server-dom-turbopack_0u-1ozg._.js:2047:96)
    at processFullStringRow (http://localhost:3000/_next/static/chunks/0nb~_next_dist_compiled_react-server-dom-turbopack_0u-1ozg._.js:2453:17)
    at processFullBinaryRow (http://localhost:3000/_next/static/chunks/0nb~_next_dist_compiled_react-server-dom-turbopack_0u-1ozg._.js:2393:9)
    at processBinaryChunk (http://localhost:3000/_next/static/chunks/0nb~_next_dist_compiled_react-server-dom-turbopack_0u-1ozg._.js:2502:221)
    at progress (http://localhost:3000/_next/static/chunks/0nb~_next_dist_compiled_react-server-dom-turbopack_0u-1ozg._.js:2676:20) @ http://localhost:3000/_next/static/chunks/0nb~_next_dist_0sj1oe1._.js:3272
[  620753ms] [ERROR] Failed to load resource: the server responded with a status of 404 (Not Found) @ http://localhost:3000/avatars/user.jpg:0
[  626478ms] [LOG] [Fast Refresh] rebuilding @ http://localhost:3000/_next/static/chunks/0nb~_next_dist_0sj1oe1._.js:2431
[  626914ms] [LOG] [Fast Refresh] done in 514ms @ http://localhost:3000/_next/static/chunks/0nb~_next_dist_0sj1oe1._.js:2431
[  644991ms] [LOG] [Fast Refresh] rebuilding @ http://localhost:3000/_next/static/chunks/0nb~_next_dist_0sj1oe1._.js:2431
[  645405ms] [LOG] [Fast Refresh] done in 344ms @ http://localhost:3000/_next/static/chunks/0nb~_next_dist_0sj1oe1._.js:2431
