[     298ms] [INFO] %cDownload the React DevTools for a better development experience: https://react.dev/link/react-devtools font-weight:bold @ http://localhost:3000/_next/static/chunks/0nb~_next_dist_0sj1oe1._.js:2431
[     357ms] [LOG] [HMR] connected @ http://localhost:3000/_next/static/chunks/0nb~_next_dist_0sj1oe1._.js:2431
[   41022ms] [LOG] [Fast Refresh] rebuilding @ http://localhost:3000/_next/static/chunks/0nb~_next_dist_0sj1oe1._.js:2431
[   41764ms] [LOG] [Fast Refresh] done in 842ms @ http://localhost:3000/_next/static/chunks/0nb~_next_dist_0sj1oe1._.js:2431
[   43020ms] [LOG] [Fast Refresh] rebuilding @ http://localhost:3000/_next/static/chunks/0nb~_next_dist_0sj1oe1._.js:2431
[   43362ms] [LOG] [Fast Refresh] done in 312ms @ http://localhost:3000/_next/static/chunks/0nb~_next_dist_0sj1oe1._.js:2431
[   44137ms] [LOG] [Fast Refresh] rebuilding @ http://localhost:3000/_next/static/chunks/0nb~_next_dist_0sj1oe1._.js:2431
[   44162ms] [LOG] [Fast Refresh] done in 125ms @ http://localhost:3000/_next/static/chunks/0nb~_next_dist_0sj1oe1._.js:2431
[   44353ms] [LOG] [Fast Refresh] rebuilding @ http://localhost:3000/_next/static/chunks/0nb~_next_dist_0sj1oe1._.js:2431
[   44394ms] [LOG] [Fast Refresh] done in 143ms @ http://localhost:3000/_next/static/chunks/0nb~_next_dist_0sj1oe1._.js:2431
[   45320ms] [LOG] [Fast Refresh] rebuilding @ http://localhost:3000/_next/static/chunks/0nb~_next_dist_0sj1oe1._.js:2431
[   45629ms] [LOG] [Fast Refresh] done in 572ms @ http://localhost:3000/_next/static/chunks/0nb~_next_dist_0sj1oe1._.js:2431
[   46164ms] [LOG] [Fast Refresh] rebuilding @ http://localhost:3000/_next/static/chunks/0nb~_next_dist_0sj1oe1._.js:2431
[   46287ms] [LOG] [Fast Refresh] done in 222ms @ http://localhost:3000/_next/static/chunks/0nb~_next_dist_0sj1oe1._.js:2431
[   56069ms] [LOG] [Fast Refresh] rebuilding @ http://localhost:3000/_next/static/chunks/0nb~_next_dist_0sj1oe1._.js:2431
[   56115ms] [LOG] [Fast Refresh] done in 145ms @ http://localhost:3000/_next/static/chunks/0nb~_next_dist_0sj1oe1._.js:2431
[   64842ms] [LOG] [Fast Refresh] rebuilding @ http://localhost:3000/_next/static/chunks/0nb~_next_dist_0sj1oe1._.js:2431
[   66403ms] [LOG] [Fast Refresh] done in 1277ms @ http://localhost:3000/_next/static/chunks/0nb~_next_dist_0sj1oe1._.js:2431
[   66766ms] [LOG] [Fast Refresh] rebuilding @ http://localhost:3000/_next/static/chunks/0nb~_next_dist_0sj1oe1._.js:2431
[   66935ms] [LOG] [Fast Refresh] done in 269ms @ http://localhost:3000/_next/static/chunks/0nb~_next_dist_0sj1oe1._.js:2431
[   67048ms] [LOG] [Fast Refresh] rebuilding @ http://localhost:3000/_next/static/chunks/0nb~_next_dist_0sj1oe1._.js:2431
[   67193ms] [LOG] [Fast Refresh] done in 245ms @ http://localhost:3000/_next/static/chunks/0nb~_next_dist_0sj1oe1._.js:2431
[   67302ms] [LOG] [Fast Refresh] rebuilding @ http://localhost:3000/_next/static/chunks/0nb~_next_dist_0sj1oe1._.js:2431
[   67387ms] [LOG] [Fast Refresh] done in 184ms @ http://localhost:3000/_next/static/chunks/0nb~_next_dist_0sj1oe1._.js:2431
[   67703ms] [LOG] [Fast Refresh] rebuilding @ http://localhost:3000/_next/static/chunks/0nb~_next_dist_0sj1oe1._.js:2431
[   67977ms] [LOG] [Fast Refresh] done in 376ms @ http://localhost:3000/_next/static/chunks/0nb~_next_dist_0sj1oe1._.js:2431
[   68138ms] [LOG] [Fast Refresh] rebuilding @ http://localhost:3000/_next/static/chunks/0nb~_next_dist_0sj1oe1._.js:2431
[   68318ms] [LOG] [Fast Refresh] done in 280ms @ http://localhost:3000/_next/static/chunks/0nb~_next_dist_0sj1oe1._.js:2431
[   70483ms] [LOG] [Fast Refresh] rebuilding @ http://localhost:3000/_next/static/chunks/0nb~_next_dist_0sj1oe1._.js:2431
[   71475ms] [LOG] [Fast Refresh] done in 1155ms @ http://localhost:3000/_next/static/chunks/0nb~_next_dist_0sj1oe1._.js:2431
[   71613ms] [LOG] [Fast Refresh] rebuilding @ http://localhost:3000/_next/static/chunks/0nb~_next_dist_0sj1oe1._.js:2431
[   71957ms] [LOG] [Fast Refresh] done in 245ms @ http://localhost:3000/_next/static/chunks/0nb~_next_dist_0sj1oe1._.js:2431
[   72738ms] [LOG] [Fast Refresh] rebuilding @ http://localhost:3000/_next/static/chunks/0nb~_next_dist_0sj1oe1._.js:2431
[   72848ms] [LOG] [Fast Refresh] done in 209ms @ http://localhost:3000/_next/static/chunks/0nb~_next_dist_0sj1oe1._.js:2431
[   72978ms] [LOG] [Fast Refresh] rebuilding @ http://localhost:3000/_next/static/chunks/0nb~_next_dist_0sj1oe1._.js:2431
[   73104ms] [LOG] [Fast Refresh] done in 226ms @ http://localhost:3000/_next/static/chunks/0nb~_next_dist_0sj1oe1._.js:2431
[   73209ms] [LOG] [Fast Refresh] rebuilding @ http://localhost:3000/_next/static/chunks/0nb~_next_dist_0sj1oe1._.js:2431
[   73313ms] [LOG] [Fast Refresh] done in 203ms @ http://localhost:3000/_next/static/chunks/0nb~_next_dist_0sj1oe1._.js:2431
[   73470ms] [LOG] [Fast Refresh] rebuilding @ http://localhost:3000/_next/static/chunks/0nb~_next_dist_0sj1oe1._.js:2431
[   73558ms] [LOG] [Fast Refresh] done in 188ms @ http://localhost:3000/_next/static/chunks/0nb~_next_dist_0sj1oe1._.js:2431
[   73666ms] [LOG] [Fast Refresh] rebuilding @ http://localhost:3000/_next/static/chunks/0nb~_next_dist_0sj1oe1._.js:2431
[   73855ms] [LOG] [Fast Refresh] done in 289ms @ http://localhost:3000/_next/static/chunks/0nb~_next_dist_0sj1oe1._.js:2431
[   73992ms] [LOG] [Fast Refresh] rebuilding @ http://localhost:3000/_next/static/chunks/0nb~_next_dist_0sj1oe1._.js:2431
[   74120ms] [LOG] [Fast Refresh] done in 228ms @ http://localhost:3000/_next/static/chunks/0nb~_next_dist_0sj1oe1._.js:2431
[   74249ms] [LOG] [Fast Refresh] rebuilding @ http://localhost:3000/_next/static/chunks/0nb~_next_dist_0sj1oe1._.js:2431
[   74391ms] [LOG] [Fast Refresh] done in 242ms @ http://localhost:3000/_next/static/chunks/0nb~_next_dist_0sj1oe1._.js:2431
[   74573ms] [LOG] [Fast Refresh] rebuilding @ http://localhost:3000/_next/static/chunks/0nb~_next_dist_0sj1oe1._.js:2431
[   74793ms] [LOG] [Fast Refresh] done in 320ms @ http://localhost:3000/_next/static/chunks/0nb~_next_dist_0sj1oe1._.js:2431
[   74904ms] [LOG] [Fast Refresh] rebuilding @ http://localhost:3000/_next/static/chunks/0nb~_next_dist_0sj1oe1._.js:2431
[   75181ms] [LOG] [Fast Refresh] done in 377ms @ http://localhost:3000/_next/static/chunks/0nb~_next_dist_0sj1oe1._.js:2431
[   76247ms] [LOG] [Fast Refresh] rebuilding @ http://localhost:3000/_next/static/chunks/0nb~_next_dist_0sj1oe1._.js:2431
[   76317ms] [LOG] [Fast Refresh] done in 170ms @ http://localhost:3000/_next/static/chunks/0nb~_next_dist_0sj1oe1._.js:2431
[   76455ms] [LOG] [Fast Refresh] rebuilding @ http://localhost:3000/_next/static/chunks/0nb~_next_dist_0sj1oe1._.js:2431
[   76521ms] [LOG] [Fast Refresh] done in 167ms @ http://localhost:3000/_next/static/chunks/0nb~_next_dist_0sj1oe1._.js:2431
[  160302ms] [LOG] [Fast Refresh] rebuilding @ http://localhost:3000/_next/static/chunks/0nb~_next_dist_0sj1oe1._.js:2431
[  161149ms] [LOG] [Fast Refresh] done in 932ms @ http://localhost:3000/_next/static/chunks/0nb~_next_dist_0sj1oe1._.js:2431
[  316645ms] [LOG] [Fast Refresh] rebuilding @ http://localhost:3000/_next/static/chunks/0nb~_next_dist_0sj1oe1._.js:2431
[  319506ms] [LOG] [Fast Refresh] done in 2814ms @ http://localhost:3000/_next/static/chunks/0nb~_next_dist_0sj1oe1._.js:2431
[  319657ms] [LOG] [Fast Refresh] rebuilding @ http://localhost:3000/_next/static/chunks/0nb~_next_dist_0sj1oe1._.js:2431
[  319678ms] [LOG] [Fast Refresh] done in 123ms @ http://localhost:3000/_next/static/chunks/0nb~_next_dist_0sj1oe1._.js:2431
[  320383ms] [LOG] [Fast Refresh] rebuilding @ http://localhost:3000/_next/static/chunks/0nb~_next_dist_0sj1oe1._.js:2431
[  320453ms] [LOG] [Fast Refresh] done in 171ms @ http://localhost:3000/_next/static/chunks/0nb~_next_dist_0sj1oe1._.js:2431
[  320625ms] [LOG] [Fast Refresh] rebuilding @ http://localhost:3000/_next/static/chunks/0nb~_next_dist_0sj1oe1._.js:2431
[  320691ms] [LOG] [Fast Refresh] done in 166ms @ http://localhost:3000/_next/static/chunks/0nb~_next_dist_0sj1oe1._.js:2431
[  325256ms] [LOG] [Fast Refresh] rebuilding @ http://localhost:3000/_next/static/chunks/0nb~_next_dist_0sj1oe1._.js:2431
[  333040ms] [LOG] [Fast Refresh] done in 7444ms @ http://localhost:3000/_next/static/chunks/0nb~_next_dist_0sj1oe1._.js:2431
[  333739ms] [LOG] [Fast Refresh] rebuilding @ http://localhost:3000/_next/static/chunks/0nb~_next_dist_0sj1oe1._.js:2431
[  335351ms] [LOG] [Fast Refresh] done in 1697ms @ http://localhost:3000/_next/static/chunks/0nb~_next_dist_0sj1oe1._.js:2431
[  343906ms] [LOG] [Fast Refresh] rebuilding @ http://localhost:3000/_next/static/chunks/0nb~_next_dist_0sj1oe1._.js:2431
[  344363ms] [LOG] [Fast Refresh] done in 558ms @ http://localhost:3000/_next/static/chunks/0nb~_next_dist_0sj1oe1._.js:2431
[  344570ms] [LOG] [Fast Refresh] rebuilding @ http://localhost:3000/_next/static/chunks/0nb~_next_dist_0sj1oe1._.js:2431
[  344726ms] [LOG] [Fast Refresh] done in 255ms @ http://localhost:3000/_next/static/chunks/0nb~_next_dist_0sj1oe1._.js:2431
[  345688ms] [LOG] [Fast Refresh] rebuilding @ http://localhost:3000/_next/static/chunks/0nb~_next_dist_0sj1oe1._.js:2431
[  345748ms] [LOG] [Fast Refresh] done in 174ms @ http://localhost:3000/_next/static/chunks/0nb~_next_dist_0sj1oe1._.js:2431
[  346012ms] [LOG] [Fast Refresh] rebuilding @ http://localhost:3000/_next/static/chunks/0nb~_next_dist_0sj1oe1._.js:2431
[  346182ms] [LOG] [Fast Refresh] done in 270ms @ http://localhost:3000/_next/static/chunks/0nb~_next_dist_0sj1oe1._.js:2431
[  346513ms] [LOG] [Fast Refresh] rebuilding @ http://localhost:3000/_next/static/chunks/0nb~_next_dist_0sj1oe1._.js:2431
[  346621ms] [LOG] [Fast Refresh] done in 208ms @ http://localhost:3000/_next/static/chunks/0nb~_next_dist_0sj1oe1._.js:2431
[  347326ms] [LOG] [Fast Refresh] rebuilding @ http://localhost:3000/_next/static/chunks/0nb~_next_dist_0sj1oe1._.js:2431
[  347462ms] [LOG] [Fast Refresh] done in 236ms @ http://localhost:3000/_next/static/chunks/0nb~_next_dist_0sj1oe1._.js:2431
[  347646ms] [LOG] [Fast Refresh] rebuilding @ http://localhost:3000/_next/static/chunks/0nb~_next_dist_0sj1oe1._.js:2431
[  347772ms] [LOG] [Fast Refresh] done in 226ms @ http://localhost:3000/_next/static/chunks/0nb~_next_dist_0sj1oe1._.js:2431
[  348172ms] [LOG] [Fast Refresh] rebuilding @ http://localhost:3000/_next/static/chunks/0nb~_next_dist_0sj1oe1._.js:2431
[  348305ms] [LOG] [Fast Refresh] done in 232ms @ http://localhost:3000/_next/static/chunks/0nb~_next_dist_0sj1oe1._.js:2431
[  348677ms] [LOG] [Fast Refresh] rebuilding @ http://localhost:3000/_next/static/chunks/0nb~_next_dist_0sj1oe1._.js:2431
[  348816ms] [LOG] [Fast Refresh] done in 239ms @ http://localhost:3000/_next/static/chunks/0nb~_next_dist_0sj1oe1._.js:2431
[  349085ms] [LOG] [Fast Refresh] rebuilding @ http://localhost:3000/_next/static/chunks/0nb~_next_dist_0sj1oe1._.js:2431
[  349214ms] [LOG] [Fast Refresh] done in 229ms @ http://localhost:3000/_next/static/chunks/0nb~_next_dist_0sj1oe1._.js:2431
[  349427ms] [LOG] [Fast Refresh] rebuilding @ http://localhost:3000/_next/static/chunks/0nb~_next_dist_0sj1oe1._.js:2431
[  349502ms] [LOG] [Fast Refresh] done in 175ms @ http://localhost:3000/_next/static/chunks/0nb~_next_dist_0sj1oe1._.js:2431
[  351273ms] [LOG] [Fast Refresh] rebuilding @ http://localhost:3000/_next/static/chunks/0nb~_next_dist_0sj1oe1._.js:2431
[  351307ms] [LOG] [Fast Refresh] done in 138ms @ http://localhost:3000/_next/static/chunks/0nb~_next_dist_0sj1oe1._.js:2431
[  351587ms] [LOG] [Fast Refresh] rebuilding @ http://localhost:3000/_next/static/chunks/0nb~_next_dist_0sj1oe1._.js:2431
[  351673ms] [LOG] [Fast Refresh] done in 188ms @ http://localhost:3000/_next/static/chunks/0nb~_next_dist_0sj1oe1._.js:2431
[  351878ms] [LOG] [Fast Refresh] rebuilding @ http://localhost:3000/_next/static/chunks/0nb~_next_dist_0sj1oe1._.js:2431
[  351920ms] [LOG] [Fast Refresh] done in 143ms @ http://localhost:3000/_next/static/chunks/0nb~_next_dist_0sj1oe1._.js:2431
[  352609ms] [LOG] [Fast Refresh] rebuilding @ http://localhost:3000/_next/static/chunks/0nb~_next_dist_0sj1oe1._.js:2431
[  353478ms] [LOG] [Fast Refresh] done in 791ms @ http://localhost:3000/_next/static/chunks/0nb~_next_dist_0sj1oe1._.js:2431
[  353785ms] [LOG] [Fast Refresh] rebuilding @ http://localhost:3000/_next/static/chunks/0nb~_next_dist_0sj1oe1._.js:2431
[  354184ms] [LOG] [Fast Refresh] done in 500ms @ http://localhost:3000/_next/static/chunks/0nb~_next_dist_0sj1oe1._.js:2431
[  354313ms] [LOG] [Fast Refresh] rebuilding @ http://localhost:3000/_next/static/chunks/0nb~_next_dist_0sj1oe1._.js:2431
[  354432ms] [LOG] [Fast Refresh] done in 219ms @ http://localhost:3000/_next/static/chunks/0nb~_next_dist_0sj1oe1._.js:2431
[  354681ms] [LOG] [Fast Refresh] rebuilding @ http://localhost:3000/_next/static/chunks/0nb~_next_dist_0sj1oe1._.js:2431
[  354971ms] [LOG] [Fast Refresh] done in 404ms @ http://localhost:3000/_next/static/chunks/0nb~_next_dist_0sj1oe1._.js:2431
[  355526ms] [LOG] [Fast Refresh] rebuilding @ http://localhost:3000/_next/static/chunks/0nb~_next_dist_0sj1oe1._.js:2431
[  355795ms] [LOG] [Fast Refresh] done in 551ms @ http://localhost:3000/_next/static/chunks/0nb~_next_dist_0sj1oe1._.js:2431
[  357678ms] [LOG] [Fast Refresh] rebuilding @ http://localhost:3000/_next/static/chunks/0nb~_next_dist_0sj1oe1._.js:2431
[  357764ms] [LOG] [Fast Refresh] done in 186ms @ http://localhost:3000/_next/static/chunks/0nb~_next_dist_0sj1oe1._.js:2431
[  358000ms] [LOG] [Fast Refresh] rebuilding @ http://localhost:3000/_next/static/chunks/0nb~_next_dist_0sj1oe1._.js:2431
[  358105ms] [LOG] [Fast Refresh] done in 205ms @ http://localhost:3000/_next/static/chunks/0nb~_next_dist_0sj1oe1._.js:2431
[  359116ms] [LOG] [Fast Refresh] rebuilding @ http://localhost:3000/_next/static/chunks/0nb~_next_dist_0sj1oe1._.js:2431
[  359234ms] [LOG] [Fast Refresh] done in 221ms @ http://localhost:3000/_next/static/chunks/0nb~_next_dist_0sj1oe1._.js:2431
[  359525ms] [LOG] [Fast Refresh] rebuilding @ http://localhost:3000/_next/static/chunks/0nb~_next_dist_0sj1oe1._.js:2431
[  359710ms] [LOG] [Fast Refresh] done in 284ms @ http://localhost:3000/_next/static/chunks/0nb~_next_dist_0sj1oe1._.js:2431
[  361020ms] [LOG] [Fast Refresh] rebuilding @ http://localhost:3000/_next/static/chunks/0nb~_next_dist_0sj1oe1._.js:2431
[  361177ms] [LOG] [Fast Refresh] done in 258ms @ http://localhost:3000/_next/static/chunks/0nb~_next_dist_0sj1oe1._.js:2431
[  361866ms] [LOG] [Fast Refresh] rebuilding @ http://localhost:3000/_next/static/chunks/0nb~_next_dist_0sj1oe1._.js:2431
[  362025ms] [LOG] [Fast Refresh] done in 260ms @ http://localhost:3000/_next/static/chunks/0nb~_next_dist_0sj1oe1._.js:2431
[  362182ms] [LOG] [Fast Refresh] rebuilding @ http://localhost:3000/_next/static/chunks/0nb~_next_dist_0sj1oe1._.js:2431
[  362315ms] [LOG] [Fast Refresh] done in 232ms @ http://localhost:3000/_next/static/chunks/0nb~_next_dist_0sj1oe1._.js:2431
[  362629ms] [LOG] [Fast Refresh] rebuilding @ http://localhost:3000/_next/static/chunks/0nb~_next_dist_0sj1oe1._.js:2431
[  362772ms] [LOG] [Fast Refresh] done in 243ms @ http://localhost:3000/_next/static/chunks/0nb~_next_dist_0sj1oe1._.js:2431
[  363032ms] [LOG] [Fast Refresh] rebuilding @ http://localhost:3000/_next/static/chunks/0nb~_next_dist_0sj1oe1._.js:2431
[  363189ms] [LOG] [Fast Refresh] done in 257ms @ http://localhost:3000/_next/static/chunks/0nb~_next_dist_0sj1oe1._.js:2431
[  364792ms] [LOG] [Fast Refresh] rebuilding @ http://localhost:3000/_next/static/chunks/0nb~_next_dist_0sj1oe1._.js:2431
[  364942ms] [LOG] [Fast Refresh] done in 254ms @ http://localhost:3000/_next/static/chunks/0nb~_next_dist_0sj1oe1._.js:2431
[  365190ms] [LOG] [Fast Refresh] rebuilding @ http://localhost:3000/_next/static/chunks/0nb~_next_dist_0sj1oe1._.js:2431
[  365261ms] [LOG] [Fast Refresh] done in 171ms @ http://localhost:3000/_next/static/chunks/0nb~_next_dist_0sj1oe1._.js:2431
[  365505ms] [LOG] [Fast Refresh] rebuilding @ http://localhost:3000/_next/static/chunks/0nb~_next_dist_0sj1oe1._.js:2431
[  365643ms] [LOG] [Fast Refresh] done in 238ms @ http://localhost:3000/_next/static/chunks/0nb~_next_dist_0sj1oe1._.js:2431
[  369322ms] [LOG] [Fast Refresh] rebuilding @ http://localhost:3000/_next/static/chunks/0nb~_next_dist_0sj1oe1._.js:2431
[  369634ms] [LOG] [Fast Refresh] done in 427ms @ http://localhost:3000/_next/static/chunks/0nb~_next_dist_0sj1oe1._.js:2431
[  370140ms] [LOG] [Fast Refresh] rebuilding @ http://localhost:3000/_next/static/chunks/0nb~_next_dist_0sj1oe1._.js:2431
[  370360ms] [LOG] [Fast Refresh] done in 339ms @ http://localhost:3000/_next/static/chunks/0nb~_next_dist_0sj1oe1._.js:2431
[  370551ms] [LOG] [Fast Refresh] rebuilding @ http://localhost:3000/_next/static/chunks/0nb~_next_dist_0sj1oe1._.js:2431
[  370647ms] [LOG] [Fast Refresh] done in 196ms @ http://localhost:3000/_next/static/chunks/0nb~_next_dist_0sj1oe1._.js:2431
[  370807ms] [LOG] [Fast Refresh] rebuilding @ http://localhost:3000/_next/static/chunks/0nb~_next_dist_0sj1oe1._.js:2431
[  370929ms] [LOG] [Fast Refresh] done in 222ms @ http://localhost:3000/_next/static/chunks/0nb~_next_dist_0sj1oe1._.js:2431
[  371106ms] [LOG] [Fast Refresh] rebuilding @ http://localhost:3000/_next/static/chunks/0nb~_next_dist_0sj1oe1._.js:2431
[  371174ms] [LOG] [Fast Refresh] done in 168ms @ http://localhost:3000/_next/static/chunks/0nb~_next_dist_0sj1oe1._.js:2431
[  372046ms] [LOG] [Fast Refresh] rebuilding @ http://localhost:3000/_next/static/chunks/0nb~_next_dist_0sj1oe1._.js:2431
[  372059ms] [LOG] [Fast Refresh] done in 112ms @ http://localhost:3000/_next/static/chunks/0nb~_next_dist_0sj1oe1._.js:2431
[  372217ms] [LOG] [Fast Refresh] rebuilding @ http://localhost:3000/_next/static/chunks/0nb~_next_dist_0sj1oe1._.js:2431
[  372345ms] [LOG] [Fast Refresh] done in 228ms @ http://localhost:3000/_next/static/chunks/0nb~_next_dist_0sj1oe1._.js:2431
[  372715ms] [LOG] [Fast Refresh] rebuilding @ http://localhost:3000/_next/static/chunks/0nb~_next_dist_0sj1oe1._.js:2431
[  372733ms] [LOG] [Fast Refresh] done in 118ms @ http://localhost:3000/_next/static/chunks/0nb~_next_dist_0sj1oe1._.js:2431
[  373664ms] [LOG] [Fast Refresh] rebuilding @ http://localhost:3000/_next/static/chunks/0nb~_next_dist_0sj1oe1._.js:2431
[  373690ms] [LOG] [Fast Refresh] done in 126ms @ http://localhost:3000/_next/static/chunks/0nb~_next_dist_0sj1oe1._.js:2431
[  374247ms] [LOG] [Fast Refresh] rebuilding @ http://localhost:3000/_next/static/chunks/0nb~_next_dist_0sj1oe1._.js:2431
[  374321ms] [LOG] [Fast Refresh] done in 179ms @ http://localhost:3000/_next/static/chunks/0nb~_next_dist_0sj1oe1._.js:2431
[  374661ms] [LOG] [Fast Refresh] rebuilding @ http://localhost:3000/_next/static/chunks/0nb~_next_dist_0sj1oe1._.js:2431
[  374715ms] [LOG] [Fast Refresh] done in 155ms @ http://localhost:3000/_next/static/chunks/0nb~_next_dist_0sj1oe1._.js:2431
[  419639ms] [LOG] [Fast Refresh] rebuilding @ http://localhost:3000/_next/static/chunks/0nb~_next_dist_0sj1oe1._.js:2431
[  419742ms] [LOG] [Fast Refresh] done in 165ms @ http://localhost:3000/_next/static/chunks/0nb~_next_dist_0sj1oe1._.js:2431
[  419843ms] [LOG] [Fast Refresh] rebuilding @ http://localhost:3000/_next/static/chunks/0nb~_next_dist_0sj1oe1._.js:2431
[  419853ms] [LOG] [Fast Refresh] done in 110ms @ http://localhost:3000/_next/static/chunks/0nb~_next_dist_0sj1oe1._.js:2431
[  438954ms] [LOG] [Fast Refresh] rebuilding @ http://localhost:3000/_next/static/chunks/0nb~_next_dist_0sj1oe1._.js:2431
[  439050ms] [LOG] [Fast Refresh] done in 116ms @ http://localhost:3000/_next/static/chunks/0nb~_next_dist_0sj1oe1._.js:2431
[  455920ms] [LOG] [Fast Refresh] rebuilding @ http://localhost:3000/_next/static/chunks/0nb~_next_dist_0sj1oe1._.js:2431
[  455966ms] [LOG] [Fast Refresh] done in 111ms @ http://localhost:3000/_next/static/chunks/0nb~_next_dist_0sj1oe1._.js:2431
[  574517ms] [ERROR] WebSocket connection to 'ws://localhost:3000/_next/webpack-hmr?id=dPapv_y8DiHAndgKTMPHq' failed: Error in connection establishment: net::ERR_CONNECTION_REFUSED @ http://localhost:3000/_next/static/chunks/0nb~_next_dist_client_0b-i216._.js:13299
[  575520ms] [ERROR] WebSocket connection to 'ws://localhost:3000/_next/webpack-hmr?id=dPapv_y8DiHAndgKTMPHq' failed: Error in connection establishment: net::ERR_CONNECTION_REFUSED @ http://localhost:3000/_next/static/chunks/0nb~_next_dist_client_0b-i216._.js:13299
[  576523ms] [ERROR] WebSocket connection to 'ws://localhost:3000/_next/webpack-hmr?id=dPapv_y8DiHAndgKTMPHq' failed: Error in connection establishment: net::ERR_CONNECTION_REFUSED @ http://localhost:3000/_next/static/chunks/0nb~_next_dist_client_0b-i216._.js:13299
[  577529ms] [ERROR] WebSocket connection to 'ws://localhost:3000/_next/webpack-hmr?id=dPapv_y8DiHAndgKTMPHq' failed: Error in connection establishment: net::ERR_CONNECTION_REFUSED @ http://localhost:3000/_next/static/chunks/0nb~_next_dist_client_0b-i216._.js:13299
[  578532ms] [ERROR] WebSocket connection to 'ws://localhost:3000/_next/webpack-hmr?id=dPapv_y8DiHAndgKTMPHq' failed: Error in connection establishment: net::ERR_CONNECTION_REFUSED @ http://localhost:3000/_next/static/chunks/0nb~_next_dist_client_0b-i216._.js:13299
[  583536ms] [ERROR] WebSocket connection to 'ws://localhost:3000/_next/webpack-hmr?id=dPapv_y8DiHAndgKTMPHq' failed: Error in connection establishment: net::ERR_CONNECTION_REFUSED @ http://localhost:3000/_next/static/chunks/0nb~_next_dist_client_0b-i216._.js:13299
[  588540ms] [ERROR] WebSocket connection to 'ws://localhost:3000/_next/webpack-hmr?id=dPapv_y8DiHAndgKTMPHq' failed: Error in connection establishment: net::ERR_CONNECTION_REFUSED @ http://localhost:3000/_next/static/chunks/0nb~_next_dist_client_0b-i216._.js:13299
[  593558ms] [ERROR] WebSocket connection to 'ws://localhost:3000/_next/webpack-hmr?id=dPapv_y8DiHAndgKTMPHq' failed: Error in connection establishment: net::ERR_CONNECTION_REFUSED @ http://localhost:3000/_next/static/chunks/0nb~_next_dist_client_0b-i216._.js:13299
[  598584ms] [ERROR] WebSocket connection to 'ws://localhost:3000/_next/webpack-hmr?id=dPapv_y8DiHAndgKTMPHq' failed: Error in connection establishment: net::ERR_CONNECTION_REFUSED @ http://localhost:3000/_next/static/chunks/0nb~_next_dist_client_0b-i216._.js:13299
[  603631ms] [ERROR] WebSocket connection to 'ws://localhost:3000/_next/webpack-hmr?id=dPapv_y8DiHAndgKTMPHq' failed: Error in connection establishment: net::ERR_CONNECTION_REFUSED @ http://localhost:3000/_next/static/chunks/0nb~_next_dist_client_0b-i216._.js:13299
[  608736ms] [ERROR] WebSocket connection to 'ws://localhost:3000/_next/webpack-hmr?id=dPapv_y8DiHAndgKTMPHq' failed: Error in connection establishment: net::ERR_CONNECTION_REFUSED @ http://localhost:3000/_next/static/chunks/0nb~_next_dist_client_0b-i216._.js:13299
[  614041ms] [ERROR] WebSocket connection to 'ws://localhost:3000/_next/webpack-hmr?id=dPapv_y8DiHAndgKTMPHq' failed: Error in connection establishment: net::ERR_CONNECTION_REFUSED @ http://localhost:3000/_next/static/chunks/0nb~_next_dist_client_0b-i216._.js:13299
