[    1312ms] [INFO] %cDownload the React DevTools for a better development experience: https://react.dev/link/react-devtools font-weight:bold @ http://localhost:3000/_next/static/chunks/0nb~_next_dist_0sj1oe1._.js:2431
[    1392ms] [LOG] [HMR] connected @ http://localhost:3000/_next/static/chunks/0nb~_next_dist_0sj1oe1._.js:2431
[  184861ms] [LOG] [Fast Refresh] rebuilding @ http://localhost:3000/_next/static/chunks/0nb~_next_dist_0sj1oe1._.js:2431
[  185386ms] [LOG] [Fast Refresh] done in 604ms @ http://localhost:3000/_next/static/chunks/0nb~_next_dist_0sj1oe1._.js:2431
[  235028ms] [LOG] [Fast Refresh] rebuilding @ http://localhost:3000/_next/static/chunks/0nb~_next_dist_0sj1oe1._.js:2431
[  235051ms] [LOG] [Fast Refresh] done in 98ms @ http://localhost:3000/_next/static/chunks/0nb~_next_dist_0sj1oe1._.js:2431
[  281270ms] [LOG] [Fast Refresh] rebuilding @ http://localhost:3000/_next/static/chunks/0nb~_next_dist_0sj1oe1._.js:2431
[  281333ms] [LOG] [Fast Refresh] done in 143ms @ http://localhost:3000/_next/static/chunks/0nb~_next_dist_0sj1oe1._.js:2431
[  369071ms] [LOG] [Fast Refresh] rebuilding @ http://localhost:3000/_next/static/chunks/0nb~_next_dist_0sj1oe1._.js:2431
[  369123ms] [LOG] [Fast Refresh] done in 130ms @ http://localhost:3000/_next/static/chunks/0nb~_next_dist_0sj1oe1._.js:2431
[  407932ms] [LOG] [Fast Refresh] rebuilding @ http://localhost:3000/_next/static/chunks/0nb~_next_dist_0sj1oe1._.js:2431
[  407956ms] [LOG] [Fast Refresh] done in 91ms @ http://localhost:3000/_next/static/chunks/0nb~_next_dist_0sj1oe1._.js:2431
[  538681ms] [LOG] [Fast Refresh] rebuilding @ http://localhost:3000/_next/static/chunks/0nb~_next_dist_0sj1oe1._.js:2431
[  538747ms] [LOG] [Fast Refresh] done in 145ms @ http://localhost:3000/_next/static/chunks/0nb~_next_dist_0sj1oe1._.js:2431
[  547744ms] [LOG] [Fast Refresh] rebuilding @ http://localhost:3000/_next/static/chunks/0nb~_next_dist_0sj1oe1._.js:2431
[  547767ms] [LOG] [Fast Refresh] done in 91ms @ http://localhost:3000/_next/static/chunks/0nb~_next_dist_0sj1oe1._.js:2431
[  558163ms] [LOG] [Fast Refresh] rebuilding @ http://localhost:3000/_next/static/chunks/0nb~_next_dist_0sj1oe1._.js:2431
[  558183ms] [LOG] [Fast Refresh] done in 96ms @ http://localhost:3000/_next/static/chunks/0nb~_next_dist_0sj1oe1._.js:2431
[  582001ms] [LOG] [Fast Refresh] rebuilding @ http://localhost:3000/_next/static/chunks/0nb~_next_dist_0sj1oe1._.js:2431
[  582022ms] [LOG] [Fast Refresh] done in 94ms @ http://localhost:3000/_next/static/chunks/0nb~_next_dist_0sj1oe1._.js:2431
[  598657ms] [LOG] [Fast Refresh] rebuilding @ http://localhost:3000/_next/static/chunks/0nb~_next_dist_0sj1oe1._.js:2431
[  598679ms] [LOG] [Fast Refresh] done in 97ms @ http://localhost:3000/_next/static/chunks/0nb~_next_dist_0sj1oe1._.js:2431
[  615809ms] [LOG] [Fast Refresh] rebuilding @ http://localhost:3000/_next/static/chunks/0nb~_next_dist_0sj1oe1._.js:2431
[  615833ms] [LOG] [Fast Refresh] done in 85ms @ http://localhost:3000/_next/static/chunks/0nb~_next_dist_0sj1oe1._.js:2431
[  635562ms] [LOG] [Fast Refresh] rebuilding @ http://localhost:3000/_next/static/chunks/0nb~_next_dist_0sj1oe1._.js:2431
[  635600ms] [LOG] [Fast Refresh] done in 115ms @ http://localhost:3000/_next/static/chunks/0nb~_next_dist_0sj1oe1._.js:2431
[  670201ms] [LOG] [Fast Refresh] rebuilding @ http://localhost:3000/_next/static/chunks/0nb~_next_dist_0sj1oe1._.js:2431
[  670345ms] [LOG] [Fast Refresh] done in 226ms @ http://localhost:3000/_next/static/chunks/0nb~_next_dist_0sj1oe1._.js:2431
[ 1076332ms] [LOG] [Fast Refresh] rebuilding @ http://localhost:3000/_next/static/chunks/0nb~_next_dist_0sj1oe1._.js:2431
[ 1076426ms] [LOG] [Fast Refresh] done in 194ms @ http://localhost:3000/_next/static/chunks/0nb~_next_dist_0sj1oe1._.js:2431
[ 1146199ms] [LOG] [Fast Refresh] rebuilding @ http://localhost:3000/_next/static/chunks/0nb~_next_dist_0sj1oe1._.js:2431
[ 1147285ms] [LOG] [Fast Refresh] done in 1180ms @ http://localhost:3000/_next/static/chunks/0nb~_next_dist_0sj1oe1._.js:2431
[ 1147614ms] [LOG] [Fast Refresh] rebuilding @ http://localhost:3000/_next/static/chunks/0nb~_next_dist_0sj1oe1._.js:2431
[ 1147643ms] [LOG] [Fast Refresh] done in 129ms @ http://localhost:3000/_next/static/chunks/0nb~_next_dist_0sj1oe1._.js:2431
[ 1148243ms] [LOG] [Fast Refresh] rebuilding @ http://localhost:3000/_next/static/chunks/0nb~_next_dist_0sj1oe1._.js:2431
[ 1148262ms] [LOG] [Fast Refresh] done in 118ms @ http://localhost:3000/_next/static/chunks/0nb~_next_dist_0sj1oe1._.js:2431
